Archive member included because of file (symbol)

C:\Users\mtstacho\Desktop\grideye\SoftConsole\grideye_mss_MSS_CM3_0\grideye_mss_MSS_CM3_0_hw_platform\Debug\libgrideye_mss_MSS_CM3_0_hw_platform.a(mss_uart.o)
                              C:/Users/mtstacho/Desktop/grideye/SoftConsole/grideye_mss_MSS_CM3_0/grideye_mss_MSS_CM3_0_hw_platform/Debug/CMSIS/startup_gcc/newlib_stubs.o (g_mss_uart0)
C:\Users\mtstacho\Desktop\grideye\SoftConsole\grideye_mss_MSS_CM3_0\grideye_mss_MSS_CM3_0_hw_platform\Debug\libgrideye_mss_MSS_CM3_0_hw_platform.a(mss_i2c.o)
                              ./main.o (g_mss_i2c1)
C:\Users\mtstacho\Desktop\grideye\SoftConsole\grideye_mss_MSS_CM3_0\grideye_mss_MSS_CM3_0_hw_platform\Debug\libgrideye_mss_MSS_CM3_0_hw_platform.a(core_cm3.o)
                              C:\Users\mtstacho\Desktop\grideye\SoftConsole\grideye_mss_MSS_CM3_0\grideye_mss_MSS_CM3_0_hw_platform\Debug\libgrideye_mss_MSS_CM3_0_hw_platform.a(mss_i2c.o) (__get_PRIMASK)
C:\Users\mtstacho\Desktop\grideye\SoftConsole\grideye_mss_MSS_CM3_0\grideye_mss_MSS_CM3_0_hw_platform\Debug\libgrideye_mss_MSS_CM3_0_hw_platform.a(system_a2fxxxm3.o)
                              C:\Users\mtstacho\Desktop\grideye\SoftConsole\grideye_mss_MSS_CM3_0\grideye_mss_MSS_CM3_0_hw_platform\Debug\libgrideye_mss_MSS_CM3_0_hw_platform.a(mss_uart.o) (g_FrequencyPCLK0)
c:/microsemi/softconsole v3.3/sourcery-g++/bin/../lib/gcc/arm-none-eabi/4.4.1/thumb2\libgcc.a(_arm_addsubdf3.o)
                              ./main.o (__aeabi_f2d)
c:/microsemi/softconsole v3.3/sourcery-g++/bin/../lib/gcc/arm-none-eabi/4.4.1/thumb2\libgcc.a(_arm_addsubsf3.o)
                              ./main.o (__aeabi_i2f)
c:/microsemi/softconsole v3.3/sourcery-g++/bin/../lib/gcc/arm-none-eabi/4.4.1/thumb2\libgcc.a(_arm_muldivsf3.o)
                              ./main.o (__aeabi_fmul)
c:/microsemi/softconsole v3.3/sourcery-g++/bin/../lib/gcc/arm-none-eabi/4.4.1/../../../../arm-none-eabi/lib/thumb2\libc.a(lib_a-errno.o)
                              C:/Users/mtstacho/Desktop/grideye/SoftConsole/grideye_mss_MSS_CM3_0/grideye_mss_MSS_CM3_0_hw_platform/Debug/CMSIS/startup_gcc/newlib_stubs.o (__errno)
c:/microsemi/softconsole v3.3/sourcery-g++/bin/../lib/gcc/arm-none-eabi/4.4.1/../../../../arm-none-eabi/lib/thumb2\libc.a(lib_a-impure.o)
                              c:/microsemi/softconsole v3.3/sourcery-g++/bin/../lib/gcc/arm-none-eabi/4.4.1/../../../../arm-none-eabi/lib/thumb2\libc.a(lib_a-errno.o) (_impure_ptr)
c:/microsemi/softconsole v3.3/sourcery-g++/bin/../lib/gcc/arm-none-eabi/4.4.1/../../../../arm-none-eabi/lib/thumb2\libc.a(lib_a-init.o)
                              C:/Users/mtstacho/Desktop/grideye/SoftConsole/grideye_mss_MSS_CM3_0/grideye_mss_MSS_CM3_0_hw_platform/Debug/CMSIS/startup_gcc/startup_a2fxxxm3.o (__libc_init_array)
c:/microsemi/softconsole v3.3/sourcery-g++/bin/../lib/gcc/arm-none-eabi/4.4.1/../../../../arm-none-eabi/lib/thumb2\libc.a(lib_a-memset.o)
                              ./main.o (memset)
c:/microsemi/softconsole v3.3/sourcery-g++/bin/../lib/gcc/arm-none-eabi/4.4.1/../../../../arm-none-eabi/lib/thumb2\libc.a(lib_a-printf.o)
                              ./main.o (printf)
c:/microsemi/softconsole v3.3/sourcery-g++/bin/../lib/gcc/arm-none-eabi/4.4.1/../../../../arm-none-eabi/lib/thumb2\libc.a(lib_a-vfprintf.o)
                              c:/microsemi/softconsole v3.3/sourcery-g++/bin/../lib/gcc/arm-none-eabi/4.4.1/../../../../arm-none-eabi/lib/thumb2\libc.a(lib_a-printf.o) (_vfprintf_r)
c:/microsemi/softconsole v3.3/sourcery-g++/bin/../lib/gcc/arm-none-eabi/4.4.1/../../../../arm-none-eabi/lib/thumb2\libc.a(lib_a-wsetup.o)
                              c:/microsemi/softconsole v3.3/sourcery-g++/bin/../lib/gcc/arm-none-eabi/4.4.1/../../../../arm-none-eabi/lib/thumb2\libc.a(lib_a-vfprintf.o) (__swsetup_r)
c:/microsemi/softconsole v3.3/sourcery-g++/bin/../lib/gcc/arm-none-eabi/4.4.1/../../../../arm-none-eabi/lib/thumb2\libc.a(lib_a-dtoa.o)
                              c:/microsemi/softconsole v3.3/sourcery-g++/bin/../lib/gcc/arm-none-eabi/4.4.1/../../../../arm-none-eabi/lib/thumb2\libc.a(lib_a-vfprintf.o) (_dtoa_r)
c:/microsemi/softconsole v3.3/sourcery-g++/bin/../lib/gcc/arm-none-eabi/4.4.1/../../../../arm-none-eabi/lib/thumb2\libc.a(lib_a-fflush.o)
                              c:/microsemi/softconsole v3.3/sourcery-g++/bin/../lib/gcc/arm-none-eabi/4.4.1/../../../../arm-none-eabi/lib/thumb2\libc.a(lib_a-vfprintf.o) (_fflush_r)
c:/microsemi/softconsole v3.3/sourcery-g++/bin/../lib/gcc/arm-none-eabi/4.4.1/../../../../arm-none-eabi/lib/thumb2\libc.a(lib_a-findfp.o)
                              c:/microsemi/softconsole v3.3/sourcery-g++/bin/../lib/gcc/arm-none-eabi/4.4.1/../../../../arm-none-eabi/lib/thumb2\libc.a(lib_a-printf.o) (__sinit)
c:/microsemi/softconsole v3.3/sourcery-g++/bin/../lib/gcc/arm-none-eabi/4.4.1/../../../../arm-none-eabi/lib/thumb2\libc.a(lib_a-freer.o)
[...]
Memory Configuration

Name             Origin             Length             Attributes
ram              0x20000000         0x00010000         xrw
*default*        0x00000000         0xffffffff

Linker script and memory map

LOAD c:/microsemi/softconsole v3.3/sourcery-g++/bin/../lib/gcc/arm-none-eabi/4.4.1/thumb2/crti.o
LOAD c:/microsemi/softconsole v3.3/sourcery-g++/bin/../lib/gcc/arm-none-eabi/4.4.1/thumb2/crtbegin.o
LOAD ./main.o
LOAD C:/Users/mtstacho/Desktop/grideye/SoftConsole/grideye_mss_MSS_CM3_0/grideye_mss_MSS_CM3_0_hw_platform/Debug/CMSIS/startup_gcc/startup_a2fxxxm3.o
LOAD C:/Users/mtstacho/Desktop/grideye/SoftConsole/grideye_mss_MSS_CM3_0/grideye_mss_MSS_CM3_0_hw_platform/Debug/CMSIS/startup_gcc/newlib_stubs.o
LOAD C:\Users\mtstacho\Desktop\grideye\SoftConsole\grideye_mss_MSS_CM3_0\grideye_mss_MSS_CM3_0_hw_platform\Debug\libgrideye_mss_MSS_CM3_0_hw_platform.a
START GROUP
LOAD c:/microsemi/softconsole v3.3/sourcery-g++/bin/../lib/gcc/arm-none-eabi/4.4.1/thumb2\libgcc.a
LOAD c:/microsemi/softconsole v3.3/sourcery-g++/bin/../lib/gcc/arm-none-eabi/4.4.1/../../../../arm-none-eabi/lib/thumb2\libc.a
END GROUP
LOAD c:/microsemi/softconsole v3.3/sourcery-g++/bin/../lib/gcc/arm-none-eabi/4.4.1/thumb2/crtend.o
LOAD c:/microsemi/softconsole v3.3/sourcery-g++/bin/../lib/gcc/arm-none-eabi/4.4.1/thumb2/crtn.o
START GROUP
LOAD c:/microsemi/softconsole v3.3/sourcery-g++/bin/../lib/gcc/arm-none-eabi/4.4.1/../../../../arm-none-eabi/lib/thumb2\libc.a
LOAD c:/microsemi/softconsole v3.3/sourcery-g++/bin/../lib/gcc/arm-none-eabi/4.4.1/thumb2\libgcc.a
LOAD c:/microsemi/softconsole v3.3/sourcery-g++/bin/../lib/gcc/arm-none-eabi/4.4.1/../../../../arm-none-eabi/lib/thumb2\libm.a
END GROUP
                0x00000000                __DYNAMIC = 0x0
                0x20000000                RAM_START_ADDRESS = 0x20000000
                0x00010000                RAM_SIZE = 0x10000
                0x00002000                MAIN_STACK_SIZE = 0x2000
                0x00001000                PROCESS_STACK_SIZE = 0x1000
                0x20010000                PROVIDE (__main_stack_start, (RAM_START_ADDRESS + RAM_SIZE))
                0x2000e000                PROVIDE (__process_stack_start, (__main_stack_start - MAIN_STACK_SIZE))
                0x20010000                PROVIDE (_estack, __main_stack_start)
                0x00000000                PROVIDE (__mirrored_nvm, 0x0)

.text           0x20000000     0x8a20
 CREATE_OBJECT_SYMBOLS
                0x20000000                __text_load = LOADADDR (.text)
                0x20000000                __text_start = .
                0x20000000                __vector_table_vma_base_address = .
 *(.isr_vector)
 .isr_vector    0x20000000      0x470 C:/Users/mtstacho/Desktop/grideye/SoftConsole/grideye_mss_MSS_CM3_0/grideye_mss_MSS_CM3_0_hw_platform/Debug/CMSIS/startup_gcc/startup_a2fxxxm3.o
                0x20000000                g_pfnVectors
                0x20000298                Reset_Handler
                0x20000308                NMI_Handler
                0x2000030a                HardFault_Handler
                0x2000030c                MemManage_Handler
                0x2000030e                BusFault_Handler
                0x20000310                UsageFault_Handler
                0x20000312                SVC_Handler
                0x20000314                DebugMon_Handler
                0x20000316                PendSV_Handler
                0x20000318                SysTick_Handler
                0x2000031a                WdogWakeup_IRQHandler
                0x2000031c                BrownOut_1_5V_IRQHandler
                0x2000031e                BrownOut_3_3V_IRQHandler
                0x20000320                RTC_Match_IRQHandler
                0x20000322                RTCIF_Pub_IRQHandler
                0x20000324                EthernetMAC_IRQHandler
                0x20000326                IAP_IRQHandler
                0x20000328                ENVM0_IRQHandler
                0x2000032a                ENVM1_IRQHandler
                0x2000032c                DMA_IRQHandler
                0x20000332                SPI0_IRQHandler
                0x20000334                SPI1_IRQHandler
                0x20000338                I2C0_SMBAlert_IRQHandler
                0x2000033a                I2C0_SMBus_IRQHandler
                0x2000033e                I2C1_SMBAlert_IRQHandler
                0x20000340                I2C1_SMBus_IRQHandler
                0x20000342                Timer1_IRQHandler
                0x20000344                Timer2_IRQHandler
                0x20000346                PLL_Lock_IRQHandler
                0x20000348                PLL_LockLost_IRQHandler
                0x2000034a                CommError_IRQHandler
                0x2000034c                Fabric_IRQHandler
                0x2000034e                GPIO0_IRQHandler
                0x20000350                GPIO1_IRQHandler
                0x20000352                GPIO2_IRQHandler
                0x20000354                GPIO3_IRQHandler
                0x20000356                GPIO4_IRQHandler
                0x20000358                GPIO5_IRQHandler
                0x2000035a                GPIO6_IRQHandler
                0x2000035c                GPIO7_IRQHandler
                0x2000035e                GPIO8_IRQHandler
                0x20000360                GPIO9_IRQHandler
                0x20000362                GPIO10_IRQHandler
                0x20000364                GPIO11_IRQHandler
                0x20000366                GPIO12_IRQHandler
                0x20000368                GPIO13_IRQHandler
                0x2000036a                GPIO14_IRQHandler
                0x2000036c                GPIO15_IRQHandler
                0x2000036e                GPIO16_IRQHandler
                0x20000370                GPIO17_IRQHandler
                0x20000372                GPIO18_IRQHandler
                0x20000374                GPIO19_IRQHandler
                0x20000376                GPIO20_IRQHandler
                0x20000378                GPIO21_IRQHandler
                0x2000037a                GPIO22_IRQHandler
                0x2000037c                GPIO23_IRQHandler
                0x2000037e                GPIO24_IRQHandler
                0x20000380                GPIO25_IRQHandler
                0x20000382                GPIO26_IRQHandler
                0x20000384                GPIO27_IRQHandler
                0x20000386                GPIO28_IRQHandler
                0x20000388                GPIO29_IRQHandler
                0x2000038a                GPIO30_IRQHandler
                0x2000038c                GPIO31_IRQHandler
                0x2000038e                ACE_PC0_Flag0_IRQHandler
                0x20000390                ACE_PC0_Flag1_IRQHandler
                0x20000392                ACE_PC0_Flag2_IRQHandler
                0x20000394                ACE_PC0_Flag3_IRQHandler
                0x20000396                ACE_PC1_Flag0_IRQHandler
                0x20000398                ACE_PC1_Flag1_IRQHandler
                0x2000039a                ACE_PC1_Flag2_IRQHandler
                0x2000039c                ACE_PC1_Flag3_IRQHandler
                0x2000039e                ACE_PC2_Flag0_IRQHandler
                0x200003a0                ACE_PC2_Flag1_IRQHandler
                0x200003a2                ACE_PC2_Flag2_IRQHandler
                0x200003a4                ACE_PC2_Flag3_IRQHandler
                0x200003a6                ACE_ADC0_DataValid_IRQHandler
                0x200003a8                ACE_ADC1_DataValid_IRQHandler
                0x200003aa                ACE_ADC2_DataValid_IRQHandler
                0x200003ac                ACE_ADC0_CalDone_IRQHandler
                0x200003ae                ACE_ADC1_CalDone_IRQHandler
                0x200003b0                ACE_ADC2_CalDone_IRQHandler
                0x200003b2                ACE_ADC0_CalStart_IRQHandler
                0x200003b4                ACE_ADC1_CalStart_IRQHandler
                0x200003b6                ACE_ADC2_CalStart_IRQHandler
                0x200003b8                ACE_Comp0_Fall_IRQHandler
                0x200003ba                ACE_Comp1_Fall_IRQHandler
                0x200003bc                ACE_Comp2_Fall_IRQHandler
                0x200003be                ACE_Comp3_Fall_IRQHandler
                0x200003c0                ACE_Comp4_Fall_IRQHandler
                0x200003c2                ACE_Comp5_Fall_IRQHandler
                0x200003c4                ACE_Comp6_Fall_IRQHandler
                0x200003c6                ACE_Comp7_Fall_IRQHandler
                0x200003c8                ACE_Comp8_Fall_IRQHandler
                0x200003ca                ACE_Comp9_Fall_IRQHandler
                0x200003cc                ACE_Comp10_Fall_IRQHandler
                0x200003ce                ACE_Comp11_Fall_IRQHandler
                0x200003d0                ACE_Comp0_Rise_IRQHandler
                0x200003d2                ACE_Comp1_Rise_IRQHandler
                0x200003d4                ACE_Comp2_Rise_IRQHandler
                0x200003d6                ACE_Comp3_Rise_IRQHandler
                0x200003d8                ACE_Comp4_Rise_IRQHandler
                0x200003da                ACE_Comp5_Rise_IRQHandler
                0x200003dc                ACE_Comp6_Rise_IRQHandler
                0x200003de                ACE_Comp7_Rise_IRQHandler
                0x200003e0                ACE_Comp8_Rise_IRQHandler
                0x200003e2                ACE_Comp9_Rise_IRQHandler
                0x200003e4                ACE_Comp10_Rise_IRQHandler
                0x200003e6                ACE_Comp11_Rise_IRQHandler
                0x200003e8                ACE_ADC0_FifoFull_IRQHandler
                0x200003ea                ACE_ADC0_FifoAFull_IRQHandler
                0x200003ec                ACE_ADC0_FifoEmpty_IRQHandler
                0x200003ee                ACE_ADC1_FifoFull_IRQHandler
                0x200003f0                ACE_ADC1_FifoAFull_IRQHandler
                0x200003f2                ACE_ADC1_FifoEmpty_IRQHandler
                0x200003f4                ACE_ADC2_FifoFull_IRQHandler
                0x200003f6                ACE_ADC2_FifoAFull_IRQHandler
                0x200003f8                ACE_ADC2_FifoEmpty_IRQHandler
                0x200003fa                ACE_PPE_Flag0_IRQHandler
                0x200003fc                ACE_PPE_Flag1_IRQHandler
                0x200003fe                ACE_PPE_Flag2_IRQHandler
                0x20000400                ACE_PPE_Flag3_IRQHandler
                0x20000402                ACE_PPE_Flag4_IRQHandler
                0x20000404                ACE_PPE_Flag5_IRQHandler
                0x20000406                ACE_PPE_Flag6_IRQHandler
                0x20000408                ACE_PPE_Flag7_IRQHandler
                0x2000040a                ACE_PPE_Flag8_IRQHandler
                0x2000040c                ACE_PPE_Flag9_IRQHandler
                0x2000040e                ACE_PPE_Flag10_IRQHandler
                0x20000410                ACE_PPE_Flag11_IRQHandler
                0x20000412                ACE_PPE_Flag12_IRQHandler
                0x20000414                ACE_PPE_Flag13_IRQHandler
                0x20000416                ACE_PPE_Flag14_IRQHandler
                0x20000418                ACE_PPE_Flag15_IRQHandler
                0x2000041a                ACE_PPE_Flag16_IRQHandler
                0x2000041c                ACE_PPE_Flag17_IRQHandler
                0x2000041e                ACE_PPE_Flag18_IRQHandler
                0x20000420                ACE_PPE_Flag19_IRQHandler
                0x20000422                ACE_PPE_Flag20_IRQHandler
                0x20000424                ACE_PPE_Flag21_IRQHandler
                0x20000426                ACE_PPE_Flag22_IRQHandler
                0x20000428                ACE_PPE_Flag23_IRQHandler
                0x2000042a                ACE_PPE_Flag24_IRQHandler
                0x2000042c                ACE_PPE_Flag25_IRQHandler
                0x2000042e                ACE_PPE_Flag26_IRQHandler
                0x20000430                ACE_PPE_Flag27_IRQHandler
                0x20000432                ACE_PPE_Flag28_IRQHandler
                0x20000434                ACE_PPE_Flag29_IRQHandler
                0x20000436                ACE_PPE_Flag30_IRQHandler
                0x20000438                ACE_PPE_Flag31_IRQHandler
 *(.text .text.* .gnu.linkonce.t.*)
 .text          0x20000470       0x30 c:/microsemi/softconsole v3.3/sourcery-g++/bin/../lib/gcc/arm-none-eabi/4.4.1/thumb2/crtbegin.o
 .text.gridEYE_write
                0x200004a0       0x50 ./main.o
                0x200004a0                gridEYE_write
 .text.gridEYE_read
                0x200004f0       0x48 ./main.o
                0x200004f0                gridEYE_read
 .text.raw_to_temp
                0x20000538       0x54 ./main.o
                0x20000538                raw_to_temp
 .text.get_temps
                0x2000058c       0x68 ./main.o
                0x2000058c                get_temps
 .text.main     0x200005f4      0x158 ./main.o
                0x200005f4                main
 .text._close   0x2000074c       0x18 C:/Users/mtstacho/Desktop/grideye/SoftConsole/grideye_mss_MSS_CM3_0/grideye_mss_MSS_CM3_0_hw_platform/Debug/CMSIS/startup_gcc/newlib_stubs.o
                0x2000074c                _close
 .text._exit    0x20000764        0xc C:/Users/mtstacho/Desktop/grideye/SoftConsole/grideye_mss_MSS_CM3_0/grideye_mss_MSS_CM3_0_hw_platform/Debug/CMSIS/startup_gcc/newlib_stubs.o
                0x20000764                _exit
 .text._fstat   0x20000770       0x24 C:/Users/mtstacho/Desktop/grideye/SoftConsole/grideye_mss_MSS_CM3_0/grideye_mss_MSS_CM3_0_hw_platform/Debug/CMSIS/startup_gcc/newlib_stubs.o
                0x20000770                _fstat
 .text._isatty  0x20000794       0x18 C:/Users/mtstacho/Desktop/grideye/SoftConsole/grideye_mss_MSS_CM3_0/grideye_mss_MSS_CM3_0_hw_platform/Debug/CMSIS/startup_gcc/newlib_stubs.o
                0x20000794                _isatty
 .text._lseek   0x200007ac       0x1c C:/Users/mtstacho/Desktop/grideye/SoftConsole/grideye_mss_MSS_CM3_0/grideye_mss_MSS_CM3_0_hw_platform/Debug/CMSIS/startup_gcc/newlib_stubs.o
                0x200007ac                _lseek
 .text._read    0x200007c8       0x1c C:/Users/mtstacho/Desktop/grideye/SoftConsole/grideye_mss_MSS_CM3_0/grideye_mss_MSS_CM3_0_hw_platform/Debug/CMSIS/startup_gcc/newlib_stubs.o
                0x200007c8                _read
 .text._write_r
                0x200007e4       0x5c C:/Users/mtstacho/Desktop/grideye/SoftConsole/grideye_mss_MSS_CM3_0/grideye_mss_MSS_CM3_0_hw_platform/Debug/CMSIS/startup_gcc/newlib_stubs.o
                0x200007e4                _write_r
 .text._sbrk    0x20000840       0x94 C:/Users/mtstacho/Desktop/grideye/SoftConsole/grideye_mss_MSS_CM3_0/grideye_mss_MSS_CM3_0_hw_platform/Debug/CMSIS/startup_gcc/newlib_stubs.o
                0x20000840                _sbrk
 .text.NVIC_ClearPendingIRQ
                0x200008d4       0x3c C:\Users\mtstacho\Desktop\grideye\SoftConsole\grideye_mss_MSS_CM3_0\grideye_mss_MSS_CM3_0_hw_platform\Debug\libgrideye_mss_MSS_CM3_0_hw_platform.a(mss_uart.o)
 .text.MSS_UART_init
                0x20000910      0x204 C:\Users\mtstacho\Desktop\grideye\SoftConsole\grideye_mss_MSS_CM3_0\grideye_mss_MSS_CM3_0_hw_platform\Debug\libgrideye_mss_MSS_CM3_0_hw_platform.a(mss_uart.o)
                0x20000910                MSS_UART_init
 .text.MSS_UART_polled_tx
                0x20000b14       0xe4 C:\Users\mtstacho\Desktop\grideye\SoftConsole\grideye_mss_MSS_CM3_0\grideye_mss_MSS_CM3_0_hw_platform\Debug\libgrideye_mss_MSS_CM3_0_hw_platform.a(mss_uart.o)
                0x20000b14                MSS_UART_polled_tx
 .text.MSS_UART_isr
                0x20000bf8      0x11c C:\Users\mtstacho\Desktop\grideye\SoftConsole\grideye_mss_MSS_CM3_0\grideye_mss_MSS_CM3_0_hw_platform\Debug\libgrideye_mss_MSS_CM3_0_hw_platform.a(mss_uart.o)
 .text.default_tx_handler
                0x20000d14      0x108 C:\Users\mtstacho\Desktop\grideye\SoftConsole\grideye_mss_MSS_CM3_0\grideye_mss_MSS_CM3_0_hw_platform\Debug\libgrideye_mss_MSS_CM3_0_hw_platform.a(mss_uart.o)
 .text.UART0_IRQHandler
                0x20000e1c       0x2c C:\Users\mtstacho\Desktop\grideye\SoftConsole\grideye_mss_MSS_CM3_0\grideye_mss_MSS_CM3_0_hw_platform\Debug\libgrideye_mss_MSS_CM3_0_hw_platform.a(mss_uart.o)
                0x20000e1c                UART0_IRQHandler
 .text.UART1_IRQHandler
                0x20000e48       0x2c C:\Users\mtstacho\Desktop\grideye\SoftConsole\grideye_mss_MSS_CM3_0\grideye_mss_MSS_CM3_0_hw_platform\Debug\libgrideye_mss_MSS_CM3_0_hw_platform.a(mss_uart.o)
                0x20000e48                UART1_IRQHandler
 .text.NVIC_EnableIRQ
                0x20000e74       0x38 C:\Users\mtstacho\Desktop\grideye\SoftConsole\grideye_mss_MSS_CM3_0\grideye_mss_MSS_CM3_0_hw_platform\Debug\libgrideye_mss_MSS_CM3_0_hw_platform.a(mss_i2c.o)
 .text.NVIC_DisableIRQ
                0x20000eac       0x3c C:\Users\mtstacho\Desktop\grideye\SoftConsole\grideye_mss_MSS_CM3_0\grideye_mss_MSS_CM3_0_hw_platform\Debug\libgrideye_mss_MSS_CM3_0_hw_platform.a(mss_i2c.o)
 .text.NVIC_ClearPendingIRQ
                0x20000ee8       0x3c C:\Users\mtstacho\Desktop\grideye\SoftConsole\grideye_mss_MSS_CM3_0\grideye_mss_MSS_CM3_0_hw_platform\Debug\libgrideye_mss_MSS_CM3_0_hw_platform.a(mss_i2c.o)
 .text.MSS_I2C_init
                0x20000f24      0x16c C:\Users\mtstacho\Desktop\grideye\SoftConsole\grideye_mss_MSS_CM3_0\grideye_mss_MSS_CM3_0_hw_platform\Debug\libgrideye_mss_MSS_CM3_0_hw_platform.a(mss_i2c.o)
                0x20000f24                MSS_I2C_init
 .text.MSS_I2C_write
                0x20001090       0xf4 C:\Users\mtstacho\Desktop\grideye\SoftConsole\grideye_mss_MSS_CM3_0\grideye_mss_MSS_CM3_0_hw_platform\Debug\libgrideye_mss_MSS_CM3_0_hw_platform.a(mss_i2c.o)
                0x20001090                MSS_I2C_write
 .text.MSS_I2C_write_read
                0x20001184      0x134 C:\Users\mtstacho\Desktop\grideye\SoftConsole\grideye_mss_MSS_CM3_0\grideye_mss_MSS_CM3_0_hw_platform\Debug\libgrideye_mss_MSS_CM3_0_hw_platform.a(mss_i2c.o)
                0x20001184                MSS_I2C_write_read
 .text.MSS_I2C_wait_complete
                0x200012b8       0x4c C:\Users\mtstacho\Desktop\grideye\SoftConsole\grideye_mss_MSS_CM3_0\grideye_mss_MSS_CM3_0_hw_platform\Debug\libgrideye_mss_MSS_CM3_0_hw_platform.a(mss_i2c.o)
                0x200012b8                MSS_I2C_wait_complete
 .text.enable_slave_if_required
                0x20001304       0x28 C:\Users\mtstacho\Desktop\grideye\SoftConsole\grideye_mss_MSS_CM3_0\grideye_mss_MSS_CM3_0_hw_platform\Debug\libgrideye_mss_MSS_CM3_0_hw_platform.a(mss_i2c.o)
 .text.mss_i2c_isr
                0x2000132c      0x8f4 C:\Users\mtstacho\Desktop\grideye\SoftConsole\grideye_mss_MSS_CM3_0\grideye_mss_MSS_CM3_0_hw_platform\Debug\libgrideye_mss_MSS_CM3_0_hw_platform.a(mss_i2c.o)
 .text.disable_interrupts
                0x20001c20       0x24 C:\Users\mtstacho\Desktop\grideye\SoftConsole\grideye_mss_MSS_CM3_0\grideye_mss_MSS_CM3_0_hw_platform\Debug\libgrideye_mss_MSS_CM3_0_hw_platform.a(mss_i2c.o)
 .text.restore_interrupts
                0x20001c44       0x18 C:\Users\mtstacho\Desktop\grideye\SoftConsole\grideye_mss_MSS_CM3_0\grideye_mss_MSS_CM3_0_hw_platform\Debug\libgrideye_mss_MSS_CM3_0_hw_platform.a(mss_i2c.o)
 .text.I2C0_IRQHandler
                0x20001c5c       0x2c C:\Users\mtstacho\Desktop\grideye\SoftConsole\grideye_mss_MSS_CM3_0\grideye_mss_MSS_CM3_0_hw_platform\Debug\libgrideye_mss_MSS_CM3_0_hw_platform.a(mss_i2c.o)
                0x20001c5c                I2C0_IRQHandler
 .text.I2C1_IRQHandler
                0x20001c88       0x2c C:\Users\mtstacho\Desktop\grideye\SoftConsole\grideye_mss_MSS_CM3_0\grideye_mss_MSS_CM3_0_hw_platform\Debug\libgrideye_mss_MSS_CM3_0_hw_platform.a(mss_i2c.o)
                0x20001c88                I2C1_IRQHandler
 .text.__get_PRIMASK
                0x20001cb4       0x20 C:\Users\mtstacho\Desktop\grideye\SoftConsole\grideye_mss_MSS_CM3_0\grideye_mss_MSS_CM3_0_hw_platform\Debug\libgrideye_mss_MSS_CM3_0_hw_platform.a(core_cm3.o)
                0x20001cb4                __get_PRIMASK
 .text.__set_PRIMASK
                0x20001cd4       0x18 C:\Users\mtstacho\Desktop\grideye\SoftConsole\grideye_mss_MSS_CM3_0\grideye_mss_MSS_CM3_0_hw_platform\Debug\libgrideye_mss_MSS_CM3_0_hw_platform.a(core_cm3.o)
                0x20001cd4                __set_PRIMASK
 .text.SystemInit
                0x20001cec        0xc C:\Users\mtstacho\Desktop\grideye\SoftConsole\grideye_mss_MSS_CM3_0\grideye_mss_MSS_CM3_0_hw_platform\Debug\libgrideye_mss_MSS_CM3_0_hw_platform.a(system_a2fxxxm3.o)
                0x20001cec                SystemInit
 .text.SystemCoreClockUpdate
                0x20001cf8      0x150 C:\Users\mtstacho\Desktop\grideye\SoftConsole\grideye_mss_MSS_CM3_0\grideye_mss_MSS_CM3_0_hw_platform\Debug\libgrideye_mss_MSS_CM3_0_hw_platform.a(system_a2fxxxm3.o)
                0x20001cf8                SystemCoreClockUpdate
 .text.GetSystemClock
                0x20001e48       0xe8 C:\Users\mtstacho\Desktop\grideye\SoftConsole\grideye_mss_MSS_CM3_0\grideye_mss_MSS_CM3_0_hw_platform\Debug\libgrideye_mss_MSS_CM3_0_hw_platform.a(system_a2fxxxm3.o)
 .text          0x20001f30      0x370 c:/microsemi/softconsole v3.3/sourcery-g++/bin/../lib/gcc/arm-none-eabi/4.4.1/thumb2\libgcc.a(_arm_addsubdf3.o)
                0x20001f30                __aeabi_drsub
                0x20001f38                __aeabi_dsub
                0x20001f38                __subdf3
                0x20001f3c                __aeabi_dadd
                0x20001f3c                __adddf3
                0x200021b4                __floatunsidf
                0x200021b4                __aeabi_ui2d
                0x200021d4                __floatsidf
                0x200021d4                __aeabi_i2d
                0x200021f8                __aeabi_f2d
                0x200021f8                __extendsfdf2
                0x20002234                __floatundidf
                0x20002234                __aeabi_ul2d
                0x20002244                __floatdidf
                0x20002244                __aeabi_l2d
 .text          0x200022a0      0x21c c:/microsemi/softconsole v3.3/sourcery-g++/bin/../lib/gcc/arm-none-eabi/4.4.1/thumb2\libgcc.a(_arm_addsubsf3.o)
                0x200022a0                __aeabi_frsub
                0x200022a8                __subsf3
                0x200022a8                __aeabi_fsub
                0x200022ac                __aeabi_fadd
                0x200022ac                __addsf3
                0x2000240c                __aeabi_ui2f
                0x2000240c                __floatunsisf
                0x20002414                __aeabi_i2f
                0x20002414                __floatsisf
                0x20002430                __aeabi_ul2f
                0x20002430                __floatundisf
                0x20002440                __aeabi_l2f
                0x20002440                __floatdisf
 .text          0x200024bc      0x2a0 c:/microsemi/softconsole v3.3/sourcery-g++/bin/../lib/gcc/arm-none-eabi/4.4.1/thumb2\libgcc.a(_arm_muldivsf3.o)
                0x200024bc                __mulsf3
                0x200024bc                __aeabi_fmul
                0x20002624                __aeabi_fdiv
                0x20002624                __divsf3
 .text          0x2000275c       0x50 c:/microsemi/softconsole v3.3/sourcery-g++/bin/../lib/gcc/arm-none-eabi/4.4.1/../../../../arm-none-eabi/lib/thumb2\libc.a(lib_a-init.o)
                0x2000275c                __libc_init_array
 .text          0x200027ac       0xd4 c:/microsemi/softconsole v3.3/sourcery-g++/bin/../lib/gcc/arm-none-eabi/4.4.1/../../../../arm-none-eabi/lib/thumb2\libc.a(lib_a-memset.o)
                0x200027ac                memset
 .text          0x20002880       0x64 c:/microsemi/softconsole v3.3/sourcery-g++/bin/../lib/gcc/arm-none-eabi/4.4.1/../../../../arm-none-eabi/lib/thumb2\libc.a(lib_a-printf.o)
                0x20002880                printf
                0x200028b8                _printf_r
 .text          0x200028e4     0x1940 c:/microsemi/softconsole v3.3/sourcery-g++/bin/../lib/gcc/arm-none-eabi/4.4.1/../../../../arm-none-eabi/lib/thumb2\libc.a(lib_a-vfprintf.o)
                0x20002900                _vfprintf_r
                0x20004208                vfprintf
 .text          0x20004224      0x104 c:/microsemi/softconsole v3.3/sourcery-g++/bin/../lib/gcc/arm-none-eabi/4.4.1/../../../../arm-none-eabi/lib/thumb2\libc.a(lib_a-wsetup.o)
                0x20004224                __swsetup_r
 .text          0x20004328      0xfb8 c:/microsemi/softconsole v3.3/sourcery-g++/bin/../lib/gcc/arm-none-eabi/4.4.1/../../../../arm-none-eabi/lib/thumb2\libc.a(lib_a-dtoa.o)
                0x20004448                _dtoa_r
 .text          0x200052e0      0x178 c:/microsemi/softconsole v3.3/sourcery-g++/bin/../lib/gcc/arm-none-eabi/4.4.1/../../../../arm-none-eabi/lib/thumb2\libc.a(lib_a-fflush.o)
                0x200052e0                _fflush_r
                0x20005430                fflush
 .text          0x20005458      0x1c8 c:/microsemi/softconsole v3.3/sourcery-g++/bin/../lib/gcc/arm-none-eabi/4.4.1/../../../../arm-none-eabi/lib/thumb2\libc.a(lib_a-findfp.o)
                0x20005458                __sfp_lock_acquire
                0x2000545c                __sfp_lock_release
                0x20005460                __sinit_lock_acquire
                0x20005464                __sinit_lock_release
                0x20005470                __fp_unlock_all
                0x20005488                __fp_lock_all
                0x200054a0                _cleanup_r
                0x200054ac                _cleanup
                0x20005508                __sfmoreglue
                0x20005538                __sfp
                0x200055c0                __sinit
 .text          0x20005620      0x268 c:/microsemi/softconsole v3.3/sourcery-g++/bin/../lib/gcc/arm-none-eabi/4.4.1/../../../../arm-none-eabi/lib/thumb2\libc.a(lib_a-freer.o)
                0x20005620                _malloc_trim_r
                0x200056c8                _free_r
 .text          0x20005888      0x334 c:/microsemi/softconsole v3.3/sourcery-g++/bin/../lib/gcc/arm-none-eabi/4.4.1/../../../../arm-none-eabi/lib/thumb2\libc.a(lib_a-fvwrite.o)
                0x20005888                __sfvwrite_r
 .text          0x20005bbc       0xa0 c:/microsemi/softconsole v3.3/sourcery-g++/bin/../lib/gcc/arm-none-eabi/4.4.1/../../../../arm-none-eabi/lib/thumb2\libc.a(lib_a-fwalk.o)
                0x20005bbc                _fwalk_reent
                0x20005c10                _fwalk
 .text          0x20005c5c       0x74 c:/microsemi/softconsole v3.3/sourcery-g++/bin/../lib/gcc/arm-none-eabi/4.4.1/../../../../arm-none-eabi/lib/thumb2\libc.a(lib_a-locale.o)
                0x20005c5c                __locale_charset
                0x20005c68                _localeconv_r
                0x20005c70                localeconv
                0x20005c78                _setlocale_r
                0x20005cc0                setlocale
 .text          0x20005cd0       0xdc c:/microsemi/softconsole v3.3/sourcery-g++/bin/../lib/gcc/arm-none-eabi/4.4.1/../../../../arm-none-eabi/lib/thumb2\libc.a(lib_a-makebuf.o)
                0x20005cd0                __smakebuf_r
 .text          0x20005dac       0x20 c:/microsemi/softconsole v3.3/sourcery-g++/bin/../lib/gcc/arm-none-eabi/4.4.1/../../../../arm-none-eabi/lib/thumb2\libc.a(lib_a-malloc.o)
                0x20005dac                free
                0x20005dbc                malloc
 .text          0x20005dcc      0x5a4 c:/microsemi/softconsole v3.3/sourcery-g++/bin/../lib/gcc/arm-none-eabi/4.4.1/../../../../arm-none-eabi/lib/thumb2\libc.a(lib_a-mallocr.o)
                0x20005dcc                _malloc_r
 .text          0x20006370       0x74 c:/microsemi/softconsole v3.3/sourcery-g++/bin/../lib/gcc/arm-none-eabi/4.4.1/../../../../arm-none-eabi/lib/thumb2\libc.a(lib_a-memchr.o)
                0x20006370                memchr
 .text          0x200063e4      0x190 c:/microsemi/softconsole v3.3/sourcery-g++/bin/../lib/gcc/arm-none-eabi/4.4.1/../../../../arm-none-eabi/lib/thumb2\libc.a(lib_a-memcpy.o)
                0x200063e4                memcpy
 .text          0x20006574       0xb8 c:/microsemi/softconsole v3.3/sourcery-g++/bin/../lib/gcc/arm-none-eabi/4.4.1/../../../../arm-none-eabi/lib/thumb2\libc.a(lib_a-memmove.o)
                0x20006574                memmove
 .text          0x2000662c        0x8 c:/microsemi/softconsole v3.3/sourcery-g++/bin/../lib/gcc/arm-none-eabi/4.4.1/../../../../arm-none-eabi/lib/thumb2\libc.a(lib_a-mlock.o)
                0x2000662c                __malloc_lock
                0x20006630                __malloc_unlock
 .text          0x20006634      0x958 c:/microsemi/softconsole v3.3/sourcery-g++/bin/../lib/gcc/arm-none-eabi/4.4.1/../../../../arm-none-eabi/lib/thumb2\libc.a(lib_a-mprec.o)
                0x20006634                __hi0bits
                0x20006674                __lo0bits
                0x200066d8                __mcmp
                0x20006718                __ulp
                0x20006764                __b2d
                0x2000680c                __ratio
                0x2000686c                _mprec_log10
                0x200068a4                __copybits
                0x200068f4                __any_on
                0x2000694c                _Bfree
                0x20006984                _Balloc
                0x200069f0                __d2b
                0x20006ac0                __mdiff
                0x20006bb8                __lshift
                0x20006c74                __multiply
                0x20006da8                __i2b
                0x20006dbc                __multadd
                0x20006e44                __pow5mult
                0x20006ef0                __s2b
 .text          0x20006f8c      0x3b4 c:/microsemi/softconsole v3.3/sourcery-g++/bin/../lib/gcc/arm-none-eabi/4.4.1/../../../../arm-none-eabi/lib/thumb2\libc.a(lib_a-reallocr.o)
                0x20006f8c                _realloc_r
 .text          0x20007340       0x24 c:/microsemi/softconsole v3.3/sourcery-g++/bin/../lib/gcc/arm-none-eabi/4.4.1/../../../../arm-none-eabi/lib/thumb2\libc.a(lib_a-s_isinfd.o)
                0x20007340                __isinfd
 .text          0x20007364       0x1c c:/microsemi/softconsole v3.3/sourcery-g++/bin/../lib/gcc/arm-none-eabi/4.4.1/../../../../arm-none-eabi/lib/thumb2\libc.a(lib_a-s_isnand.o)
                0x20007364                __isnand
 .text          0x20007380       0x28 c:/microsemi/softconsole v3.3/sourcery-g++/bin/../lib/gcc/arm-none-eabi/4.4.1/../../../../arm-none-eabi/lib/thumb2\libc.a(lib_a-sbrkr.o)
                0x20007380                _sbrk_r
 .text          0x200073a8       0x90 c:/microsemi/softconsole v3.3/sourcery-g++/bin/../lib/gcc/arm-none-eabi/4.4.1/../../../../arm-none-eabi/lib/thumb2\libc.a(lib_a-stdio.o)
                0x200073a8                __sclose
                0x200073b0                __sseek
                0x200073d8                __swrite
                0x20007414                __sread
 .text          0x20007438      0x1dc c:/microsemi/softconsole v3.3/sourcery-g++/bin/../lib/gcc/arm-none-eabi/4.4.1/../../../../arm-none-eabi/lib/thumb2\libc.a(lib_a-strcmp.o)
                0x20007438                strcmp
 .text          0x20007614       0x60 c:/microsemi/softconsole v3.3/sourcery-g++/bin/../lib/gcc/arm-none-eabi/4.4.1/../../../../arm-none-eabi/lib/thumb2\libc.a(lib_a-strlen.o)
                0x20007614                strlen
 .text          0x20007674       0x5c c:/microsemi/softconsole v3.3/sourcery-g++/bin/../lib/gcc/arm-none-eabi/4.4.1/../../../../arm-none-eabi/lib/thumb2\libc.a(lib_a-callocr.o)
                0x20007674                _calloc_r
 .text          0x200076d0       0x28 c:/microsemi/softconsole v3.3/sourcery-g++/bin/../lib/gcc/arm-none-eabi/4.4.1/../../../../arm-none-eabi/lib/thumb2\libc.a(lib_a-closer.o)
                0x200076d0                _close_r
 .text          0x200076f8       0xcc c:/microsemi/softconsole v3.3/sourcery-g++/bin/../lib/gcc/arm-none-eabi/4.4.1/../../../../arm-none-eabi/lib/thumb2\libc.a(lib_a-fclose.o)
                0x200076f8                _fclose_r
                0x200077b4                fclose
 .text          0x200077c4       0x2c c:/microsemi/softconsole v3.3/sourcery-g++/bin/../lib/gcc/arm-none-eabi/4.4.1/../../../../arm-none-eabi/lib/thumb2\libc.a(lib_a-fstatr.o)
                0x200077c4                _fstat_r
 .text          0x200077f0       0x28 c:/microsemi/softconsole v3.3/sourcery-g++/bin/../lib/gcc/arm-none-eabi/4.4.1/../../../../arm-none-eabi/lib/thumb2\libc.a(lib_a-isattyr.o)
                0x200077f0                _isatty_r
 .text          0x20007818       0x2c c:/microsemi/softconsole v3.3/sourcery-g++/bin/../lib/gcc/arm-none-eabi/4.4.1/../../../../arm-none-eabi/lib/thumb2\libc.a(lib_a-lseekr.o)
                0x20007818                _lseek_r
 .text          0x20007844       0x2c c:/microsemi/softconsole v3.3/sourcery-g++/bin/../lib/gcc/arm-none-eabi/4.4.1/../../../../arm-none-eabi/lib/thumb2\libc.a(lib_a-readr.o)
                0x20007844                _read_r
 .text          0x20007870      0x278 c:/microsemi/softconsole v3.3/sourcery-g++/bin/../lib/gcc/arm-none-eabi/4.4.1/thumb2\libgcc.a(_udivsi3.o)
                0x20007870                __aeabi_uidiv
                0x20007870                __udivsi3
                0x20007acc                __aeabi_uidivmod
 .text          0x20007ae8        0x4 c:/microsemi/softconsole v3.3/sourcery-g++/bin/../lib/gcc/arm-none-eabi/4.4.1/thumb2\libgcc.a(_dvmd_tls.o)
                0x20007ae8                __aeabi_idiv0
                0x20007ae8                __aeabi_ldiv0
 .text          0x20007aec      0x424 c:/microsemi/softconsole v3.3/sourcery-g++/bin/../lib/gcc/arm-none-eabi/4.4.1/thumb2\libgcc.a(_arm_muldivdf3.o)
                0x20007aec                __aeabi_dmul
                0x20007aec                __muldf3
                0x20007d40                __divdf3
                0x20007d40                __aeabi_ddiv
 .text          0x20007f10      0x110 c:/microsemi/softconsole v3.3/sourcery-g++/bin/../lib/gcc/arm-none-eabi/4.4.1/thumb2\libgcc.a(_arm_cmpdf2.o)
                0x20007f10                __gtdf2
                0x20007f10                __gedf2
                0x20007f18                __ltdf2
                0x20007f18                __ledf2
                0x20007f20                __nedf2
                0x20007f20                __eqdf2
                0x20007f20                __cmpdf2
                0x20007f9c                __aeabi_cdrcmple
                0x20007fac                __aeabi_cdcmpeq
                0x20007fac                __aeabi_cdcmple
                0x20007fbc                __aeabi_dcmpeq
                0x20007fd0                __aeabi_dcmplt
                0x20007fe4                __aeabi_dcmple
                0x20007ff8                __aeabi_dcmpge
                0x2000800c                __aeabi_dcmpgt
 .text          0x20008020       0x50 c:/microsemi/softconsole v3.3/sourcery-g++/bin/../lib/gcc/arm-none-eabi/4.4.1/thumb2\libgcc.a(_arm_fixdfsi.o)
                0x20008020                __aeabi_d2iz
                0x20008020                __fixdfsi
 .text          0x20008070       0x2c c:/microsemi/softconsole v3.3/sourcery-g++/bin/../lib/gcc/arm-none-eabi/4.4.1/thumb2\libgcc.a(_aeabi_uldivmod.o)
                0x20008070                __aeabi_uldivmod
 .text          0x2000809c       0x58 c:/microsemi/softconsole v3.3/sourcery-g++/bin/../lib/gcc/arm-none-eabi/4.4.1/thumb2\libgcc.a(bpabi.o)
                0x2000809c                __gnu_uldivmod_helper
                0x200080c8                __gnu_ldivmod_helper
 .text          0x200080f4      0x364 c:/microsemi/softconsole v3.3/sourcery-g++/bin/../lib/gcc/arm-none-eabi/4.4.1/thumb2\libgcc.a(_divdi3.o)
                0x200080f4                __divdi3
 .text          0x20008458      0x300 c:/microsemi/softconsole v3.3/sourcery-g++/bin/../lib/gcc/arm-none-eabi/4.4.1/thumb2\libgcc.a(_udivdi3.o)
                0x20008458                __udivdi3
 *(.plt)
 *(.gnu.warning)
 *(.glue_7t)
 .glue_7t       0x00000000        0x0 linker stubs
 *(.glue_7)
 .glue_7        0x00000000        0x0 linker stubs
 *(.vfp11_veneer)
 .vfp11_veneer  0x00000000        0x0 linker stubs
                0x20008758                . = ALIGN (0x4)
 *crtbegin.o(.ctors)
 *(EXCLUDE_FILE(*crtend.o) .ctors)
 *(SORT(.ctors.*))
 *crtend.o(.ctors)
 *crtbegin.o(.dtors)
 *(EXCLUDE_FILE(*crtend.o) .dtors)
 *(SORT(.dtors.*))
 *crtend.o(.dtors)
 *(.rodata .rodata.* .gnu.linkonce.r.*)
 .rodata        0x20008758       0x34 ./main.o
 .rodata        0x2000878c       0x1c C:/Users/mtstacho/Desktop/grideye/SoftConsole/grideye_mss_MSS_CM3_0/grideye_mss_MSS_CM3_0_hw_platform/Debug/CMSIS/startup_gcc/newlib_stubs.o
 .rodata.C.18.2576
                0x200087a8       0x10 C:\Users\mtstacho\Desktop\grideye\SoftConsole\grideye_mss_MSS_CM3_0\grideye_mss_MSS_CM3_0_hw_platform\Debug\libgrideye_mss_MSS_CM3_0_hw_platform.a(system_a2fxxxm3.o)
 .rodata        0x200087b8        0x4 c:/microsemi/softconsole v3.3/sourcery-g++/bin/../lib/gcc/arm-none-eabi/4.4.1/../../../../arm-none-eabi/lib/thumb2\libc.a(lib_a-impure.o)
                0x200087b8                _global_impure_ptr
 .rodata.str1.4
                0x200087bc        0x2 c:/microsemi/softconsole v3.3/sourcery-g++/bin/../lib/gcc/arm-none-eabi/4.4.1/../../../../arm-none-eabi/lib/thumb2\libc.a(lib_a-impure.o)
                                  0x4 (size before relaxing)
 *fill*         0x200087be        0x2 00
 .rodata        0x200087c0       0x20 c:/microsemi/softconsole v3.3/sourcery-g++/bin/../lib/gcc/arm-none-eabi/4.4.1/../../../../arm-none-eabi/lib/thumb2\libc.a(lib_a-vfprintf.o)
 .rodata.str1.4
                0x200087e0       0x42 c:/microsemi/softconsole v3.3/sourcery-g++/bin/../lib/gcc/arm-none-eabi/4.4.1/../../../../arm-none-eabi/lib/thumb2\libc.a(lib_a-vfprintf.o)
                                 0x44 (size before relaxing)
 *fill*         0x20008822        0x2 00
 .rodata.str1.4
                0x20008824       0x10 c:/microsemi/softconsole v3.3/sourcery-g++/bin/../lib/gcc/arm-none-eabi/4.4.1/../../../../arm-none-eabi/lib/thumb2\libc.a(lib_a-dtoa.o)
                                 0x14 (size before relaxing)
 .rodata        0x20008834       0x60 c:/microsemi/softconsole v3.3/sourcery-g++/bin/../lib/gcc/arm-none-eabi/4.4.1/../../../../arm-none-eabi/lib/thumb2\libc.a(lib_a-findfp.o)
                0x20008834                __sf_fake_stdin
                0x20008854                __sf_fake_stdout
                0x20008874                __sf_fake_stderr
 .rodata        0x20008894       0x34 c:/microsemi/softconsole v3.3/sourcery-g++/bin/../lib/gcc/arm-none-eabi/4.4.1/../../../../arm-none-eabi/lib/thumb2\libc.a(lib_a-locale.o)
 .rodata.str1.4
                0x200088c8       0x10 c:/microsemi/softconsole v3.3/sourcery-g++/bin/../lib/gcc/arm-none-eabi/4.4.1/../../../../arm-none-eabi/lib/thumb2\libc.a(lib_a-locale.o)
                                 0x18 (size before relaxing)
 .rodata        0x200088d8      0x128 c:/microsemi/softconsole v3.3/sourcery-g++/bin/../lib/gcc/arm-none-eabi/4.4.1/../../../../arm-none-eabi/lib/thumb2\libc.a(lib_a-mprec.o)
                0x200088d8                __mprec_tens
                0x200089b0                __mprec_bigtens
                0x200089d8                __mprec_tinytens
 *(.ARM.extab* .gnu.linkonce.armextab.*)
 *(.gcc_except_table)
 *(.eh_frame_hdr)
 *(.eh_frame)
 *(.init)
 .init          0x20008a00        0x4 c:/microsemi/softconsole v3.3/sourcery-g++/bin/../lib/gcc/arm-none-eabi/4.4.1/thumb2/crti.o
                0x20008a00                _init
 .init          0x20008a04        0x8 c:/microsemi/softconsole v3.3/sourcery-g++/bin/../lib/gcc/arm-none-eabi/4.4.1/thumb2/crtn.o
 *(.fini)
 .fini          0x20008a0c        0x4 c:/microsemi/softconsole v3.3/sourcery-g++/bin/../lib/gcc/arm-none-eabi/4.4.1/thumb2/crti.o
                0x20008a0c                _fini
 .fini          0x20008a10        0x8 c:/microsemi/softconsole v3.3/sourcery-g++/bin/../lib/gcc/arm-none-eabi/4.4.1/thumb2/crtn.o
                0x20008a18                PROVIDE (__preinit_array_start, .)
 *(.preinit_array)
                0x20008a18                PROVIDE (__preinit_array_end, .)
                0x20008a18                PROVIDE (__init_array_start, .)
 *(SORT(.init_array.*))
 *(.init_array)
 .init_array    0x20008a18        0x4 c:/microsemi/softconsole v3.3/sourcery-g++/bin/../lib/gcc/arm-none-eabi/4.4.1/thumb2/crtbegin.o
                0x20008a1c                PROVIDE (__init_array_end, .)
                0x20008a1c                PROVIDE (__fini_array_start, .)
 *(.fini_array)
 .fini_array    0x20008a1c        0x4 c:/microsemi/softconsole v3.3/sourcery-g++/bin/../lib/gcc/arm-none-eabi/4.4.1/thumb2/crtbegin.o
 *(SORT(.fini_array.*))
                0x20008a20                PROVIDE (__fini_array_end, .)
                0x20008a20                __exidx_start = .

.v4_bx          0x20008a20        0x0
 .v4_bx         0x00000000        0x0 linker stubs

.ARM.exidx      0x20008a20        0x8
 *(.ARM.exidx* .gnu.linkonce.armexidx.*)
 .ARM.exidx     0x20008a20        0x8 c:/microsemi/softconsole v3.3/sourcery-g++/bin/../lib/gcc/arm-none-eabi/4.4.1/thumb2\libgcc.a(_divdi3.o)
 .ARM.exidx     0x20008a28        0x0 c:/microsemi/softconsole v3.3/sourcery-g++/bin/../lib/gcc/arm-none-eabi/4.4.1/thumb2\libgcc.a(_udivdi3.o)
                                  0x8 (size before relaxing)
                0x20008a28                __exidx_end = .
                0x20008a28                _etext = .
                0x20008a28                PROVIDE (__text_end, .)

.data           0x20008a28      0x520
                0x20008a28                __data_load = LOADADDR (.data)
                0x20008a28                _sidata = LOADADDR (.data)
                0x20008a28                __data_start = .
                0x20008a28                _sdata = .
 *(.jcr)
 .jcr           0x20008a28        0x0 c:/microsemi/softconsole v3.3/sourcery-g++/bin/../lib/gcc/arm-none-eabi/4.4.1/thumb2/crtbegin.o
 .jcr           0x20008a28        0x4 c:/microsemi/softconsole v3.3/sourcery-g++/bin/../lib/gcc/arm-none-eabi/4.4.1/thumb2/crtend.o
 *(.got.plt)
 *(.got)
 *(.shdata)
 *(.data .data.* .gnu.linkonce.d.*)
 .data.SystemFrequency
                0x20008a2c        0x4 C:\Users\mtstacho\Desktop\grideye\SoftConsole\grideye_mss_MSS_CM3_0\grideye_mss_MSS_CM3_0_hw_platform\Debug\libgrideye_mss_MSS_CM3_0_hw_platform.a(system_a2fxxxm3.o)
                0x20008a2c                SystemFrequency
 .data.SystemCoreClock
                0x20008a30        0x4 C:\Users\mtstacho\Desktop\grideye\SoftConsole\grideye_mss_MSS_CM3_0\grideye_mss_MSS_CM3_0_hw_platform\Debug\libgrideye_mss_MSS_CM3_0_hw_platform.a(system_a2fxxxm3.o)
                0x20008a30                SystemCoreClock
 .data.g_FrequencyPCLK0
                0x20008a34        0x4 C:\Users\mtstacho\Desktop\grideye\SoftConsole\grideye_mss_MSS_CM3_0\grideye_mss_MSS_CM3_0_hw_platform\Debug\libgrideye_mss_MSS_CM3_0_hw_platform.a(system_a2fxxxm3.o)
                0x20008a34                g_FrequencyPCLK0
 .data.g_FrequencyPCLK1
                0x20008a38        0x4 C:\Users\mtstacho\Desktop\grideye\SoftConsole\grideye_mss_MSS_CM3_0\grideye_mss_MSS_CM3_0_hw_platform\Debug\libgrideye_mss_MSS_CM3_0_hw_platform.a(system_a2fxxxm3.o)
                0x20008a38                g_FrequencyPCLK1
 .data.g_FrequencyACE
                0x20008a3c        0x4 C:\Users\mtstacho\Desktop\grideye\SoftConsole\grideye_mss_MSS_CM3_0\grideye_mss_MSS_CM3_0_hw_platform\Debug\libgrideye_mss_MSS_CM3_0_hw_platform.a(system_a2fxxxm3.o)
                0x20008a3c                g_FrequencyACE
 .data.g_FrequencyFPGA
                0x20008a40        0x4 C:\Users\mtstacho\Desktop\grideye\SoftConsole\grideye_mss_MSS_CM3_0\grideye_mss_MSS_CM3_0_hw_platform\Debug\libgrideye_mss_MSS_CM3_0_hw_platform.a(system_a2fxxxm3.o)
                0x20008a40                g_FrequencyFPGA
 .data          0x20008a44       0xf4 c:/microsemi/softconsole v3.3/sourcery-g++/bin/../lib/gcc/arm-none-eabi/4.4.1/../../../../arm-none-eabi/lib/thumb2\libc.a(lib_a-impure.o)
                0x20008a44                _impure_ptr
 .data          0x20008b38      0x410 c:/microsemi/softconsole v3.3/sourcery-g++/bin/../lib/gcc/arm-none-eabi/4.4.1/../../../../arm-none-eabi/lib/thumb2\libc.a(lib_a-mallocr.o)
                0x20008b38                __malloc_av_
                0x20008f40                __malloc_sbrk_base
                0x20008f44                __malloc_trim_threshold
                0x20008f48                . = ALIGN (0x4)
                0x20008f48                _edata = .

.bss            0x20008f48      0x180
                0x20008f48                __bss_start__ = .
                0x20008f48                _sbss = .
 *(.shbss)
 *(.bss .bss.* .gnu.linkonce.b.*)
 .bss           0x20008f48        0x1 c:/microsemi/softconsole v3.3/sourcery-g++/bin/../lib/gcc/arm-none-eabi/4.4.1/thumb2/crtbegin.o
 *fill*         0x20008f49        0x3 00
 .bss.g_stdio_uart_init_done
                0x20008f4c        0x4 C:/Users/mtstacho/Desktop/grideye/SoftConsole/grideye_mss_MSS_CM3_0/grideye_mss_MSS_CM3_0_hw_platform/Debug/CMSIS/startup_gcc/newlib_stubs.o
 .bss.heap_end.3594
                0x20008f50        0x4 C:/Users/mtstacho/Desktop/grideye/SoftConsole/grideye_mss_MSS_CM3_0/grideye_mss_MSS_CM3_0_hw_platform/Debug/CMSIS/startup_gcc/newlib_stubs.o
 .bss           0x20008f54       0x34 c:/microsemi/softconsole v3.3/sourcery-g++/bin/../lib/gcc/arm-none-eabi/4.4.1/../../../../arm-none-eabi/lib/thumb2\libc.a(lib_a-mallocr.o)
                0x20008f54                __malloc_top_pad
                0x20008f58                __malloc_current_mallinfo
                0x20008f80                __malloc_max_sbrked_mem
                0x20008f84                __malloc_max_total_mem
 *(COMMON)
 COMMON         0x20008f88       0x50 C:\Users\mtstacho\Desktop\grideye\SoftConsole\grideye_mss_MSS_CM3_0\grideye_mss_MSS_CM3_0_hw_platform\Debug\libgrideye_mss_MSS_CM3_0_hw_platform.a(mss_uart.o)
                0x20008f88                g_mss_uart1
                0x20008fb0                g_mss_uart0
 COMMON         0x20008fd8       0xe8 C:\Users\mtstacho\Desktop\grideye\SoftConsole\grideye_mss_MSS_CM3_0\grideye_mss_MSS_CM3_0_hw_platform\Debug\libgrideye_mss_MSS_CM3_0_hw_platform.a(mss_i2c.o)
                0x20008fd8                g_mss_i2c0
                0x2000904c                g_mss_i2c1
 COMMON         0x200090c0        0x4 c:/microsemi/softconsole v3.3/sourcery-g++/bin/../lib/gcc/arm-none-eabi/4.4.1/../../../../arm-none-eabi/lib/thumb2\libc.a(lib_a-reent.o)
                0x200090c0                errno
                0x200090c8                . = ALIGN (0x8)
 *fill*         0x200090c4        0x4 00
                0x200090c8                __bss_end__ = .
                0x200090c8                _end = .
                0x200090c8                __end = _end
                0x200090c8                _ebss = .
                0x200090c8                PROVIDE (end, .)

.stack          0x200090c8     0x3000
                0x200090c8                . = ALIGN (0x4)
                0x2000a0c8                . = (. + PROCESS_STACK_SIZE)
 *fill*         0x200090c8     0x1000 00
                0x2000a0c8                . = ALIGN (0x4)
                0x2000c0c8                . = (. + MAIN_STACK_SIZE)
 *fill*         0x2000a0c8     0x2000 00
                0x2000c0c8                . = ALIGN (0x4)

.stab
 *(.stab)

.stabstr
 *(.stabstr)

.debug
 *(.debug)

.line
 *(.line)

.debug_srcinfo
 *(.debug_srcinfo)

.debug_sfnames
 *(.debug_sfnames)

.comment        0x00000000      0x102
 .comment       0x00000000       0x2b ./main.o
 .comment       0x0000002b       0x2b C:/Users/mtstacho/Desktop/grideye/SoftConsole/grideye_mss_MSS_CM3_0/grideye_mss_MSS_CM3_0_hw_platform/Debug/CMSIS/startup_gcc/newlib_stubs.o
 .comment       0x00000056       0x2b C:\Users\mtstacho\Desktop\grideye\SoftConsole\grideye_mss_MSS_CM3_0\grideye_mss_MSS_CM3_0_hw_platform\Debug\libgrideye_mss_MSS_CM3_0_hw_platform.a(mss_uart.o)
 .comment       0x00000081       0x2b C:\Users\mtstacho\Desktop\grideye\SoftConsole\grideye_mss_MSS_CM3_0\grideye_mss_MSS_CM3_0_hw_platform\Debug\libgrideye_mss_MSS_CM3_0_hw_platform.a(mss_i2c.o)
 .comment       0x000000ac       0x2b C:\Users\mtstacho\Desktop\grideye\SoftConsole\grideye_mss_MSS_CM3_0\grideye_mss_MSS_CM3_0_hw_platform\Debug\libgrideye_mss_MSS_CM3_0_hw_platform.a(core_cm3.o)
 .comment       0x000000d7       0x2b C:\Users\mtstacho\Desktop\grideye\SoftConsole\grideye_mss_MSS_CM3_0\grideye_mss_MSS_CM3_0_hw_platform\Debug\libgrideye_mss_MSS_CM3_0_hw_platform.a(system_a2fxxxm3.o)

.debug_aranges  0x00000000      0x3e0
 *(.debug_aranges)
 .debug_aranges
                0x00000000       0x40 ./main.o
 .debug_aranges
                0x00000040       0xa8 C:/Users/mtstacho/Desktop/grideye/SoftConsole/grideye_mss_MSS_CM3_0/grideye_mss_MSS_CM3_0_hw_platform/Debug/CMSIS/startup_gcc/newlib_stubs.o
 .debug_aranges
                0x000000e8       0xd8 C:\Users\mtstacho\Desktop\grideye\SoftConsole\grideye_mss_MSS_CM3_0\grideye_mss_MSS_CM3_0_hw_platform\Debug\libgrideye_mss_MSS_CM3_0_hw_platform.a(mss_uart.o)
 .debug_aranges
                0x000001c0      0x128 C:\Users\mtstacho\Desktop\grideye\SoftConsole\grideye_mss_MSS_CM3_0\grideye_mss_MSS_CM3_0_hw_platform\Debug\libgrideye_mss_MSS_CM3_0_hw_platform.a(mss_i2c.o)
 .debug_aranges
                0x000002e8       0xc8 C:\Users\mtstacho\Desktop\grideye\SoftConsole\grideye_mss_MSS_CM3_0\grideye_mss_MSS_CM3_0_hw_platform\Debug\libgrideye_mss_MSS_CM3_0_hw_platform.a(core_cm3.o)
 .debug_aranges
                0x000003b0       0x30 C:\Users\mtstacho\Desktop\grideye\SoftConsole\grideye_mss_MSS_CM3_0\grideye_mss_MSS_CM3_0_hw_platform\Debug\libgrideye_mss_MSS_CM3_0_hw_platform.a(system_a2fxxxm3.o)

.debug_pubnames
                0x00000000      0x85b
 *(.debug_pubnames)
 .debug_pubnames
                0x00000000       0x5c ./main.o
 .debug_pubnames
                0x0000005c       0xeb C:/Users/mtstacho/Desktop/grideye/SoftConsole/grideye_mss_MSS_CM3_0/grideye_mss_MSS_CM3_0_hw_platform/Debug/CMSIS/startup_gcc/newlib_stubs.o
 .debug_pubnames
                0x00000147      0x21c C:\Users\mtstacho\Desktop\grideye\SoftConsole\grideye_mss_MSS_CM3_0\grideye_mss_MSS_CM3_0_hw_platform\Debug\libgrideye_mss_MSS_CM3_0_hw_platform.a(mss_uart.o)
 .debug_pubnames
                0x00000363      0x2eb C:\Users\mtstacho\Desktop\grideye\SoftConsole\grideye_mss_MSS_CM3_0\grideye_mss_MSS_CM3_0_hw_platform\Debug\libgrideye_mss_MSS_CM3_0_hw_platform.a(mss_i2c.o)
 .debug_pubnames
                0x0000064e      0x159 C:\Users\mtstacho\Desktop\grideye\SoftConsole\grideye_mss_MSS_CM3_0\grideye_mss_MSS_CM3_0_hw_platform\Debug\libgrideye_mss_MSS_CM3_0_hw_platform.a(core_cm3.o)
 .debug_pubnames
                0x000007a7       0xb4 C:\Users\mtstacho\Desktop\grideye\SoftConsole\grideye_mss_MSS_CM3_0\grideye_mss_MSS_CM3_0_hw_platform\Debug\libgrideye_mss_MSS_CM3_0_hw_platform.a(system_a2fxxxm3.o)

.debug_info     0x00000000     0x54a1
 *(.debug_info .gnu.linkonce.wi.*)
 .debug_info    0x00000000      0xc9e ./main.o
 .debug_info    0x00000c9e     0x10f0 C:/Users/mtstacho/Desktop/grideye/SoftConsole/grideye_mss_MSS_CM3_0/grideye_mss_MSS_CM3_0_hw_platform/Debug/CMSIS/startup_gcc/newlib_stubs.o
 .debug_info    0x00001d8e     0x15a4 C:\Users\mtstacho\Desktop\grideye\SoftConsole\grideye_mss_MSS_CM3_0\grideye_mss_MSS_CM3_0_hw_platform\Debug\libgrideye_mss_MSS_CM3_0_hw_platform.a(mss_uart.o)
 .debug_info    0x00003332     0x16e7 C:\Users\mtstacho\Desktop\grideye\SoftConsole\grideye_mss_MSS_CM3_0\grideye_mss_MSS_CM3_0_hw_platform\Debug\libgrideye_mss_MSS_CM3_0_hw_platform.a(mss_i2c.o)
 .debug_info    0x00004a19      0x54c C:\Users\mtstacho\Desktop\grideye\SoftConsole\grideye_mss_MSS_CM3_0\grideye_mss_MSS_CM3_0_hw_platform\Debug\libgrideye_mss_MSS_CM3_0_hw_platform.a(core_cm3.o)
 .debug_info    0x00004f65      0x53c C:\Users\mtstacho\Desktop\grideye\SoftConsole\grideye_mss_MSS_CM3_0\grideye_mss_MSS_CM3_0_hw_platform\Debug\libgrideye_mss_MSS_CM3_0_hw_platform.a(system_a2fxxxm3.o)

.debug_abbrev   0x00000000      0x9d4
 *(.debug_abbrev)
 .debug_abbrev  0x00000000      0x186 ./main.o
 .debug_abbrev  0x00000186      0x1f4 C:/Users/mtstacho/Desktop/grideye/SoftConsole/grideye_mss_MSS_CM3_0/grideye_mss_MSS_CM3_0_hw_platform/Debug/CMSIS/startup_gcc/newlib_stubs.o
 .debug_abbrev  0x0000037a      0x245 C:\Users\mtstacho\Desktop\grideye\SoftConsole\grideye_mss_MSS_CM3_0\grideye_mss_MSS_CM3_0_hw_platform\Debug\libgrideye_mss_MSS_CM3_0_hw_platform.a(mss_uart.o)
 .debug_abbrev  0x000005bf      0x22b C:\Users\mtstacho\Desktop\grideye\SoftConsole\grideye_mss_MSS_CM3_0\grideye_mss_MSS_CM3_0_hw_platform\Debug\libgrideye_mss_MSS_CM3_0_hw_platform.a(mss_i2c.o)
 .debug_abbrev  0x000007ea       0xd9 C:\Users\mtstacho\Desktop\grideye\SoftConsole\grideye_mss_MSS_CM3_0\grideye_mss_MSS_CM3_0_hw_platform\Debug\libgrideye_mss_MSS_CM3_0_hw_platform.a(core_cm3.o)
 .debug_abbrev  0x000008c3      0x111 C:\Users\mtstacho\Desktop\grideye\SoftConsole\grideye_mss_MSS_CM3_0\grideye_mss_MSS_CM3_0_hw_platform\Debug\libgrideye_mss_MSS_CM3_0_hw_platform.a(system_a2fxxxm3.o)

.debug_line     0x00000000     0x1abf
 *(.debug_line)
 .debug_line    0x00000000      0x474 ./main.o
 .debug_line    0x00000474      0x509 C:/Users/mtstacho/Desktop/grideye/SoftConsole/grideye_mss_MSS_CM3_0/grideye_mss_MSS_CM3_0_hw_platform/Debug/CMSIS/startup_gcc/newlib_stubs.o
 .debug_line    0x0000097d      0x575 C:\Users\mtstacho\Desktop\grideye\SoftConsole\grideye_mss_MSS_CM3_0\grideye_mss_MSS_CM3_0_hw_platform\Debug\libgrideye_mss_MSS_CM3_0_hw_platform.a(mss_uart.o)
 .debug_line    0x00000ef2      0x6f2 C:\Users\mtstacho\Desktop\grideye\SoftConsole\grideye_mss_MSS_CM3_0\grideye_mss_MSS_CM3_0_hw_platform\Debug\libgrideye_mss_MSS_CM3_0_hw_platform.a(mss_i2c.o)
 .debug_line    0x000015e4      0x260 C:\Users\mtstacho\Desktop\grideye\SoftConsole\grideye_mss_MSS_CM3_0\grideye_mss_MSS_CM3_0_hw_platform\Debug\libgrideye_mss_MSS_CM3_0_hw_platform.a(core_cm3.o)
 .debug_line    0x00001844      0x27b C:\Users\mtstacho\Desktop\grideye\SoftConsole\grideye_mss_MSS_CM3_0\grideye_mss_MSS_CM3_0_hw_platform\Debug\libgrideye_mss_MSS_CM3_0_hw_platform.a(system_a2fxxxm3.o)

.debug_frame    0x00000000     0x1880
 *(.debug_frame)
 .debug_frame   0x00000000       0xbc ./main.o
 .debug_frame   0x000000bc      0x220 C:/Users/mtstacho/Desktop/grideye/SoftConsole/grideye_mss_MSS_CM3_0/grideye_mss_MSS_CM3_0_hw_platform/Debug/CMSIS/startup_gcc/newlib_stubs.o
 .debug_frame   0x000002dc      0x2e4 C:\Users\mtstacho\Desktop\grideye\SoftConsole\grideye_mss_MSS_CM3_0\grideye_mss_MSS_CM3_0_hw_platform\Debug\libgrideye_mss_MSS_CM3_0_hw_platform.a(mss_uart.o)
 .debug_frame   0x000005c0      0x40c C:\Users\mtstacho\Desktop\grideye\SoftConsole\grideye_mss_MSS_CM3_0\grideye_mss_MSS_CM3_0_hw_platform\Debug\libgrideye_mss_MSS_CM3_0_hw_platform.a(mss_i2c.o)
 .debug_frame   0x000009cc      0x248 C:\Users\mtstacho\Desktop\grideye\SoftConsole\grideye_mss_MSS_CM3_0\grideye_mss_MSS_CM3_0_hw_platform\Debug\libgrideye_mss_MSS_CM3_0_hw_platform.a(core_cm3.o)
 .debug_frame   0x00000c14       0x64 C:\Users\mtstacho\Desktop\grideye\SoftConsole\grideye_mss_MSS_CM3_0\grideye_mss_MSS_CM3_0_hw_platform\Debug\libgrideye_mss_MSS_CM3_0_hw_platform.a(system_a2fxxxm3.o)
 .debug_frame   0x00000c78       0x20 c:/microsemi/softconsole v3.3/sourcery-g++/bin/../lib/gcc/arm-none-eabi/4.4.1/../../../../arm-none-eabi/lib/thumb2\libc.a(lib_a-errno.o)
 .debug_frame   0x00000c98       0x2c c:/microsemi/softconsole v3.3/sourcery-g++/bin/../lib/gcc/arm-none-eabi/4.4.1/../../../../arm-none-eabi/lib/thumb2\libc.a(lib_a-init.o)
 .debug_frame   0x00000cc4       0x28 c:/microsemi/softconsole v3.3/sourcery-g++/bin/../lib/gcc/arm-none-eabi/4.4.1/../../../../arm-none-eabi/lib/thumb2\libc.a(lib_a-memset.o)
 .debug_frame   0x00000cec       0x5c c:/microsemi/softconsole v3.3/sourcery-g++/bin/../lib/gcc/arm-none-eabi/4.4.1/../../../../arm-none-eabi/lib/thumb2\libc.a(lib_a-printf.o)
 .debug_frame   0x00000d48       0x70 c:/microsemi/softconsole v3.3/sourcery-g++/bin/../lib/gcc/arm-none-eabi/4.4.1/../../../../arm-none-eabi/lib/thumb2\libc.a(lib_a-vfprintf.o)
 .debug_frame   0x00000db8       0x2c c:/microsemi/softconsole v3.3/sourcery-g++/bin/../lib/gcc/arm-none-eabi/4.4.1/../../../../arm-none-eabi/lib/thumb2\libc.a(lib_a-wsetup.o)
 .debug_frame   0x00000de4       0x64 c:/microsemi/softconsole v3.3/sourcery-g++/bin/../lib/gcc/arm-none-eabi/4.4.1/../../../../arm-none-eabi/lib/thumb2\libc.a(lib_a-dtoa.o)
 .debug_frame   0x00000e48       0x40 c:/microsemi/softconsole v3.3/sourcery-g++/bin/../lib/gcc/arm-none-eabi/4.4.1/../../../../arm-none-eabi/lib/thumb2\libc.a(lib_a-fflush.o)
 .debug_frame   0x00000e88      0x11c c:/microsemi/softconsole v3.3/sourcery-g++/bin/../lib/gcc/arm-none-eabi/4.4.1/../../../../arm-none-eabi/lib/thumb2\libc.a(lib_a-findfp.o)
 .debug_frame   0x00000fa4       0x50 c:/microsemi/softconsole v3.3/sourcery-g++/bin/../lib/gcc/arm-none-eabi/4.4.1/../../../../arm-none-eabi/lib/thumb2\libc.a(lib_a-freer.o)
 .debug_frame   0x00000ff4       0x3c c:/microsemi/softconsole v3.3/sourcery-g++/bin/../lib/gcc/arm-none-eabi/4.4.1/../../../../arm-none-eabi/lib/thumb2\libc.a(lib_a-fvwrite.o)
 .debug_frame   0x00001030       0x54 c:/microsemi/softconsole v3.3/sourcery-g++/bin/../lib/gcc/arm-none-eabi/4.4.1/../../../../arm-none-eabi/lib/thumb2\libc.a(lib_a-fwalk.o)
 .debug_frame   0x00001084       0x6c c:/microsemi/softconsole v3.3/sourcery-g++/bin/../lib/gcc/arm-none-eabi/4.4.1/../../../../arm-none-eabi/lib/thumb2\libc.a(lib_a-locale.o)
 .debug_frame   0x000010f0       0x34 c:/microsemi/softconsole v3.3/sourcery-g++/bin/../lib/gcc/arm-none-eabi/4.4.1/../../../../arm-none-eabi/lib/thumb2\libc.a(lib_a-makebuf.o)
 .debug_frame   0x00001124       0x30 c:/microsemi/softconsole v3.3/sourcery-g++/bin/../lib/gcc/arm-none-eabi/4.4.1/../../../../arm-none-eabi/lib/thumb2\libc.a(lib_a-malloc.o)
 .debug_frame   0x00001154       0x3c c:/microsemi/softconsole v3.3/sourcery-g++/bin/../lib/gcc/arm-none-eabi/4.4.1/../../../../arm-none-eabi/lib/thumb2\libc.a(lib_a-mallocr.o)
 .debug_frame   0x00001190       0x28 c:/microsemi/softconsole v3.3/sourcery-g++/bin/../lib/gcc/arm-none-eabi/4.4.1/../../../../arm-none-eabi/lib/thumb2\libc.a(lib_a-memchr.o)
 .debug_frame   0x000011b8       0x34 c:/microsemi/softconsole v3.3/sourcery-g++/bin/../lib/gcc/arm-none-eabi/4.4.1/../../../../arm-none-eabi/lib/thumb2\libc.a(lib_a-memcpy.o)
 .debug_frame   0x000011ec       0x2c c:/microsemi/softconsole v3.3/sourcery-g++/bin/../lib/gcc/arm-none-eabi/4.4.1/../../../../arm-none-eabi/lib/thumb2\libc.a(lib_a-memmove.o)
 .debug_frame   0x00001218       0x30 c:/microsemi/softconsole v3.3/sourcery-g++/bin/../lib/gcc/arm-none-eabi/4.4.1/../../../../arm-none-eabi/lib/thumb2\libc.a(lib_a-mlock.o)
 .debug_frame   0x00001248      0x240 c:/microsemi/softconsole v3.3/sourcery-g++/bin/../lib/gcc/arm-none-eabi/4.4.1/../../../../arm-none-eabi/lib/thumb2\libc.a(lib_a-mprec.o)
 .debug_frame   0x00001488       0x3c c:/microsemi/softconsole v3.3/sourcery-g++/bin/../lib/gcc/arm-none-eabi/4.4.1/../../../../arm-none-eabi/lib/thumb2\libc.a(lib_a-reallocr.o)
 .debug_frame   0x000014c4       0x20 c:/microsemi/softconsole v3.3/sourcery-g++/bin/../lib/gcc/arm-none-eabi/4.4.1/../../../../arm-none-eabi/lib/thumb2\libc.a(lib_a-s_isinfd.o)
 .debug_frame   0x000014e4       0x20 c:/microsemi/softconsole v3.3/sourcery-g++/bin/../lib/gcc/arm-none-eabi/4.4.1/../../../../arm-none-eabi/lib/thumb2\libc.a(lib_a-s_isnand.o)
 .debug_frame   0x00001504       0x2c c:/microsemi/softconsole v3.3/sourcery-g++/bin/../lib/gcc/arm-none-eabi/4.4.1/../../../../arm-none-eabi/lib/thumb2\libc.a(lib_a-sbrkr.o)
 .debug_frame   0x00001530       0x70 c:/microsemi/softconsole v3.3/sourcery-g++/bin/../lib/gcc/arm-none-eabi/4.4.1/../../../../arm-none-eabi/lib/thumb2\libc.a(lib_a-stdio.o)
 .debug_frame   0x000015a0       0x30 c:/microsemi/softconsole v3.3/sourcery-g++/bin/../lib/gcc/arm-none-eabi/4.4.1/../../../../arm-none-eabi/lib/thumb2\libc.a(lib_a-strcmp.o)
 .debug_frame   0x000015d0       0x20 c:/microsemi/softconsole v3.3/sourcery-g++/bin/../lib/gcc/arm-none-eabi/4.4.1/../../../../arm-none-eabi/lib/thumb2\libc.a(lib_a-strlen.o)
 .debug_frame   0x000015f0       0x2c c:/microsemi/softconsole v3.3/sourcery-g++/bin/../lib/gcc/arm-none-eabi/4.4.1/../../../../arm-none-eabi/lib/thumb2\libc.a(lib_a-callocr.o)
 .debug_frame   0x0000161c       0x2c c:/microsemi/softconsole v3.3/sourcery-g++/bin/../lib/gcc/arm-none-eabi/4.4.1/../../../../arm-none-eabi/lib/thumb2\libc.a(lib_a-closer.o)
 .debug_frame   0x00001648       0x3c c:/microsemi/softconsole v3.3/sourcery-g++/bin/../lib/gcc/arm-none-eabi/4.4.1/../../../../arm-none-eabi/lib/thumb2\libc.a(lib_a-fclose.o)
 .debug_frame   0x00001684       0x2c c:/microsemi/softconsole v3.3/sourcery-g++/bin/../lib/gcc/arm-none-eabi/4.4.1/../../../../arm-none-eabi/lib/thumb2\libc.a(lib_a-fstatr.o)
 .debug_frame   0x000016b0       0x2c c:/microsemi/softconsole v3.3/sourcery-g++/bin/../lib/gcc/arm-none-eabi/4.4.1/../../../../arm-none-eabi/lib/thumb2\libc.a(lib_a-isattyr.o)
 .debug_frame   0x000016dc       0x2c c:/microsemi/softconsole v3.3/sourcery-g++/bin/../lib/gcc/arm-none-eabi/4.4.1/../../../../arm-none-eabi/lib/thumb2\libc.a(lib_a-lseekr.o)
 .debug_frame   0x00001708       0x2c c:/microsemi/softconsole v3.3/sourcery-g++/bin/../lib/gcc/arm-none-eabi/4.4.1/../../../../arm-none-eabi/lib/thumb2\libc.a(lib_a-readr.o)
 .debug_frame   0x00001734       0x64 c:/microsemi/softconsole v3.3/sourcery-g++/bin/../lib/gcc/arm-none-eabi/4.4.1/../../../../arm-none-eabi/lib/thumb2\libc.a(lib_a-reent.o)
 .debug_frame   0x00001798       0x20 c:/microsemi/softconsole v3.3/sourcery-g++/bin/../lib/gcc/arm-none-eabi/4.4.1/thumb2\libgcc.a(_udivsi3.o)
 .debug_frame   0x000017b8       0x50 c:/microsemi/softconsole v3.3/sourcery-g++/bin/../lib/gcc/arm-none-eabi/4.4.1/thumb2\libgcc.a(bpabi.o)
 .debug_frame   0x00001808       0x3c c:/microsemi/softconsole v3.3/sourcery-g++/bin/../lib/gcc/arm-none-eabi/4.4.1/thumb2\libgcc.a(_divdi3.o)
 .debug_frame   0x00001844       0x3c c:/microsemi/softconsole v3.3/sourcery-g++/bin/../lib/gcc/arm-none-eabi/4.4.1/thumb2\libgcc.a(_udivdi3.o)

.debug_str      0x00000000     0x216f
 *(.debug_str)
 .debug_str     0x00000000     0x1103 ./main.o
                               0x11a9 (size before relaxing)
 .debug_str     0x00001103      0x492 C:/Users/mtstacho/Desktop/grideye/SoftConsole/grideye_mss_MSS_CM3_0/grideye_mss_MSS_CM3_0_hw_platform/Debug/CMSIS/startup_gcc/newlib_stubs.o
                               0x10ac (size before relaxing)
 .debug_str     0x00001595      0x60b C:\Users\mtstacho\Desktop\grideye\SoftConsole\grideye_mss_MSS_CM3_0\grideye_mss_MSS_CM3_0_hw_platform\Debug\libgrideye_mss_MSS_CM3_0_hw_platform.a(mss_uart.o)
                               0x14bd (size before relaxing)
 .debug_str     0x00001ba0      0x396 C:\Users\mtstacho\Desktop\grideye\SoftConsole\grideye_mss_MSS_CM3_0\grideye_mss_MSS_CM3_0_hw_platform\Debug\libgrideye_mss_MSS_CM3_0_hw_platform.a(mss_i2c.o)
                               0x175d (size before relaxing)
 .debug_str     0x00001f36      0x142 C:\Users\mtstacho\Desktop\grideye\SoftConsole\grideye_mss_MSS_CM3_0\grideye_mss_MSS_CM3_0_hw_platform\Debug\libgrideye_mss_MSS_CM3_0_hw_platform.a(core_cm3.o)
                                0x273 (size before relaxing)
 .debug_str     0x00002078       0xf7 C:\Users\mtstacho\Desktop\grideye\SoftConsole\grideye_mss_MSS_CM3_0\grideye_mss_MSS_CM3_0_hw_platform\Debug\libgrideye_mss_MSS_CM3_0_hw_platform.a(system_a2fxxxm3.o)
                                0x460 (size before relaxing)

.debug_loc      0x00000000     0x1598
 *(.debug_loc)
 .debug_loc     0x00000000      0x115 ./main.o
 .debug_loc     0x00000115      0x3c6 C:/Users/mtstacho/Desktop/grideye/SoftConsole/grideye_mss_MSS_CM3_0/grideye_mss_MSS_CM3_0_hw_platform/Debug/CMSIS/startup_gcc/newlib_stubs.o
 .debug_loc     0x000004db      0x510 C:\Users\mtstacho\Desktop\grideye\SoftConsole\grideye_mss_MSS_CM3_0\grideye_mss_MSS_CM3_0_hw_platform\Debug\libgrideye_mss_MSS_CM3_0_hw_platform.a(mss_uart.o)
 .debug_loc     0x000009eb      0x736 C:\Users\mtstacho\Desktop\grideye\SoftConsole\grideye_mss_MSS_CM3_0\grideye_mss_MSS_CM3_0_hw_platform\Debug\libgrideye_mss_MSS_CM3_0_hw_platform.a(mss_i2c.o)
 .debug_loc     0x00001121      0x3de C:\Users\mtstacho\Desktop\grideye\SoftConsole\grideye_mss_MSS_CM3_0\grideye_mss_MSS_CM3_0_hw_platform\Debug\libgrideye_mss_MSS_CM3_0_hw_platform.a(core_cm3.o)
 .debug_loc     0x000014ff       0x99 C:\Users\mtstacho\Desktop\grideye\SoftConsole\grideye_mss_MSS_CM3_0\grideye_mss_MSS_CM3_0_hw_platform\Debug\libgrideye_mss_MSS_CM3_0_hw_platform.a(system_a2fxxxm3.o)

.debug_macinfo  0x00000000    0x2703f
 *(.debug_macinfo)
 .debug_macinfo
                0x00000000     0x8e18 ./main.o
 .debug_macinfo
                0x00008e18     0x9965 C:/Users/mtstacho/Desktop/grideye/SoftConsole/grideye_mss_MSS_CM3_0/grideye_mss_MSS_CM3_0_hw_platform/Debug/CMSIS/startup_gcc/newlib_stubs.o
 .debug_macinfo
                0x0001277d     0x63e4 C:\Users\mtstacho\Desktop\grideye\SoftConsole\grideye_mss_MSS_CM3_0\grideye_mss_MSS_CM3_0_hw_platform\Debug\libgrideye_mss_MSS_CM3_0_hw_platform.a(mss_uart.o)
 .debug_macinfo
                0x00018b61     0x7519 C:\Users\mtstacho\Desktop\grideye\SoftConsole\grideye_mss_MSS_CM3_0\grideye_mss_MSS_CM3_0_hw_platform\Debug\libgrideye_mss_MSS_CM3_0_hw_platform.a(mss_i2c.o)
 .debug_macinfo
                0x0002007a     0x152c C:\Users\mtstacho\Desktop\grideye\SoftConsole\grideye_mss_MSS_CM3_0\grideye_mss_MSS_CM3_0_hw_platform\Debug\libgrideye_mss_MSS_CM3_0_hw_platform.a(core_cm3.o)
 .debug_macinfo
                0x000215a6     0x5a99 C:\Users\mtstacho\Desktop\grideye\SoftConsole\grideye_mss_MSS_CM3_0\grideye_mss_MSS_CM3_0_hw_platform\Debug\libgrideye_mss_MSS_CM3_0_hw_platform.a(system_a2fxxxm3.o)

.debug_weaknames
 *(.debug_weaknames)

.debug_funcnames
 *(.debug_funcnames)

.debug_typenames
 *(.debug_typenames)

.debug_varnames
 *(.debug_varnames)

.note.gnu.arm.ident
 *(.note.gnu.arm.ident)

.ARM.attributes
                0x00000000       0x25
 *(.ARM.attributes)
 .ARM.attributes
                0x00000000       0x19 c:/microsemi/softconsole v3.3/sourcery-g++/bin/../lib/gcc/arm-none-eabi/4.4.1/thumb2/crti.o
 .ARM.attributes
                0x00000019       0x29 c:/microsemi/softconsole v3.3/sourcery-g++/bin/../lib/gcc/arm-none-eabi/4.4.1/thumb2/crtbegin.o
 .ARM.attributes
                0x00000042       0x31 ./main.o
 .ARM.attributes
                0x00000073       0x21 C:/Users/mtstacho/Desktop/grideye/SoftConsole/grideye_mss_MSS_CM3_0/grideye_mss_MSS_CM3_0_hw_platform/Debug/CMSIS/startup_gcc/startup_a2fxxxm3.o
 .ARM.attributes
                0x00000094       0x31 C:/Users/mtstacho/Desktop/grideye/SoftConsole/grideye_mss_MSS_CM3_0/grideye_mss_MSS_CM3_0_hw_platform/Debug/CMSIS/startup_gcc/newlib_stubs.o
 .ARM.attributes
                0x000000c5       0x31 C:\Users\mtstacho\Desktop\grideye\SoftConsole\grideye_mss_MSS_CM3_0\grideye_mss_MSS_CM3_0_hw_platform\Debug\libgrideye_mss_MSS_CM3_0_hw_platform.a(mss_uart.o)
 .ARM.attributes
                0x000000f6       0x31 C:\Users\mtstacho\Desktop\grideye\SoftConsole\grideye_mss_MSS_CM3_0\grideye_mss_MSS_CM3_0_hw_platform\Debug\libgrideye_mss_MSS_CM3_0_hw_platform.a(mss_i2c.o)
 .ARM.attributes
                0x00000127       0x31 C:\Users\mtstacho\Desktop\grideye\SoftConsole\grideye_mss_MSS_CM3_0\grideye_mss_MSS_CM3_0_hw_platform\Debug\libgrideye_mss_MSS_CM3_0_hw_platform.a(core_cm3.o)
 .ARM.attributes
                0x00000158       0x31 C:\Users\mtstacho\Desktop\grideye\SoftConsole\grideye_mss_MSS_CM3_0\grideye_mss_MSS_CM3_0_hw_platform\Debug\libgrideye_mss_MSS_CM3_0_hw_platform.a(system_a2fxxxm3.o)
 .ARM.attributes
                0x00000189       0x1b c:/microsemi/softconsole v3.3/sourcery-g++/bin/../lib/gcc/arm-none-eabi/4.4.1/thumb2\libgcc.a(_arm_addsubdf3.o)
 .ARM.attributes
                0x000001a4       0x1b c:/microsemi/softconsole v3.3/sourcery-g++/bin/../lib/gcc/arm-none-eabi/4.4.1/thumb2\libgcc.a(_arm_addsubsf3.o)
 .ARM.attributes
                0x000001bf       0x1b c:/microsemi/softconsole v3.3/sourcery-g++/bin/../lib/gcc/arm-none-eabi/4.4.1/thumb2\libgcc.a(_arm_muldivsf3.o)
 .ARM.attributes
                0x000001da       0x29 c:/microsemi/softconsole v3.3/sourcery-g++/bin/../lib/gcc/arm-none-eabi/4.4.1/../../../../arm-none-eabi/lib/thumb2\libc.a(lib_a-errno.o)
 .ARM.attributes
                0x00000203       0x29 c:/microsemi/softconsole v3.3/sourcery-g++/bin/../lib/gcc/arm-none-eabi/4.4.1/../../../../arm-none-eabi/lib/thumb2\libc.a(lib_a-impure.o)
 .ARM.attributes
                0x0000022c       0x29 c:/microsemi/softconsole v3.3/sourcery-g++/bin/../lib/gcc/arm-none-eabi/4.4.1/../../../../arm-none-eabi/lib/thumb2\libc.a(lib_a-init.o)
 .ARM.attributes
                0x00000255       0x29 c:/microsemi/softconsole v3.3/sourcery-g++/bin/../lib/gcc/arm-none-eabi/4.4.1/../../../../arm-none-eabi/lib/thumb2\libc.a(lib_a-memset.o)
 .ARM.attributes
                0x0000027e       0x29 c:/microsemi/softconsole v3.3/sourcery-g++/bin/../lib/gcc/arm-none-eabi/4.4.1/../../../../arm-none-eabi/lib/thumb2\libc.a(lib_a-printf.o)
 .ARM.attributes
                0x000002a7       0x29 c:/microsemi/softconsole v3.3/sourcery-g++/bin/../lib/gcc/arm-none-eabi/4.4.1/../../../../arm-none-eabi/lib/thumb2\libc.a(lib_a-vfprintf.o)
 .ARM.attributes
                0x000002d0       0x29 c:/microsemi/softconsole v3.3/sourcery-g++/bin/../lib/gcc/arm-none-eabi/4.4.1/../../../../arm-none-eabi/lib/thumb2\libc.a(lib_a-wsetup.o)
 .ARM.attributes
                0x000002f9       0x29 c:/microsemi/softconsole v3.3/sourcery-g++/bin/../lib/gcc/arm-none-eabi/4.4.1/../../../../arm-none-eabi/lib/thumb2\libc.a(lib_a-dtoa.o)
 .ARM.attributes
                0x00000322       0x29 c:/microsemi/softconsole v3.3/sourcery-g++/bin/../lib/gcc/arm-none-eabi/4.4.1/../../../../arm-none-eabi/lib/thumb2\libc.a(lib_a-fflush.o)
 .ARM.attributes
                0x0000034b       0x29 c:/microsemi/softconsole v3.3/sourcery-g++/bin/../lib/gcc/arm-none-eabi/4.4.1/../../../../arm-none-eabi/lib/thumb2\libc.a(lib_a-findfp.o)
 .ARM.attributes
                0x00000374       0x29 c:/microsemi/softconsole v3.3/sourcery-g++/bin/../lib/gcc/arm-none-eabi/4.4.1/../../../../arm-none-eabi/lib/thumb2\libc.a(lib_a-freer.o)
 .ARM.attributes
                0x0000039d       0x29 c:/microsemi/softconsole v3.3/sourcery-g++/bin/../lib/gcc/arm-none-eabi/4.4.1/../../../../arm-none-eabi/lib/thumb2\libc.a(lib_a-fvwrite.o)
 .ARM.attributes
                0x000003c6       0x29 c:/microsemi/softconsole v3.3/sourcery-g++/bin/../lib/gcc/arm-none-eabi/4.4.1/../../../../arm-none-eabi/lib/thumb2\libc.a(lib_a-fwalk.o)
 .ARM.attributes
                0x000003ef       0x29 c:/microsemi/softconsole v3.3/sourcery-g++/bin/../lib/gcc/arm-none-eabi/4.4.1/../../../../arm-none-eabi/lib/thumb2\libc.a(lib_a-locale.o)
 .ARM.attributes
                0x00000418       0x29 c:/microsemi/softconsole v3.3/sourcery-g++/bin/../lib/gcc/arm-none-eabi/4.4.1/../../../../arm-none-eabi/lib/thumb2\libc.a(lib_a-makebuf.o)
 .ARM.attributes
                0x00000441       0x29 c:/microsemi/softconsole v3.3/sourcery-g++/bin/../lib/gcc/arm-none-eabi/4.4.1/../../../../arm-none-eabi/lib/thumb2\libc.a(lib_a-malloc.o)
 .ARM.attributes
                0x0000046a       0x29 c:/microsemi/softconsole v3.3/sourcery-g++/bin/../lib/gcc/arm-none-eabi/4.4.1/../../../../arm-none-eabi/lib/thumb2\libc.a(lib_a-mallocr.o)
 .ARM.attributes
                0x00000493       0x29 c:/microsemi/softconsole v3.3/sourcery-g++/bin/../lib/gcc/arm-none-eabi/4.4.1/../../../../arm-none-eabi/lib/thumb2\libc.a(lib_a-memchr.o)
 .ARM.attributes
                0x000004bc       0x29 c:/microsemi/softconsole v3.3/sourcery-g++/bin/../lib/gcc/arm-none-eabi/4.4.1/../../../../arm-none-eabi/lib/thumb2\libc.a(lib_a-memcpy.o)
 .ARM.attributes
                0x000004e5       0x29 c:/microsemi/softconsole v3.3/sourcery-g++/bin/../lib/gcc/arm-none-eabi/4.4.1/../../../../arm-none-eabi/lib/thumb2\libc.a(lib_a-memmove.o)
 .ARM.attributes
                0x0000050e       0x29 c:/microsemi/softconsole v3.3/sourcery-g++/bin/../lib/gcc/arm-none-eabi/4.4.1/../../../../arm-none-eabi/lib/thumb2\libc.a(lib_a-mlock.o)
 .ARM.attributes
                0x00000537       0x29 c:/microsemi/softconsole v3.3/sourcery-g++/bin/../lib/gcc/arm-none-eabi/4.4.1/../../../../arm-none-eabi/lib/thumb2\libc.a(lib_a-mprec.o)
 .ARM.attributes
                0x00000560       0x29 c:/microsemi/softconsole v3.3/sourcery-g++/bin/../lib/gcc/arm-none-eabi/4.4.1/../../../../arm-none-eabi/lib/thumb2\libc.a(lib_a-reallocr.o)
 .ARM.attributes
                0x00000589       0x29 c:/microsemi/softconsole v3.3/sourcery-g++/bin/../lib/gcc/arm-none-eabi/4.4.1/../../../../arm-none-eabi/lib/thumb2\libc.a(lib_a-s_isinfd.o)
 .ARM.attributes
                0x000005b2       0x29 c:/microsemi/softconsole v3.3/sourcery-g++/bin/../lib/gcc/arm-none-eabi/4.4.1/../../../../arm-none-eabi/lib/thumb2\libc.a(lib_a-s_isnand.o)
 .ARM.attributes
                0x000005db       0x29 c:/microsemi/softconsole v3.3/sourcery-g++/bin/../lib/gcc/arm-none-eabi/4.4.1/../../../../arm-none-eabi/lib/thumb2\libc.a(lib_a-sbrkr.o)
 .ARM.attributes
                0x00000604       0x29 c:/microsemi/softconsole v3.3/sourcery-g++/bin/../lib/gcc/arm-none-eabi/4.4.1/../../../../arm-none-eabi/lib/thumb2\libc.a(lib_a-stdio.o)
 .ARM.attributes
                0x0000062d       0x29 c:/microsemi/softconsole v3.3/sourcery-g++/bin/../lib/gcc/arm-none-eabi/4.4.1/../../../../arm-none-eabi/lib/thumb2\libc.a(lib_a-strcmp.o)
 .ARM.attributes
                0x00000656       0x29 c:/microsemi/softconsole v3.3/sourcery-g++/bin/../lib/gcc/arm-none-eabi/4.4.1/../../../../arm-none-eabi/lib/thumb2\libc.a(lib_a-strlen.o)
 .ARM.attributes
                0x0000067f       0x29 c:/microsemi/softconsole v3.3/sourcery-g++/bin/../lib/gcc/arm-none-eabi/4.4.1/../../../../arm-none-eabi/lib/thumb2\libc.a(lib_a-callocr.o)
 .ARM.attributes
                0x000006a8       0x29 c:/microsemi/softconsole v3.3/sourcery-g++/bin/../lib/gcc/arm-none-eabi/4.4.1/../../../../arm-none-eabi/lib/thumb2\libc.a(lib_a-closer.o)
 .ARM.attributes
                0x000006d1       0x29 c:/microsemi/softconsole v3.3/sourcery-g++/bin/../lib/gcc/arm-none-eabi/4.4.1/../../../../arm-none-eabi/lib/thumb2\libc.a(lib_a-fclose.o)
 .ARM.attributes
                0x000006fa       0x29 c:/microsemi/softconsole v3.3/sourcery-g++/bin/../lib/gcc/arm-none-eabi/4.4.1/../../../../arm-none-eabi/lib/thumb2\libc.a(lib_a-fstatr.o)
 .ARM.attributes
                0x00000723       0x29 c:/microsemi/softconsole v3.3/sourcery-g++/bin/../lib/gcc/arm-none-eabi/4.4.1/../../../../arm-none-eabi/lib/thumb2\libc.a(lib_a-isattyr.o)
 .ARM.attributes
                0x0000074c       0x29 c:/microsemi/softconsole v3.3/sourcery-g++/bin/../lib/gcc/arm-none-eabi/4.4.1/../../../../arm-none-eabi/lib/thumb2\libc.a(lib_a-lseekr.o)
 .ARM.attributes
                0x00000775       0x29 c:/microsemi/softconsole v3.3/sourcery-g++/bin/../lib/gcc/arm-none-eabi/4.4.1/../../../../arm-none-eabi/lib/thumb2\libc.a(lib_a-readr.o)
 .ARM.attributes
                0x0000079e       0x29 c:/microsemi/softconsole v3.3/sourcery-g++/bin/../lib/gcc/arm-none-eabi/4.4.1/../../../../arm-none-eabi/lib/thumb2\libc.a(lib_a-reent.o)
 .ARM.attributes
                0x000007c7       0x1b c:/microsemi/softconsole v3.3/sourcery-g++/bin/../lib/gcc/arm-none-eabi/4.4.1/thumb2\libgcc.a(_udivsi3.o)
 .ARM.attributes
                0x000007e2       0x1b c:/microsemi/softconsole v3.3/sourcery-g++/bin/../lib/gcc/arm-none-eabi/4.4.1/thumb2\libgcc.a(_dvmd_tls.o)
 .ARM.attributes
                0x000007fd       0x1b c:/microsemi/softconsole v3.3/sourcery-g++/bin/../lib/gcc/arm-none-eabi/4.4.1/thumb2\libgcc.a(_arm_muldivdf3.o)
 .ARM.attributes
                0x00000818       0x1b c:/microsemi/softconsole v3.3/sourcery-g++/bin/../lib/gcc/arm-none-eabi/4.4.1/thumb2\libgcc.a(_arm_cmpdf2.o)
 .ARM.attributes
                0x00000833       0x1b c:/microsemi/softconsole v3.3/sourcery-g++/bin/../lib/gcc/arm-none-eabi/4.4.1/thumb2\libgcc.a(_arm_fixdfsi.o)
 .ARM.attributes
                0x0000084e       0x1b c:/microsemi/softconsole v3.3/sourcery-g++/bin/../lib/gcc/arm-none-eabi/4.4.1/thumb2\libgcc.a(_aeabi_uldivmod.o)
 .ARM.attributes
                0x00000869       0x29 c:/microsemi/softconsole v3.3/sourcery-g++/bin/../lib/gcc/arm-none-eabi/4.4.1/thumb2\libgcc.a(bpabi.o)
 .ARM.attributes
                0x00000892       0x29 c:/microsemi/softconsole v3.3/sourcery-g++/bin/../lib/gcc/arm-none-eabi/4.4.1/thumb2\libgcc.a(_divdi3.o)
 .ARM.attributes
                0x000008bb       0x29 c:/microsemi/softconsole v3.3/sourcery-g++/bin/../lib/gcc/arm-none-eabi/4.4.1/thumb2\libgcc.a(_udivdi3.o)
 .ARM.attributes
                0x000008e4       0x29 c:/microsemi/softconsole v3.3/sourcery-g++/bin/../lib/gcc/arm-none-eabi/4.4.1/thumb2/crtend.o
 .ARM.attributes
                0x0000090d       0x19 c:/microsemi/softconsole v3.3/sourcery-g++/bin/../lib/gcc/arm-none-eabi/4.4.1/thumb2/crtn.o

/DISCARD/
 *(.note.GNU-stack)
 *(.isr_vector)
OUTPUT(grideye_mss_MSS_CM3_0_app elf32-littlearm)

.debug_ranges   0x00000000      0x3c8
 .debug_ranges  0x00000000       0x38 ./main.o
 .debug_ranges  0x00000038       0xa0 C:/Users/mtstacho/Desktop/grideye/SoftConsole/grideye_mss_MSS_CM3_0/grideye_mss_MSS_CM3_0_hw_platform/Debug/CMSIS/startup_gcc/newlib_stubs.o
 .debug_ranges  0x000000d8       0xd0 C:\Users\mtstacho\Desktop\grideye\SoftConsole\grideye_mss_MSS_CM3_0\grideye_mss_MSS_CM3_0_hw_platform\Debug\libgrideye_mss_MSS_CM3_0_hw_platform.a(mss_uart.o)
 .debug_ranges  0x000001a8      0x138 C:\Users\mtstacho\Desktop\grideye\SoftConsole\grideye_mss_MSS_CM3_0\grideye_mss_MSS_CM3_0_hw_platform\Debug\libgrideye_mss_MSS_CM3_0_hw_platform.a(mss_i2c.o)
 .debug_ranges  0x000002e0       0xc0 C:\Users\mtstacho\Desktop\grideye\SoftConsole\grideye_mss_MSS_CM3_0\grideye_mss_MSS_CM3_0_hw_platform\Debug\libgrideye_mss_MSS_CM3_0_hw_platform.a(core_cm3.o)
 .debug_ranges  0x000003a0       0x28 C:\Users\mtstacho\Desktop\grideye\SoftConsole\grideye_mss_MSS_CM3_0\grideye_mss_MSS_CM3_0_hw_platform\Debug\libgrideye_mss_MSS_CM3_0_hw_platform.a(system_a2fxxxm3.o)
