Archive member included because of file (symbol)

C:\Users\mtstacho\Desktop\grideye\SoftConsole\grideye_mss_MSS_CM3_0\grideye_mss_MSS_CM3_0_hw_platform\Debug\libgrideye_mss_MSS_CM3_0_hw_platform.a(mss_uart.o)
                              C:/Users/mtstacho/Desktop/grideye/SoftConsole/grideye_mss_MSS_CM3_0/grideye_mss_MSS_CM3_0_hw_platform/Debug/CMSIS/startup_gcc/newlib_stubs.o (g_mss_uart0)
C:\Users\mtstacho\Desktop\grideye\SoftConsole\grideye_mss_MSS_CM3_0\grideye_mss_MSS_CM3_0_hw_platform\Debug\libgrideye_mss_MSS_CM3_0_hw_platform.a(mss_i2c.o)
                              ./main.o (g_mss_i2c1)
C:\Users\mtstacho\Desktop\grideye\SoftConsole\grideye_mss_MSS_CM3_0\grideye_mss_MSS_CM3_0_hw_platform\Debug\libgrideye_mss_MSS_CM3_0_hw_platform.a(core_cm3.o)
                              C:\Users\mtstacho\Desktop\grideye\SoftConsole\grideye_mss_MSS_CM3_0\grideye_mss_MSS_CM3_0_hw_platform\Debug\libgrideye_mss_MSS_CM3_0_hw_platform.a(mss_i2c.o) (__get_PRIMASK)
C:\Users\mtstacho\Desktop\grideye\SoftConsole\grideye_mss_MSS_CM3_0\grideye_mss_MSS_CM3_0_hw_platform\Debug\libgrideye_mss_MSS_CM3_0_hw_platform.a(system_a2fxxxm3.o)
                              C:\Users\mtstacho\Desktop\grideye\SoftConsole\grideye_mss_MSS_CM3_0\grideye_mss_MSS_CM3_0_hw_platform\Debug\libgrideye_mss_MSS_CM3_0_hw_platform.a(mss_uart.o) (g_FrequencyPCLK0)
c:/microsemi/softconsole v3.3/sourcery-g++/bin/../lib/gcc/arm-none-eabi/4.4.1/thumb2\libgcc.a(_arm_addsubsf3.o)
                              ./main.o (__aeabi_i2f)
c:/microsemi/softconsole v3.3/sourcery-g++/bin/../lib/gcc/arm-none-eabi/4.4.1/thumb2\libgcc.a(_arm_muldivsf3.o)
                              ./main.o (__aeabi_fmul)
c:/microsemi/softconsole v3.3/sourcery-g++/bin/../lib/gcc/arm-none-eabi/4.4.1/thumb2\libgcc.a(_arm_cmpsf2.o)
                              ./main.o (__aeabi_fcmpgt)
c:/microsemi/softconsole v3.3/sourcery-g++/bin/../lib/gcc/arm-none-eabi/4.4.1/../../../../arm-none-eabi/lib/thumb2\libc.a(lib_a-errno.o)
                              C:/Users/mtstacho/Desktop/grideye/SoftConsole/grideye_mss_MSS_CM3_0/grideye_mss_MSS_CM3_0_hw_platform/Debug/CMSIS/startup_gcc/newlib_stubs.o (__errno)
c:/microsemi/softconsole v3.3/sourcery-g++/bin/../lib/gcc/arm-none-eabi/4.4.1/../../../../arm-none-eabi/lib/thumb2\libc.a(lib_a-impure.o)
                              c:/microsemi/softconsole v3.3/sourcery-g++/bin/../lib/gcc/arm-none-eabi/4.4.1/../../../../arm-none-eabi/lib/thumb2\libc.a(lib_a-errno.o) (_impure_ptr)
c:/microsemi/softconsole v3.3/sourcery-g++/bin/../lib/gcc/arm-none-eabi/4.4.1/../../../../arm-none-eabi/lib/thumb2\libc.a(lib_a-init.o)
                              C:/Users/mtstacho/Desktop/grideye/SoftConsole/grideye_mss_MSS_CM3_0/grideye_mss_MSS_CM3_0_hw_platform/Debug/CMSIS/startup_gcc/startup_a2fxxxm3.o (__libc_init_array)
c:/microsemi/softconsole v3.3/sourcery-g++/bin/../lib/gcc/arm-none-eabi/4.4.1/../../../../arm-none-eabi/lib/thumb2\libc.a(lib_a-memset.o)
                              ./main.o (memset)
c:/microsemi/softconsole v3.3/sourcery-g++/bin/../lib/gcc/arm-none-eabi/4.4.1/../../../../arm-none-eabi/lib/thumb2\libc.a(lib_a-printf.o)
                              ./main.o (printf)
c:/microsemi/softconsole v3.3/sourcery-g++/bin/../lib/gcc/arm-none-eabi/4.4.1/../../../../arm-none-eabi/lib/thumb2\libc.a(lib_a-puts.o)
                              ./main.o (puts)
c:/microsemi/softconsole v3.3/sourcery-g++/bin/../lib/gcc/arm-none-eabi/4.4.1/../../../../arm-none-eabi/lib/thumb2\libc.a(lib_a-strlen.o)
                              c:/microsemi/softconsole v3.3/sourcery-g++/bin/../lib/gcc/arm-none-eabi/4.4.1/../../../../arm-none-eabi/lib/thumb2\libc.a(lib_a-puts.o) (strlen)
c:/microsemi/softconsole v3.3/sourcery-g++/bin/../lib/gcc/arm-none-eabi/4.4.1/../../../../arm-none-eabi/lib/thumb2\libc.a(lib_a-vfprintf.o)
                              c:/microsemi/softconsole v3.3/sourcery-g++/bin/../lib/gcc/arm-none-eabi/4.4.1/../../../../arm-none-eabi/lib/thumb2\libc.a(lib_a-printf.o) (_vfprintf_r)
c:/microsemi/softconsole v3.3/sourcery-g++/bin/../lib/gcc/arm-none-eabi/4.4.1/../../../../arm-none-eabi/lib/thumb2\libc.a(lib_a-wsetup.o)
                              c:/microsemi/softconsole v3.3/sourcery-g++/bin/../lib/gcc/arm-none-eabi/4.4.1/../../../../arm-none-eabi/lib/thumb2\libc.a(lib_a-vfprintf.o) (__swsetup_r)
c:/microsemi/softconsole v3.3/sourcery-g++/bin/../lib/gcc/arm-none-eabi/4.4.1/../../../../arm-none-eabi/lib/thumb2\libc.a(lib_a-dtoa.o)
                              c:/microsemi/softconsole v3.3/sourcery-g++/bin/../lib/gcc/arm-none-eabi/4.4.1/../../../../arm-none-eabi/lib/thumb2\libc.a(lib_a-vfprintf.o) (_dtoa_r)
c:/microsemi/softconsole v3.3/sourcery-g++/bin/../lib/gcc/arm-none-eabi/4.4.1/../../../../arm-none-eabi/lib/thumb2\libc.a(lib_a-fflush.o)
                              c:/microsemi/softconsole v3.3/sourcery-g++/bin/../lib/gcc/arm-none-eabi/4.4.1/../../../../arm-none-eabi/lib/thumb2\libc.a(lib_a-vfprintf.o) (_fflush_r)
[...]
Memory Configuration

Name             Origin             Length             Attributes
ram              0x20000000         0x00010000         xrw
*default*        0x00000000         0xffffffff

Linker script and memory map

LOAD c:/microsemi/softconsole v3.3/sourcery-g++/bin/../lib/gcc/arm-none-eabi/4.4.1/thumb2/crti.o
LOAD c:/microsemi/softconsole v3.3/sourcery-g++/bin/../lib/gcc/arm-none-eabi/4.4.1/thumb2/crtbegin.o
LOAD ./main.o
LOAD C:/Users/mtstacho/Desktop/grideye/SoftConsole/grideye_mss_MSS_CM3_0/grideye_mss_MSS_CM3_0_hw_platform/Debug/CMSIS/startup_gcc/startup_a2fxxxm3.o
LOAD C:/Users/mtstacho/Desktop/grideye/SoftConsole/grideye_mss_MSS_CM3_0/grideye_mss_MSS_CM3_0_hw_platform/Debug/CMSIS/startup_gcc/newlib_stubs.o
LOAD C:\Users\mtstacho\Desktop\grideye\SoftConsole\grideye_mss_MSS_CM3_0\grideye_mss_MSS_CM3_0_hw_platform\Debug\libgrideye_mss_MSS_CM3_0_hw_platform.a
START GROUP
LOAD c:/microsemi/softconsole v3.3/sourcery-g++/bin/../lib/gcc/arm-none-eabi/4.4.1/thumb2\libgcc.a
LOAD c:/microsemi/softconsole v3.3/sourcery-g++/bin/../lib/gcc/arm-none-eabi/4.4.1/../../../../arm-none-eabi/lib/thumb2\libc.a
END GROUP
LOAD c:/microsemi/softconsole v3.3/sourcery-g++/bin/../lib/gcc/arm-none-eabi/4.4.1/thumb2/crtend.o
LOAD c:/microsemi/softconsole v3.3/sourcery-g++/bin/../lib/gcc/arm-none-eabi/4.4.1/thumb2/crtn.o
START GROUP
LOAD c:/microsemi/softconsole v3.3/sourcery-g++/bin/../lib/gcc/arm-none-eabi/4.4.1/../../../../arm-none-eabi/lib/thumb2\libc.a
LOAD c:/microsemi/softconsole v3.3/sourcery-g++/bin/../lib/gcc/arm-none-eabi/4.4.1/thumb2\libgcc.a
LOAD c:/microsemi/softconsole v3.3/sourcery-g++/bin/../lib/gcc/arm-none-eabi/4.4.1/../../../../arm-none-eabi/lib/thumb2\libm.a
END GROUP
                0x00000000                __DYNAMIC = 0x0
                0x20000000                RAM_START_ADDRESS = 0x20000000
                0x00010000                RAM_SIZE = 0x10000
                0x00002000                MAIN_STACK_SIZE = 0x2000
                0x00001000                PROCESS_STACK_SIZE = 0x1000
                0x20010000                PROVIDE (__main_stack_start, (RAM_START_ADDRESS + RAM_SIZE))
                0x2000e000                PROVIDE (__process_stack_start, (__main_stack_start - MAIN_STACK_SIZE))
                0x20010000                PROVIDE (_estack, __main_stack_start)
                0x00000000                PROVIDE (__mirrored_nvm, 0x0)

.text           0x20000000     0x8b48
 CREATE_OBJECT_SYMBOLS
                0x20000000                __text_load = LOADADDR (.text)
                0x20000000                __text_start = .
                0x20000000                __vector_table_vma_base_address = .
 *(.isr_vector)
 .isr_vector    0x20000000      0x470 C:/Users/mtstacho/Desktop/grideye/SoftConsole/grideye_mss_MSS_CM3_0/grideye_mss_MSS_CM3_0_hw_platform/Debug/CMSIS/startup_gcc/startup_a2fxxxm3.o
                0x20000000                g_pfnVectors
                0x20000298                Reset_Handler
                0x20000308                NMI_Handler
                0x2000030a                HardFault_Handler
                0x2000030c                MemManage_Handler
                0x2000030e                BusFault_Handler
                0x20000310                UsageFault_Handler
                0x20000312                SVC_Handler
                0x20000314                DebugMon_Handler
                0x20000316                PendSV_Handler
                0x20000318                SysTick_Handler
                0x2000031a                WdogWakeup_IRQHandler
                0x2000031c                BrownOut_1_5V_IRQHandler
                0x2000031e                BrownOut_3_3V_IRQHandler
                0x20000320                RTC_Match_IRQHandler
                0x20000322                RTCIF_Pub_IRQHandler
                0x20000324                EthernetMAC_IRQHandler
                0x20000326                IAP_IRQHandler
                0x20000328                ENVM0_IRQHandler
                0x2000032a                ENVM1_IRQHandler
                0x2000032c                DMA_IRQHandler
                0x20000332                SPI0_IRQHandler
                0x20000334                SPI1_IRQHandler
                0x20000338                I2C0_SMBAlert_IRQHandler
                0x2000033a                I2C0_SMBus_IRQHandler
                0x2000033e                I2C1_SMBAlert_IRQHandler
                0x20000340                I2C1_SMBus_IRQHandler
                0x20000342                Timer1_IRQHandler
                0x20000344                Timer2_IRQHandler
                0x20000346                PLL_Lock_IRQHandler
                0x20000348                PLL_LockLost_IRQHandler
                0x2000034a                CommError_IRQHandler
                0x2000034c                Fabric_IRQHandler
                0x2000034e                GPIO0_IRQHandler
                0x20000350                GPIO1_IRQHandler
                0x20000352                GPIO2_IRQHandler
                0x20000354                GPIO3_IRQHandler
                0x20000356                GPIO4_IRQHandler
                0x20000358                GPIO5_IRQHandler
                0x2000035a                GPIO6_IRQHandler
                0x2000035c                GPIO7_IRQHandler
                0x2000035e                GPIO8_IRQHandler
                0x20000360                GPIO9_IRQHandler
                0x20000362                GPIO10_IRQHandler
                0x20000364                GPIO11_IRQHandler
                0x20000366                GPIO12_IRQHandler
                0x20000368                GPIO13_IRQHandler
                0x2000036a                GPIO14_IRQHandler
                0x2000036c                GPIO15_IRQHandler
                0x2000036e                GPIO16_IRQHandler
                0x20000370                GPIO17_IRQHandler
                0x20000372                GPIO18_IRQHandler
                0x20000374                GPIO19_IRQHandler
                0x20000376                GPIO20_IRQHandler
                0x20000378                GPIO21_IRQHandler
                0x2000037a                GPIO22_IRQHandler
                0x2000037c                GPIO23_IRQHandler
                0x2000037e                GPIO24_IRQHandler
                0x20000380                GPIO25_IRQHandler
                0x20000382                GPIO26_IRQHandler
                0x20000384                GPIO27_IRQHandler
                0x20000386                GPIO28_IRQHandler
                0x20000388                GPIO29_IRQHandler
                0x2000038a                GPIO30_IRQHandler
                0x2000038c                GPIO31_IRQHandler
                0x2000038e                ACE_PC0_Flag0_IRQHandler
                0x20000390                ACE_PC0_Flag1_IRQHandler
                0x20000392                ACE_PC0_Flag2_IRQHandler
                0x20000394                ACE_PC0_Flag3_IRQHandler
                0x20000396                ACE_PC1_Flag0_IRQHandler
                0x20000398                ACE_PC1_Flag1_IRQHandler
                0x2000039a                ACE_PC1_Flag2_IRQHandler
                0x2000039c                ACE_PC1_Flag3_IRQHandler
                0x2000039e                ACE_PC2_Flag0_IRQHandler
                0x200003a0                ACE_PC2_Flag1_IRQHandler
                0x200003a2                ACE_PC2_Flag2_IRQHandler
                0x200003a4                ACE_PC2_Flag3_IRQHandler
                0x200003a6                ACE_ADC0_DataValid_IRQHandler
                0x200003a8                ACE_ADC1_DataValid_IRQHandler
                0x200003aa                ACE_ADC2_DataValid_IRQHandler
                0x200003ac                ACE_ADC0_CalDone_IRQHandler
                0x200003ae                ACE_ADC1_CalDone_IRQHandler
                0x200003b0                ACE_ADC2_CalDone_IRQHandler
                0x200003b2                ACE_ADC0_CalStart_IRQHandler
                0x200003b4                ACE_ADC1_CalStart_IRQHandler
                0x200003b6                ACE_ADC2_CalStart_IRQHandler
                0x200003b8                ACE_Comp0_Fall_IRQHandler
                0x200003ba                ACE_Comp1_Fall_IRQHandler
                0x200003bc                ACE_Comp2_Fall_IRQHandler
                0x200003be                ACE_Comp3_Fall_IRQHandler
                0x200003c0                ACE_Comp4_Fall_IRQHandler
                0x200003c2                ACE_Comp5_Fall_IRQHandler
                0x200003c4                ACE_Comp6_Fall_IRQHandler
                0x200003c6                ACE_Comp7_Fall_IRQHandler
                0x200003c8                ACE_Comp8_Fall_IRQHandler
                0x200003ca                ACE_Comp9_Fall_IRQHandler
                0x200003cc                ACE_Comp10_Fall_IRQHandler
                0x200003ce                ACE_Comp11_Fall_IRQHandler
                0x200003d0                ACE_Comp0_Rise_IRQHandler
                0x200003d2                ACE_Comp1_Rise_IRQHandler
                0x200003d4                ACE_Comp2_Rise_IRQHandler
                0x200003d6                ACE_Comp3_Rise_IRQHandler
                0x200003d8                ACE_Comp4_Rise_IRQHandler
                0x200003da                ACE_Comp5_Rise_IRQHandler
                0x200003dc                ACE_Comp6_Rise_IRQHandler
                0x200003de                ACE_Comp7_Rise_IRQHandler
                0x200003e0                ACE_Comp8_Rise_IRQHandler
                0x200003e2                ACE_Comp9_Rise_IRQHandler
                0x200003e4                ACE_Comp10_Rise_IRQHandler
                0x200003e6                ACE_Comp11_Rise_IRQHandler
                0x200003e8                ACE_ADC0_FifoFull_IRQHandler
                0x200003ea                ACE_ADC0_FifoAFull_IRQHandler
                0x200003ec                ACE_ADC0_FifoEmpty_IRQHandler
                0x200003ee                ACE_ADC1_FifoFull_IRQHandler
                0x200003f0                ACE_ADC1_FifoAFull_IRQHandler
                0x200003f2                ACE_ADC1_FifoEmpty_IRQHandler
                0x200003f4                ACE_ADC2_FifoFull_IRQHandler
                0x200003f6                ACE_ADC2_FifoAFull_IRQHandler
                0x200003f8                ACE_ADC2_FifoEmpty_IRQHandler
                0x200003fa                ACE_PPE_Flag0_IRQHandler
                0x200003fc                ACE_PPE_Flag1_IRQHandler
                0x200003fe                ACE_PPE_Flag2_IRQHandler
                0x20000400                ACE_PPE_Flag3_IRQHandler
                0x20000402                ACE_PPE_Flag4_IRQHandler
                0x20000404                ACE_PPE_Flag5_IRQHandler
                0x20000406                ACE_PPE_Flag6_IRQHandler
                0x20000408                ACE_PPE_Flag7_IRQHandler
                0x2000040a                ACE_PPE_Flag8_IRQHandler
                0x2000040c                ACE_PPE_Flag9_IRQHandler
                0x2000040e                ACE_PPE_Flag10_IRQHandler
                0x20000410                ACE_PPE_Flag11_IRQHandler
                0x20000412                ACE_PPE_Flag12_IRQHandler
                0x20000414                ACE_PPE_Flag13_IRQHandler
                0x20000416                ACE_PPE_Flag14_IRQHandler
                0x20000418                ACE_PPE_Flag15_IRQHandler
                0x2000041a                ACE_PPE_Flag16_IRQHandler
                0x2000041c                ACE_PPE_Flag17_IRQHandler
                0x2000041e                ACE_PPE_Flag18_IRQHandler
                0x20000420                ACE_PPE_Flag19_IRQHandler
                0x20000422                ACE_PPE_Flag20_IRQHandler
                0x20000424                ACE_PPE_Flag21_IRQHandler
                0x20000426                ACE_PPE_Flag22_IRQHandler
                0x20000428                ACE_PPE_Flag23_IRQHandler
                0x2000042a                ACE_PPE_Flag24_IRQHandler
                0x2000042c                ACE_PPE_Flag25_IRQHandler
                0x2000042e                ACE_PPE_Flag26_IRQHandler
                0x20000430                ACE_PPE_Flag27_IRQHandler
                0x20000432                ACE_PPE_Flag28_IRQHandler
                0x20000434                ACE_PPE_Flag29_IRQHandler
                0x20000436                ACE_PPE_Flag30_IRQHandler
                0x20000438                ACE_PPE_Flag31_IRQHandler
 *(.text .text.* .gnu.linkonce.t.*)
 .text          0x20000470       0x30 c:/microsemi/softconsole v3.3/sourcery-g++/bin/../lib/gcc/arm-none-eabi/4.4.1/thumb2/crtbegin.o
 .text.gridEYE_write
                0x200004a0       0x50 ./main.o
                0x200004a0                gridEYE_write
 .text.gridEYE_read
                0x200004f0       0x48 ./main.o
                0x200004f0                gridEYE_read
 .text.raw_to_temp
                0x20000538       0x54 ./main.o
                0x20000538                raw_to_temp
 .text.get_temps
                0x2000058c       0x68 ./main.o
                0x2000058c                get_temps
 .text.main     0x200005f4      0x128 ./main.o
                0x200005f4                main
 .text._close   0x2000071c       0x18 C:/Users/mtstacho/Desktop/grideye/SoftConsole/grideye_mss_MSS_CM3_0/grideye_mss_MSS_CM3_0_hw_platform/Debug/CMSIS/startup_gcc/newlib_stubs.o
                0x2000071c                _close
 .text._exit    0x20000734        0xc C:/Users/mtstacho/Desktop/grideye/SoftConsole/grideye_mss_MSS_CM3_0/grideye_mss_MSS_CM3_0_hw_platform/Debug/CMSIS/startup_gcc/newlib_stubs.o
                0x20000734                _exit
 .text._fstat   0x20000740       0x24 C:/Users/mtstacho/Desktop/grideye/SoftConsole/grideye_mss_MSS_CM3_0/grideye_mss_MSS_CM3_0_hw_platform/Debug/CMSIS/startup_gcc/newlib_stubs.o
                0x20000740                _fstat
 .text._isatty  0x20000764       0x18 C:/Users/mtstacho/Desktop/grideye/SoftConsole/grideye_mss_MSS_CM3_0/grideye_mss_MSS_CM3_0_hw_platform/Debug/CMSIS/startup_gcc/newlib_stubs.o
                0x20000764                _isatty
 .text._lseek   0x2000077c       0x1c C:/Users/mtstacho/Desktop/grideye/SoftConsole/grideye_mss_MSS_CM3_0/grideye_mss_MSS_CM3_0_hw_platform/Debug/CMSIS/startup_gcc/newlib_stubs.o
                0x2000077c                _lseek
 .text._read    0x20000798       0x1c C:/Users/mtstacho/Desktop/grideye/SoftConsole/grideye_mss_MSS_CM3_0/grideye_mss_MSS_CM3_0_hw_platform/Debug/CMSIS/startup_gcc/newlib_stubs.o
                0x20000798                _read
 .text._write_r
                0x200007b4       0x5c C:/Users/mtstacho/Desktop/grideye/SoftConsole/grideye_mss_MSS_CM3_0/grideye_mss_MSS_CM3_0_hw_platform/Debug/CMSIS/startup_gcc/newlib_stubs.o
                0x200007b4                _write_r
 .text._sbrk    0x20000810       0x94 C:/Users/mtstacho/Desktop/grideye/SoftConsole/grideye_mss_MSS_CM3_0/grideye_mss_MSS_CM3_0_hw_platform/Debug/CMSIS/startup_gcc/newlib_stubs.o
                0x20000810                _sbrk
 .text.NVIC_ClearPendingIRQ
                0x200008a4       0x3c C:\Users\mtstacho\Desktop\grideye\SoftConsole\grideye_mss_MSS_CM3_0\grideye_mss_MSS_CM3_0_hw_platform\Debug\libgrideye_mss_MSS_CM3_0_hw_platform.a(mss_uart.o)
 .text.MSS_UART_init
                0x200008e0      0x204 C:\Users\mtstacho\Desktop\grideye\SoftConsole\grideye_mss_MSS_CM3_0\grideye_mss_MSS_CM3_0_hw_platform\Debug\libgrideye_mss_MSS_CM3_0_hw_platform.a(mss_uart.o)
                0x200008e0                MSS_UART_init
 .text.MSS_UART_polled_tx
                0x20000ae4       0xe4 C:\Users\mtstacho\Desktop\grideye\SoftConsole\grideye_mss_MSS_CM3_0\grideye_mss_MSS_CM3_0_hw_platform\Debug\libgrideye_mss_MSS_CM3_0_hw_platform.a(mss_uart.o)
                0x20000ae4                MSS_UART_polled_tx
 .text.MSS_UART_isr
                0x20000bc8      0x11c C:\Users\mtstacho\Desktop\grideye\SoftConsole\grideye_mss_MSS_CM3_0\grideye_mss_MSS_CM3_0_hw_platform\Debug\libgrideye_mss_MSS_CM3_0_hw_platform.a(mss_uart.o)
 .text.default_tx_handler
                0x20000ce4      0x108 C:\Users\mtstacho\Desktop\grideye\SoftConsole\grideye_mss_MSS_CM3_0\grideye_mss_MSS_CM3_0_hw_platform\Debug\libgrideye_mss_MSS_CM3_0_hw_platform.a(mss_uart.o)
 .text.UART0_IRQHandler
                0x20000dec       0x2c C:\Users\mtstacho\Desktop\grideye\SoftConsole\grideye_mss_MSS_CM3_0\grideye_mss_MSS_CM3_0_hw_platform\Debug\libgrideye_mss_MSS_CM3_0_hw_platform.a(mss_uart.o)
                0x20000dec                UART0_IRQHandler
 .text.UART1_IRQHandler
                0x20000e18       0x2c C:\Users\mtstacho\Desktop\grideye\SoftConsole\grideye_mss_MSS_CM3_0\grideye_mss_MSS_CM3_0_hw_platform\Debug\libgrideye_mss_MSS_CM3_0_hw_platform.a(mss_uart.o)
                0x20000e18                UART1_IRQHandler
 .text.NVIC_EnableIRQ
                0x20000e44       0x38 C:\Users\mtstacho\Desktop\grideye\SoftConsole\grideye_mss_MSS_CM3_0\grideye_mss_MSS_CM3_0_hw_platform\Debug\libgrideye_mss_MSS_CM3_0_hw_platform.a(mss_i2c.o)
 .text.NVIC_DisableIRQ
                0x20000e7c       0x3c C:\Users\mtstacho\Desktop\grideye\SoftConsole\grideye_mss_MSS_CM3_0\grideye_mss_MSS_CM3_0_hw_platform\Debug\libgrideye_mss_MSS_CM3_0_hw_platform.a(mss_i2c.o)
 .text.NVIC_ClearPendingIRQ
                0x20000eb8       0x3c C:\Users\mtstacho\Desktop\grideye\SoftConsole\grideye_mss_MSS_CM3_0\grideye_mss_MSS_CM3_0_hw_platform\Debug\libgrideye_mss_MSS_CM3_0_hw_platform.a(mss_i2c.o)
 .text.MSS_I2C_init
                0x20000ef4      0x16c C:\Users\mtstacho\Desktop\grideye\SoftConsole\grideye_mss_MSS_CM3_0\grideye_mss_MSS_CM3_0_hw_platform\Debug\libgrideye_mss_MSS_CM3_0_hw_platform.a(mss_i2c.o)
                0x20000ef4                MSS_I2C_init
 .text.MSS_I2C_write
                0x20001060       0xf4 C:\Users\mtstacho\Desktop\grideye\SoftConsole\grideye_mss_MSS_CM3_0\grideye_mss_MSS_CM3_0_hw_platform\Debug\libgrideye_mss_MSS_CM3_0_hw_platform.a(mss_i2c.o)
                0x20001060                MSS_I2C_write
 .text.MSS_I2C_write_read
                0x20001154      0x134 C:\Users\mtstacho\Desktop\grideye\SoftConsole\grideye_mss_MSS_CM3_0\grideye_mss_MSS_CM3_0_hw_platform\Debug\libgrideye_mss_MSS_CM3_0_hw_platform.a(mss_i2c.o)
                0x20001154                MSS_I2C_write_read
 .text.MSS_I2C_wait_complete
                0x20001288       0x4c C:\Users\mtstacho\Desktop\grideye\SoftConsole\grideye_mss_MSS_CM3_0\grideye_mss_MSS_CM3_0_hw_platform\Debug\libgrideye_mss_MSS_CM3_0_hw_platform.a(mss_i2c.o)
                0x20001288                MSS_I2C_wait_complete
 .text.enable_slave_if_required
                0x200012d4       0x28 C:\Users\mtstacho\Desktop\grideye\SoftConsole\grideye_mss_MSS_CM3_0\grideye_mss_MSS_CM3_0_hw_platform\Debug\libgrideye_mss_MSS_CM3_0_hw_platform.a(mss_i2c.o)
 .text.mss_i2c_isr
                0x200012fc      0x8f4 C:\Users\mtstacho\Desktop\grideye\SoftConsole\grideye_mss_MSS_CM3_0\grideye_mss_MSS_CM3_0_hw_platform\Debug\libgrideye_mss_MSS_CM3_0_hw_platform.a(mss_i2c.o)
 .text.disable_interrupts
                0x20001bf0       0x24 C:\Users\mtstacho\Desktop\grideye\SoftConsole\grideye_mss_MSS_CM3_0\grideye_mss_MSS_CM3_0_hw_platform\Debug\libgrideye_mss_MSS_CM3_0_hw_platform.a(mss_i2c.o)
 .text.restore_interrupts
                0x20001c14       0x18 C:\Users\mtstacho\Desktop\grideye\SoftConsole\grideye_mss_MSS_CM3_0\grideye_mss_MSS_CM3_0_hw_platform\Debug\libgrideye_mss_MSS_CM3_0_hw_platform.a(mss_i2c.o)
 .text.I2C0_IRQHandler
                0x20001c2c       0x2c C:\Users\mtstacho\Desktop\grideye\SoftConsole\grideye_mss_MSS_CM3_0\grideye_mss_MSS_CM3_0_hw_platform\Debug\libgrideye_mss_MSS_CM3_0_hw_platform.a(mss_i2c.o)
                0x20001c2c                I2C0_IRQHandler
 .text.I2C1_IRQHandler
                0x20001c58       0x2c C:\Users\mtstacho\Desktop\grideye\SoftConsole\grideye_mss_MSS_CM3_0\grideye_mss_MSS_CM3_0_hw_platform\Debug\libgrideye_mss_MSS_CM3_0_hw_platform.a(mss_i2c.o)
                0x20001c58                I2C1_IRQHandler
 .text.__get_PRIMASK
                0x20001c84       0x20 C:\Users\mtstacho\Desktop\grideye\SoftConsole\grideye_mss_MSS_CM3_0\grideye_mss_MSS_CM3_0_hw_platform\Debug\libgrideye_mss_MSS_CM3_0_hw_platform.a(core_cm3.o)
                0x20001c84                __get_PRIMASK
 .text.__set_PRIMASK
                0x20001ca4       0x18 C:\Users\mtstacho\Desktop\grideye\SoftConsole\grideye_mss_MSS_CM3_0\grideye_mss_MSS_CM3_0_hw_platform\Debug\libgrideye_mss_MSS_CM3_0_hw_platform.a(core_cm3.o)
                0x20001ca4                __set_PRIMASK
 .text.SystemInit
                0x20001cbc        0xc C:\Users\mtstacho\Desktop\grideye\SoftConsole\grideye_mss_MSS_CM3_0\grideye_mss_MSS_CM3_0_hw_platform\Debug\libgrideye_mss_MSS_CM3_0_hw_platform.a(system_a2fxxxm3.o)
                0x20001cbc                SystemInit
 .text.SystemCoreClockUpdate
                0x20001cc8      0x150 C:\Users\mtstacho\Desktop\grideye\SoftConsole\grideye_mss_MSS_CM3_0\grideye_mss_MSS_CM3_0_hw_platform\Debug\libgrideye_mss_MSS_CM3_0_hw_platform.a(system_a2fxxxm3.o)
                0x20001cc8                SystemCoreClockUpdate
 .text.GetSystemClock
                0x20001e18       0xe8 C:\Users\mtstacho\Desktop\grideye\SoftConsole\grideye_mss_MSS_CM3_0\grideye_mss_MSS_CM3_0_hw_platform\Debug\libgrideye_mss_MSS_CM3_0_hw_platform.a(system_a2fxxxm3.o)
 .text          0x20001f00      0x21c c:/microsemi/softconsole v3.3/sourcery-g++/bin/../lib/gcc/arm-none-eabi/4.4.1/thumb2\libgcc.a(_arm_addsubsf3.o)
                0x20001f00                __aeabi_frsub
                0x20001f08                __subsf3
                0x20001f08                __aeabi_fsub
                0x20001f0c                __aeabi_fadd
                0x20001f0c                __addsf3
                0x2000206c                __aeabi_ui2f
                0x2000206c                __floatunsisf
                0x20002074                __aeabi_i2f
                0x20002074                __floatsisf
                0x20002090                __aeabi_ul2f
                0x20002090                __floatundisf
                0x200020a0                __aeabi_l2f
                0x200020a0                __floatdisf
 .text          0x2000211c      0x2a0 c:/microsemi/softconsole v3.3/sourcery-g++/bin/../lib/gcc/arm-none-eabi/4.4.1/thumb2\libgcc.a(_arm_muldivsf3.o)
                0x2000211c                __mulsf3
                0x2000211c                __aeabi_fmul
                0x20002284                __aeabi_fdiv
                0x20002284                __divsf3
 .text          0x200023bc       0xec c:/microsemi/softconsole v3.3/sourcery-g++/bin/../lib/gcc/arm-none-eabi/4.4.1/thumb2\libgcc.a(_arm_cmpsf2.o)
                0x200023bc                __gesf2
                0x200023bc                __gtsf2
                0x200023c4                __lesf2
                0x200023c4                __ltsf2
                0x200023cc                __nesf2
                0x200023cc                __eqsf2
                0x200023cc                __cmpsf2
                0x2000242c                __aeabi_cfrcmple
                0x20002434                __aeabi_cfcmpeq
                0x20002434                __aeabi_cfcmple
                0x20002444                __aeabi_fcmpeq
                0x20002458                __aeabi_fcmplt
                0x2000246c                __aeabi_fcmple
                0x20002480                __aeabi_fcmpge
                0x20002494                __aeabi_fcmpgt
 .text          0x200024a8       0x50 c:/microsemi/softconsole v3.3/sourcery-g++/bin/../lib/gcc/arm-none-eabi/4.4.1/../../../../arm-none-eabi/lib/thumb2\libc.a(lib_a-init.o)
                0x200024a8                __libc_init_array
 .text          0x200024f8       0xd4 c:/microsemi/softconsole v3.3/sourcery-g++/bin/../lib/gcc/arm-none-eabi/4.4.1/../../../../arm-none-eabi/lib/thumb2\libc.a(lib_a-memset.o)
                0x200024f8                memset
 .text          0x200025cc       0x64 c:/microsemi/softconsole v3.3/sourcery-g++/bin/../lib/gcc/arm-none-eabi/4.4.1/../../../../arm-none-eabi/lib/thumb2\libc.a(lib_a-printf.o)
                0x200025cc                printf
                0x20002604                _printf_r
 .text          0x20002630       0x88 c:/microsemi/softconsole v3.3/sourcery-g++/bin/../lib/gcc/arm-none-eabi/4.4.1/../../../../arm-none-eabi/lib/thumb2\libc.a(lib_a-puts.o)
                0x20002630                _puts_r
                0x200026a8                puts
 .text          0x200026b8       0x60 c:/microsemi/softconsole v3.3/sourcery-g++/bin/../lib/gcc/arm-none-eabi/4.4.1/../../../../arm-none-eabi/lib/thumb2\libc.a(lib_a-strlen.o)
                0x200026b8                strlen
 .text          0x20002718     0x1940 c:/microsemi/softconsole v3.3/sourcery-g++/bin/../lib/gcc/arm-none-eabi/4.4.1/../../../../arm-none-eabi/lib/thumb2\libc.a(lib_a-vfprintf.o)
                0x20002734                _vfprintf_r
                0x2000403c                vfprintf
 .text          0x20004058      0x104 c:/microsemi/softconsole v3.3/sourcery-g++/bin/../lib/gcc/arm-none-eabi/4.4.1/../../../../arm-none-eabi/lib/thumb2\libc.a(lib_a-wsetup.o)
                0x20004058                __swsetup_r
 *fill*         0x2000415c        0x4 00
 .text          0x20004160      0xfb8 c:/microsemi/softconsole v3.3/sourcery-g++/bin/../lib/gcc/arm-none-eabi/4.4.1/../../../../arm-none-eabi/lib/thumb2\libc.a(lib_a-dtoa.o)
                0x20004280                _dtoa_r
 .text          0x20005118      0x178 c:/microsemi/softconsole v3.3/sourcery-g++/bin/../lib/gcc/arm-none-eabi/4.4.1/../../../../arm-none-eabi/lib/thumb2\libc.a(lib_a-fflush.o)
                0x20005118                _fflush_r
                0x20005268                fflush
 .text          0x20005290      0x1c8 c:/microsemi/softconsole v3.3/sourcery-g++/bin/../lib/gcc/arm-none-eabi/4.4.1/../../../../arm-none-eabi/lib/thumb2\libc.a(lib_a-findfp.o)
                0x20005290                __sfp_lock_acquire
                0x20005294                __sfp_lock_release
                0x20005298                __sinit_lock_acquire
                0x2000529c                __sinit_lock_release
                0x200052a8                __fp_unlock_all
                0x200052c0                __fp_lock_all
                0x200052d8                _cleanup_r
                0x200052e4                _cleanup
                0x20005340                __sfmoreglue
                0x20005370                __sfp
                0x200053f8                __sinit
 .text          0x20005458      0x268 c:/microsemi/softconsole v3.3/sourcery-g++/bin/../lib/gcc/arm-none-eabi/4.4.1/../../../../arm-none-eabi/lib/thumb2\libc.a(lib_a-freer.o)
                0x20005458                _malloc_trim_r
                0x20005500                _free_r
 .text          0x200056c0      0x334 c:/microsemi/softconsole v3.3/sourcery-g++/bin/../lib/gcc/arm-none-eabi/4.4.1/../../../../arm-none-eabi/lib/thumb2\libc.a(lib_a-fvwrite.o)
                0x200056c0                __sfvwrite_r
 .text          0x200059f4       0xa0 c:/microsemi/softconsole v3.3/sourcery-g++/bin/../lib/gcc/arm-none-eabi/4.4.1/../../../../arm-none-eabi/lib/thumb2\libc.a(lib_a-fwalk.o)
                0x200059f4                _fwalk_reent
                0x20005a48                _fwalk
 .text          0x20005a94       0x74 c:/microsemi/softconsole v3.3/sourcery-g++/bin/../lib/gcc/arm-none-eabi/4.4.1/../../../../arm-none-eabi/lib/thumb2\libc.a(lib_a-locale.o)
                0x20005a94                __locale_charset
                0x20005aa0                _localeconv_r
                0x20005aa8                localeconv
                0x20005ab0                _setlocale_r
                0x20005af8                setlocale
 .text          0x20005b08       0xdc c:/microsemi/softconsole v3.3/sourcery-g++/bin/../lib/gcc/arm-none-eabi/4.4.1/../../../../arm-none-eabi/lib/thumb2\libc.a(lib_a-makebuf.o)
                0x20005b08                __smakebuf_r
 .text          0x20005be4       0x20 c:/microsemi/softconsole v3.3/sourcery-g++/bin/../lib/gcc/arm-none-eabi/4.4.1/../../../../arm-none-eabi/lib/thumb2\libc.a(lib_a-malloc.o)
                0x20005be4                free
                0x20005bf4                malloc
 .text          0x20005c04      0x5a4 c:/microsemi/softconsole v3.3/sourcery-g++/bin/../lib/gcc/arm-none-eabi/4.4.1/../../../../arm-none-eabi/lib/thumb2\libc.a(lib_a-mallocr.o)
                0x20005c04                _malloc_r
 .text          0x200061a8       0x74 c:/microsemi/softconsole v3.3/sourcery-g++/bin/../lib/gcc/arm-none-eabi/4.4.1/../../../../arm-none-eabi/lib/thumb2\libc.a(lib_a-memchr.o)
                0x200061a8                memchr
 .text          0x2000621c      0x190 c:/microsemi/softconsole v3.3/sourcery-g++/bin/../lib/gcc/arm-none-eabi/4.4.1/../../../../arm-none-eabi/lib/thumb2\libc.a(lib_a-memcpy.o)
                0x2000621c                memcpy
 .text          0x200063ac       0xb8 c:/microsemi/softconsole v3.3/sourcery-g++/bin/../lib/gcc/arm-none-eabi/4.4.1/../../../../arm-none-eabi/lib/thumb2\libc.a(lib_a-memmove.o)
                0x200063ac                memmove
 .text          0x20006464        0x8 c:/microsemi/softconsole v3.3/sourcery-g++/bin/../lib/gcc/arm-none-eabi/4.4.1/../../../../arm-none-eabi/lib/thumb2\libc.a(lib_a-mlock.o)
                0x20006464                __malloc_lock
                0x20006468                __malloc_unlock
 .text          0x2000646c      0x958 c:/microsemi/softconsole v3.3/sourcery-g++/bin/../lib/gcc/arm-none-eabi/4.4.1/../../../../arm-none-eabi/lib/thumb2\libc.a(lib_a-mprec.o)
                0x2000646c                __hi0bits
                0x200064ac                __lo0bits
                0x20006510                __mcmp
                0x20006550                __ulp
                0x2000659c                __b2d
                0x20006644                __ratio
                0x200066a4                _mprec_log10
                0x200066dc                __copybits
                0x2000672c                __any_on
                0x20006784                _Bfree
                0x200067bc                _Balloc
                0x20006828                __d2b
                0x200068f8                __mdiff
                0x200069f0                __lshift
                0x20006aac                __multiply
                0x20006be0                __i2b
                0x20006bf4                __multadd
                0x20006c7c                __pow5mult
                0x20006d28                __s2b
 .text          0x20006dc4      0x3b4 c:/microsemi/softconsole v3.3/sourcery-g++/bin/../lib/gcc/arm-none-eabi/4.4.1/../../../../arm-none-eabi/lib/thumb2\libc.a(lib_a-reallocr.o)
                0x20006dc4                _realloc_r
 .text          0x20007178       0x24 c:/microsemi/softconsole v3.3/sourcery-g++/bin/../lib/gcc/arm-none-eabi/4.4.1/../../../../arm-none-eabi/lib/thumb2\libc.a(lib_a-s_isinfd.o)
                0x20007178                __isinfd
 .text          0x2000719c       0x1c c:/microsemi/softconsole v3.3/sourcery-g++/bin/../lib/gcc/arm-none-eabi/4.4.1/../../../../arm-none-eabi/lib/thumb2\libc.a(lib_a-s_isnand.o)
                0x2000719c                __isnand
 .text          0x200071b8       0x28 c:/microsemi/softconsole v3.3/sourcery-g++/bin/../lib/gcc/arm-none-eabi/4.4.1/../../../../arm-none-eabi/lib/thumb2\libc.a(lib_a-sbrkr.o)
                0x200071b8                _sbrk_r
 .text          0x200071e0       0x90 c:/microsemi/softconsole v3.3/sourcery-g++/bin/../lib/gcc/arm-none-eabi/4.4.1/../../../../arm-none-eabi/lib/thumb2\libc.a(lib_a-stdio.o)
                0x200071e0                __sclose
                0x200071e8                __sseek
                0x20007210                __swrite
                0x2000724c                __sread
 .text          0x20007270      0x1dc c:/microsemi/softconsole v3.3/sourcery-g++/bin/../lib/gcc/arm-none-eabi/4.4.1/../../../../arm-none-eabi/lib/thumb2\libc.a(lib_a-strcmp.o)
                0x20007270                strcmp
 .text          0x2000744c       0x5c c:/microsemi/softconsole v3.3/sourcery-g++/bin/../lib/gcc/arm-none-eabi/4.4.1/../../../../arm-none-eabi/lib/thumb2\libc.a(lib_a-callocr.o)
                0x2000744c                _calloc_r
 .text          0x200074a8       0x28 c:/microsemi/softconsole v3.3/sourcery-g++/bin/../lib/gcc/arm-none-eabi/4.4.1/../../../../arm-none-eabi/lib/thumb2\libc.a(lib_a-closer.o)
                0x200074a8                _close_r
 .text          0x200074d0       0xcc c:/microsemi/softconsole v3.3/sourcery-g++/bin/../lib/gcc/arm-none-eabi/4.4.1/../../../../arm-none-eabi/lib/thumb2\libc.a(lib_a-fclose.o)
                0x200074d0                _fclose_r
                0x2000758c                fclose
 .text          0x2000759c       0x2c c:/microsemi/softconsole v3.3/sourcery-g++/bin/../lib/gcc/arm-none-eabi/4.4.1/../../../../arm-none-eabi/lib/thumb2\libc.a(lib_a-fstatr.o)
                0x2000759c                _fstat_r
 .text          0x200075c8       0x28 c:/microsemi/softconsole v3.3/sourcery-g++/bin/../lib/gcc/arm-none-eabi/4.4.1/../../../../arm-none-eabi/lib/thumb2\libc.a(lib_a-isattyr.o)
                0x200075c8                _isatty_r
 .text          0x200075f0       0x2c c:/microsemi/softconsole v3.3/sourcery-g++/bin/../lib/gcc/arm-none-eabi/4.4.1/../../../../arm-none-eabi/lib/thumb2\libc.a(lib_a-lseekr.o)
                0x200075f0                _lseek_r
 .text          0x2000761c       0x2c c:/microsemi/softconsole v3.3/sourcery-g++/bin/../lib/gcc/arm-none-eabi/4.4.1/../../../../arm-none-eabi/lib/thumb2\libc.a(lib_a-readr.o)
                0x2000761c                _read_r
 .text          0x20007648      0x278 c:/microsemi/softconsole v3.3/sourcery-g++/bin/../lib/gcc/arm-none-eabi/4.4.1/thumb2\libgcc.a(_udivsi3.o)
                0x20007648                __aeabi_uidiv
                0x20007648                __udivsi3
                0x200078a4                __aeabi_uidivmod
 .text          0x200078c0        0x4 c:/microsemi/softconsole v3.3/sourcery-g++/bin/../lib/gcc/arm-none-eabi/4.4.1/thumb2\libgcc.a(_dvmd_tls.o)
                0x200078c0                __aeabi_idiv0
                0x200078c0                __aeabi_ldiv0
 .text          0x200078c4      0x370 c:/microsemi/softconsole v3.3/sourcery-g++/bin/../lib/gcc/arm-none-eabi/4.4.1/thumb2\libgcc.a(_arm_addsubdf3.o)
                0x200078c4                __aeabi_drsub
                0x200078cc                __aeabi_dsub
                0x200078cc                __subdf3
                0x200078d0                __aeabi_dadd
                0x200078d0                __adddf3
                0x20007b48                __floatunsidf
                0x20007b48                __aeabi_ui2d
                0x20007b68                __floatsidf
                0x20007b68                __aeabi_i2d
                0x20007b8c                __aeabi_f2d
                0x20007b8c                __extendsfdf2
                0x20007bc8                __floatundidf
                0x20007bc8                __aeabi_ul2d
                0x20007bd8                __floatdidf
                0x20007bd8                __aeabi_l2d
 .text          0x20007c34      0x424 c:/microsemi/softconsole v3.3/sourcery-g++/bin/../lib/gcc/arm-none-eabi/4.4.1/thumb2\libgcc.a(_arm_muldivdf3.o)
                0x20007c34                __aeabi_dmul
                0x20007c34                __muldf3
                0x20007e88                __divdf3
                0x20007e88                __aeabi_ddiv
 .text          0x20008058      0x110 c:/microsemi/softconsole v3.3/sourcery-g++/bin/../lib/gcc/arm-none-eabi/4.4.1/thumb2\libgcc.a(_arm_cmpdf2.o)
                0x20008058                __gtdf2
                0x20008058                __gedf2
                0x20008060                __ltdf2
                0x20008060                __ledf2
                0x20008068                __nedf2
                0x20008068                __eqdf2
                0x20008068                __cmpdf2
                0x200080e4                __aeabi_cdrcmple
                0x200080f4                __aeabi_cdcmpeq
                0x200080f4                __aeabi_cdcmple
                0x20008104                __aeabi_dcmpeq
                0x20008118                __aeabi_dcmplt
                0x2000812c                __aeabi_dcmple
                0x20008140                __aeabi_dcmpge
                0x20008154                __aeabi_dcmpgt
 .text          0x20008168       0x50 c:/microsemi/softconsole v3.3/sourcery-g++/bin/../lib/gcc/arm-none-eabi/4.4.1/thumb2\libgcc.a(_arm_fixdfsi.o)
                0x20008168                __aeabi_d2iz
                0x20008168                __fixdfsi
 .text          0x200081b8       0x2c c:/microsemi/softconsole v3.3/sourcery-g++/bin/../lib/gcc/arm-none-eabi/4.4.1/thumb2\libgcc.a(_aeabi_uldivmod.o)
                0x200081b8                __aeabi_uldivmod
 .text          0x200081e4       0x58 c:/microsemi/softconsole v3.3/sourcery-g++/bin/../lib/gcc/arm-none-eabi/4.4.1/thumb2\libgcc.a(bpabi.o)
                0x200081e4                __gnu_uldivmod_helper
                0x20008210                __gnu_ldivmod_helper
 .text          0x2000823c      0x364 c:/microsemi/softconsole v3.3/sourcery-g++/bin/../lib/gcc/arm-none-eabi/4.4.1/thumb2\libgcc.a(_divdi3.o)
                0x2000823c                __divdi3
 .text          0x200085a0      0x300 c:/microsemi/softconsole v3.3/sourcery-g++/bin/../lib/gcc/arm-none-eabi/4.4.1/thumb2\libgcc.a(_udivdi3.o)
                0x200085a0                __udivdi3
 *(.plt)
 *(.gnu.warning)
 *(.glue_7t)
 .glue_7t       0x00000000        0x0 linker stubs
 *(.glue_7)
 .glue_7        0x00000000        0x0 linker stubs
 *(.vfp11_veneer)
 .vfp11_veneer  0x00000000        0x0 linker stubs
                0x200088a0                . = ALIGN (0x4)
 *crtbegin.o(.ctors)
 *(EXCLUDE_FILE(*crtend.o) .ctors)
 *(SORT(.ctors.*))
 *crtend.o(.ctors)
 *crtbegin.o(.dtors)
 *(EXCLUDE_FILE(*crtend.o) .dtors)
 *(SORT(.dtors.*))
 *crtend.o(.dtors)
 *(.rodata .rodata.* .gnu.linkonce.r.*)
 .rodata        0x200088a0       0x10 ./main.o
 .rodata        0x200088b0       0x1c C:/Users/mtstacho/Desktop/grideye/SoftConsole/grideye_mss_MSS_CM3_0/grideye_mss_MSS_CM3_0_hw_platform/Debug/CMSIS/startup_gcc/newlib_stubs.o
 .rodata.C.18.2576
                0x200088cc       0x10 C:\Users\mtstacho\Desktop\grideye\SoftConsole\grideye_mss_MSS_CM3_0\grideye_mss_MSS_CM3_0_hw_platform\Debug\libgrideye_mss_MSS_CM3_0_hw_platform.a(system_a2fxxxm3.o)
 .rodata        0x200088dc        0x4 c:/microsemi/softconsole v3.3/sourcery-g++/bin/../lib/gcc/arm-none-eabi/4.4.1/../../../../arm-none-eabi/lib/thumb2\libc.a(lib_a-impure.o)
                0x200088dc                _global_impure_ptr
 .rodata.str1.4
                0x200088e0        0x2 c:/microsemi/softconsole v3.3/sourcery-g++/bin/../lib/gcc/arm-none-eabi/4.4.1/../../../../arm-none-eabi/lib/thumb2\libc.a(lib_a-impure.o)
                                  0x4 (size before relaxing)
 *fill*         0x200088e2        0x2 00
 .rodata.str1.4
                0x200088e4        0x2 c:/microsemi/softconsole v3.3/sourcery-g++/bin/../lib/gcc/arm-none-eabi/4.4.1/../../../../arm-none-eabi/lib/thumb2\libc.a(lib_a-puts.o)
                                  0x4 (size before relaxing)
 *fill*         0x200088e6        0x2 00
 .rodata        0x200088e8       0x20 c:/microsemi/softconsole v3.3/sourcery-g++/bin/../lib/gcc/arm-none-eabi/4.4.1/../../../../arm-none-eabi/lib/thumb2\libc.a(lib_a-vfprintf.o)
 .rodata.str1.4
                0x20008908       0x42 c:/microsemi/softconsole v3.3/sourcery-g++/bin/../lib/gcc/arm-none-eabi/4.4.1/../../../../arm-none-eabi/lib/thumb2\libc.a(lib_a-vfprintf.o)
                                 0x44 (size before relaxing)
 *fill*         0x2000894a        0x2 00
 .rodata.str1.4
                0x2000894c       0x10 c:/microsemi/softconsole v3.3/sourcery-g++/bin/../lib/gcc/arm-none-eabi/4.4.1/../../../../arm-none-eabi/lib/thumb2\libc.a(lib_a-dtoa.o)
                                 0x14 (size before relaxing)
 .rodata        0x2000895c       0x60 c:/microsemi/softconsole v3.3/sourcery-g++/bin/../lib/gcc/arm-none-eabi/4.4.1/../../../../arm-none-eabi/lib/thumb2\libc.a(lib_a-findfp.o)
                0x2000895c                __sf_fake_stdin
                0x2000897c                __sf_fake_stdout
                0x2000899c                __sf_fake_stderr
 .rodata        0x200089bc       0x34 c:/microsemi/softconsole v3.3/sourcery-g++/bin/../lib/gcc/arm-none-eabi/4.4.1/../../../../arm-none-eabi/lib/thumb2\libc.a(lib_a-locale.o)
 .rodata.str1.4
                0x200089f0       0x10 c:/microsemi/softconsole v3.3/sourcery-g++/bin/../lib/gcc/arm-none-eabi/4.4.1/../../../../arm-none-eabi/lib/thumb2\libc.a(lib_a-locale.o)
                                 0x18 (size before relaxing)
 .rodata        0x20008a00      0x128 c:/microsemi/softconsole v3.3/sourcery-g++/bin/../lib/gcc/arm-none-eabi/4.4.1/../../../../arm-none-eabi/lib/thumb2\libc.a(lib_a-mprec.o)
                0x20008a00                __mprec_tens
                0x20008ad8                __mprec_bigtens
                0x20008b00                __mprec_tinytens
 *(.ARM.extab* .gnu.linkonce.armextab.*)
 *(.gcc_except_table)
 *(.eh_frame_hdr)
 *(.eh_frame)
 *(.init)
 .init          0x20008b28        0x4 c:/microsemi/softconsole v3.3/sourcery-g++/bin/../lib/gcc/arm-none-eabi/4.4.1/thumb2/crti.o
                0x20008b28                _init
 .init          0x20008b2c        0x8 c:/microsemi/softconsole v3.3/sourcery-g++/bin/../lib/gcc/arm-none-eabi/4.4.1/thumb2/crtn.o
 *(.fini)
 .fini          0x20008b34        0x4 c:/microsemi/softconsole v3.3/sourcery-g++/bin/../lib/gcc/arm-none-eabi/4.4.1/thumb2/crti.o
                0x20008b34                _fini
 .fini          0x20008b38        0x8 c:/microsemi/softconsole v3.3/sourcery-g++/bin/../lib/gcc/arm-none-eabi/4.4.1/thumb2/crtn.o
                0x20008b40                PROVIDE (__preinit_array_start, .)
 *(.preinit_array)
                0x20008b40                PROVIDE (__preinit_array_end, .)
                0x20008b40                PROVIDE (__init_array_start, .)
 *(SORT(.init_array.*))
 *(.init_array)
 .init_array    0x20008b40        0x4 c:/microsemi/softconsole v3.3/sourcery-g++/bin/../lib/gcc/arm-none-eabi/4.4.1/thumb2/crtbegin.o
                0x20008b44                PROVIDE (__init_array_end, .)
                0x20008b44                PROVIDE (__fini_array_start, .)
 *(.fini_array)
 .fini_array    0x20008b44        0x4 c:/microsemi/softconsole v3.3/sourcery-g++/bin/../lib/gcc/arm-none-eabi/4.4.1/thumb2/crtbegin.o
 *(SORT(.fini_array.*))
                0x20008b48                PROVIDE (__fini_array_end, .)
                0x20008b48                __exidx_start = .

.v4_bx          0x20008b48        0x0
 .v4_bx         0x00000000        0x0 linker stubs

.ARM.exidx      0x20008b48        0x8
 *(.ARM.exidx* .gnu.linkonce.armexidx.*)
 .ARM.exidx     0x20008b48        0x8 c:/microsemi/softconsole v3.3/sourcery-g++/bin/../lib/gcc/arm-none-eabi/4.4.1/thumb2\libgcc.a(_divdi3.o)
 .ARM.exidx     0x20008b50        0x0 c:/microsemi/softconsole v3.3/sourcery-g++/bin/../lib/gcc/arm-none-eabi/4.4.1/thumb2\libgcc.a(_udivdi3.o)
                                  0x8 (size before relaxing)
                0x20008b50                __exidx_end = .
                0x20008b50                _etext = .
                0x20008b50                PROVIDE (__text_end, .)

.data           0x20008b50      0x520
                0x20008b50                __data_load = LOADADDR (.data)
                0x20008b50                _sidata = LOADADDR (.data)
                0x20008b50                __data_start = .
                0x20008b50                _sdata = .
 *(.jcr)
 .jcr           0x20008b50        0x0 c:/microsemi/softconsole v3.3/sourcery-g++/bin/../lib/gcc/arm-none-eabi/4.4.1/thumb2/crtbegin.o
 .jcr           0x20008b50        0x4 c:/microsemi/softconsole v3.3/sourcery-g++/bin/../lib/gcc/arm-none-eabi/4.4.1/thumb2/crtend.o
 *(.got.plt)
 *(.got)
 *(.shdata)
 *(.data .data.* .gnu.linkonce.d.*)
 .data.SystemFrequency
                0x20008b54        0x4 C:\Users\mtstacho\Desktop\grideye\SoftConsole\grideye_mss_MSS_CM3_0\grideye_mss_MSS_CM3_0_hw_platform\Debug\libgrideye_mss_MSS_CM3_0_hw_platform.a(system_a2fxxxm3.o)
                0x20008b54                SystemFrequency
 .data.SystemCoreClock
                0x20008b58        0x4 C:\Users\mtstacho\Desktop\grideye\SoftConsole\grideye_mss_MSS_CM3_0\grideye_mss_MSS_CM3_0_hw_platform\Debug\libgrideye_mss_MSS_CM3_0_hw_platform.a(system_a2fxxxm3.o)
                0x20008b58                SystemCoreClock
 .data.g_FrequencyPCLK0
                0x20008b5c        0x4 C:\Users\mtstacho\Desktop\grideye\SoftConsole\grideye_mss_MSS_CM3_0\grideye_mss_MSS_CM3_0_hw_platform\Debug\libgrideye_mss_MSS_CM3_0_hw_platform.a(system_a2fxxxm3.o)
                0x20008b5c                g_FrequencyPCLK0
 .data.g_FrequencyPCLK1
                0x20008b60        0x4 C:\Users\mtstacho\Desktop\grideye\SoftConsole\grideye_mss_MSS_CM3_0\grideye_mss_MSS_CM3_0_hw_platform\Debug\libgrideye_mss_MSS_CM3_0_hw_platform.a(system_a2fxxxm3.o)
                0x20008b60                g_FrequencyPCLK1
 .data.g_FrequencyACE
                0x20008b64        0x4 C:\Users\mtstacho\Desktop\grideye\SoftConsole\grideye_mss_MSS_CM3_0\grideye_mss_MSS_CM3_0_hw_platform\Debug\libgrideye_mss_MSS_CM3_0_hw_platform.a(system_a2fxxxm3.o)
                0x20008b64                g_FrequencyACE
 .data.g_FrequencyFPGA
                0x20008b68        0x4 C:\Users\mtstacho\Desktop\grideye\SoftConsole\grideye_mss_MSS_CM3_0\grideye_mss_MSS_CM3_0_hw_platform\Debug\libgrideye_mss_MSS_CM3_0_hw_platform.a(system_a2fxxxm3.o)
                0x20008b68                g_FrequencyFPGA
 .data          0x20008b6c       0xf4 c:/microsemi/softconsole v3.3/sourcery-g++/bin/../lib/gcc/arm-none-eabi/4.4.1/../../../../arm-none-eabi/lib/thumb2\libc.a(lib_a-impure.o)
                0x20008b6c                _impure_ptr
 .data          0x20008c60      0x410 c:/microsemi/softconsole v3.3/sourcery-g++/bin/../lib/gcc/arm-none-eabi/4.4.1/../../../../arm-none-eabi/lib/thumb2\libc.a(lib_a-mallocr.o)
                0x20008c60                __malloc_av_
                0x20009068                __malloc_sbrk_base
                0x2000906c                __malloc_trim_threshold
                0x20009070                . = ALIGN (0x4)
                0x20009070                _edata = .

.bss            0x20009070      0x180
                0x20009070                __bss_start__ = .
                0x20009070                _sbss = .
 *(.shbss)
 *(.bss .bss.* .gnu.linkonce.b.*)
 .bss           0x20009070        0x1 c:/microsemi/softconsole v3.3/sourcery-g++/bin/../lib/gcc/arm-none-eabi/4.4.1/thumb2/crtbegin.o
 *fill*         0x20009071        0x3 00
 .bss.g_stdio_uart_init_done
                0x20009074        0x4 C:/Users/mtstacho/Desktop/grideye/SoftConsole/grideye_mss_MSS_CM3_0/grideye_mss_MSS_CM3_0_hw_platform/Debug/CMSIS/startup_gcc/newlib_stubs.o
 .bss.heap_end.3594
                0x20009078        0x4 C:/Users/mtstacho/Desktop/grideye/SoftConsole/grideye_mss_MSS_CM3_0/grideye_mss_MSS_CM3_0_hw_platform/Debug/CMSIS/startup_gcc/newlib_stubs.o
 .bss           0x2000907c       0x34 c:/microsemi/softconsole v3.3/sourcery-g++/bin/../lib/gcc/arm-none-eabi/4.4.1/../../../../arm-none-eabi/lib/thumb2\libc.a(lib_a-mallocr.o)
                0x2000907c                __malloc_top_pad
                0x20009080                __malloc_current_mallinfo
                0x200090a8                __malloc_max_sbrked_mem
                0x200090ac                __malloc_max_total_mem
 *(COMMON)
 COMMON         0x200090b0       0x50 C:\Users\mtstacho\Desktop\grideye\SoftConsole\grideye_mss_MSS_CM3_0\grideye_mss_MSS_CM3_0_hw_platform\Debug\libgrideye_mss_MSS_CM3_0_hw_platform.a(mss_uart.o)
                0x200090b0                g_mss_uart1
                0x200090d8                g_mss_uart0
 COMMON         0x20009100       0xe8 C:\Users\mtstacho\Desktop\grideye\SoftConsole\grideye_mss_MSS_CM3_0\grideye_mss_MSS_CM3_0_hw_platform\Debug\libgrideye_mss_MSS_CM3_0_hw_platform.a(mss_i2c.o)
                0x20009100                g_mss_i2c0
                0x20009174                g_mss_i2c1
 COMMON         0x200091e8        0x4 c:/microsemi/softconsole v3.3/sourcery-g++/bin/../lib/gcc/arm-none-eabi/4.4.1/../../../../arm-none-eabi/lib/thumb2\libc.a(lib_a-reent.o)
                0x200091e8                errno
                0x200091f0                . = ALIGN (0x8)
 *fill*         0x200091ec        0x4 00
                0x200091f0                __bss_end__ = .
                0x200091f0                _end = .
                0x200091f0                __end = _end
                0x200091f0                _ebss = .
                0x200091f0                PROVIDE (end, .)

.stack          0x200091f0     0x3000
                0x200091f0                . = ALIGN (0x4)
                0x2000a1f0                . = (. + PROCESS_STACK_SIZE)
 *fill*         0x200091f0     0x1000 00
                0x2000a1f0                . = ALIGN (0x4)
                0x2000c1f0                . = (. + MAIN_STACK_SIZE)
 *fill*         0x2000a1f0     0x2000 00
                0x2000c1f0                . = ALIGN (0x4)

.stab
 *(.stab)

.stabstr
 *(.stabstr)

.debug
 *(.debug)

.line
 *(.line)

.debug_srcinfo
 *(.debug_srcinfo)

.debug_sfnames
 *(.debug_sfnames)

.comment        0x00000000      0x102
 .comment       0x00000000       0x2b ./main.o
 .comment       0x0000002b       0x2b C:/Users/mtstacho/Desktop/grideye/SoftConsole/grideye_mss_MSS_CM3_0/grideye_mss_MSS_CM3_0_hw_platform/Debug/CMSIS/startup_gcc/newlib_stubs.o
 .comment       0x00000056       0x2b C:\Users\mtstacho\Desktop\grideye\SoftConsole\grideye_mss_MSS_CM3_0\grideye_mss_MSS_CM3_0_hw_platform\Debug\libgrideye_mss_MSS_CM3_0_hw_platform.a(mss_uart.o)
 .comment       0x00000081       0x2b C:\Users\mtstacho\Desktop\grideye\SoftConsole\grideye_mss_MSS_CM3_0\grideye_mss_MSS_CM3_0_hw_platform\Debug\libgrideye_mss_MSS_CM3_0_hw_platform.a(mss_i2c.o)
 .comment       0x000000ac       0x2b C:\Users\mtstacho\Desktop\grideye\SoftConsole\grideye_mss_MSS_CM3_0\grideye_mss_MSS_CM3_0_hw_platform\Debug\libgrideye_mss_MSS_CM3_0_hw_platform.a(core_cm3.o)
 .comment       0x000000d7       0x2b C:\Users\mtstacho\Desktop\grideye\SoftConsole\grideye_mss_MSS_CM3_0\grideye_mss_MSS_CM3_0_hw_platform\Debug\libgrideye_mss_MSS_CM3_0_hw_platform.a(system_a2fxxxm3.o)

.debug_aranges  0x00000000      0x3e0
 *(.debug_aranges)
 .debug_aranges
                0x00000000       0x40 ./main.o
 .debug_aranges
                0x00000040       0xa8 C:/Users/mtstacho/Desktop/grideye/SoftConsole/grideye_mss_MSS_CM3_0/grideye_mss_MSS_CM3_0_hw_platform/Debug/CMSIS/startup_gcc/newlib_stubs.o
 .debug_aranges
                0x000000e8       0xd8 C:\Users\mtstacho\Desktop\grideye\SoftConsole\grideye_mss_MSS_CM3_0\grideye_mss_MSS_CM3_0_hw_platform\Debug\libgrideye_mss_MSS_CM3_0_hw_platform.a(mss_uart.o)
 .debug_aranges
                0x000001c0      0x128 C:\Users\mtstacho\Desktop\grideye\SoftConsole\grideye_mss_MSS_CM3_0\grideye_mss_MSS_CM3_0_hw_platform\Debug\libgrideye_mss_MSS_CM3_0_hw_platform.a(mss_i2c.o)
 .debug_aranges
                0x000002e8       0xc8 C:\Users\mtstacho\Desktop\grideye\SoftConsole\grideye_mss_MSS_CM3_0\grideye_mss_MSS_CM3_0_hw_platform\Debug\libgrideye_mss_MSS_CM3_0_hw_platform.a(core_cm3.o)
 .debug_aranges
                0x000003b0       0x30 C:\Users\mtstacho\Desktop\grideye\SoftConsole\grideye_mss_MSS_CM3_0\grideye_mss_MSS_CM3_0_hw_platform\Debug\libgrideye_mss_MSS_CM3_0_hw_platform.a(system_a2fxxxm3.o)

.debug_pubnames
                0x00000000      0x85b
 *(.debug_pubnames)
 .debug_pubnames
                0x00000000       0x5c ./main.o
 .debug_pubnames
                0x0000005c       0xeb C:/Users/mtstacho/Desktop/grideye/SoftConsole/grideye_mss_MSS_CM3_0/grideye_mss_MSS_CM3_0_hw_platform/Debug/CMSIS/startup_gcc/newlib_stubs.o
 .debug_pubnames
                0x00000147      0x21c C:\Users\mtstacho\Desktop\grideye\SoftConsole\grideye_mss_MSS_CM3_0\grideye_mss_MSS_CM3_0_hw_platform\Debug\libgrideye_mss_MSS_CM3_0_hw_platform.a(mss_uart.o)
 .debug_pubnames
                0x00000363      0x2eb C:\Users\mtstacho\Desktop\grideye\SoftConsole\grideye_mss_MSS_CM3_0\grideye_mss_MSS_CM3_0_hw_platform\Debug\libgrideye_mss_MSS_CM3_0_hw_platform.a(mss_i2c.o)
 .debug_pubnames
                0x0000064e      0x159 C:\Users\mtstacho\Desktop\grideye\SoftConsole\grideye_mss_MSS_CM3_0\grideye_mss_MSS_CM3_0_hw_platform\Debug\libgrideye_mss_MSS_CM3_0_hw_platform.a(core_cm3.o)
 .debug_pubnames
                0x000007a7       0xb4 C:\Users\mtstacho\Desktop\grideye\SoftConsole\grideye_mss_MSS_CM3_0\grideye_mss_MSS_CM3_0_hw_platform\Debug\libgrideye_mss_MSS_CM3_0_hw_platform.a(system_a2fxxxm3.o)

.debug_info     0x00000000     0x54b7
 *(.debug_info .gnu.linkonce.wi.*)
 .debug_info    0x00000000      0xcb4 ./main.o
 .debug_info    0x00000cb4     0x10f0 C:/Users/mtstacho/Desktop/grideye/SoftConsole/grideye_mss_MSS_CM3_0/grideye_mss_MSS_CM3_0_hw_platform/Debug/CMSIS/startup_gcc/newlib_stubs.o
 .debug_info    0x00001da4     0x15a4 C:\Users\mtstacho\Desktop\grideye\SoftConsole\grideye_mss_MSS_CM3_0\grideye_mss_MSS_CM3_0_hw_platform\Debug\libgrideye_mss_MSS_CM3_0_hw_platform.a(mss_uart.o)
 .debug_info    0x00003348     0x16e7 C:\Users\mtstacho\Desktop\grideye\SoftConsole\grideye_mss_MSS_CM3_0\grideye_mss_MSS_CM3_0_hw_platform\Debug\libgrideye_mss_MSS_CM3_0_hw_platform.a(mss_i2c.o)
 .debug_info    0x00004a2f      0x54c C:\Users\mtstacho\Desktop\grideye\SoftConsole\grideye_mss_MSS_CM3_0\grideye_mss_MSS_CM3_0_hw_platform\Debug\libgrideye_mss_MSS_CM3_0_hw_platform.a(core_cm3.o)
 .debug_info    0x00004f7b      0x53c C:\Users\mtstacho\Desktop\grideye\SoftConsole\grideye_mss_MSS_CM3_0\grideye_mss_MSS_CM3_0_hw_platform\Debug\libgrideye_mss_MSS_CM3_0_hw_platform.a(system_a2fxxxm3.o)

.debug_abbrev   0x00000000      0x9dd
 *(.debug_abbrev)
 .debug_abbrev  0x00000000      0x18f ./main.o
 .debug_abbrev  0x0000018f      0x1f4 C:/Users/mtstacho/Desktop/grideye/SoftConsole/grideye_mss_MSS_CM3_0/grideye_mss_MSS_CM3_0_hw_platform/Debug/CMSIS/startup_gcc/newlib_stubs.o
 .debug_abbrev  0x00000383      0x245 C:\Users\mtstacho\Desktop\grideye\SoftConsole\grideye_mss_MSS_CM3_0\grideye_mss_MSS_CM3_0_hw_platform\Debug\libgrideye_mss_MSS_CM3_0_hw_platform.a(mss_uart.o)
 .debug_abbrev  0x000005c8      0x22b C:\Users\mtstacho\Desktop\grideye\SoftConsole\grideye_mss_MSS_CM3_0\grideye_mss_MSS_CM3_0_hw_platform\Debug\libgrideye_mss_MSS_CM3_0_hw_platform.a(mss_i2c.o)
 .debug_abbrev  0x000007f3       0xd9 C:\Users\mtstacho\Desktop\grideye\SoftConsole\grideye_mss_MSS_CM3_0\grideye_mss_MSS_CM3_0_hw_platform\Debug\libgrideye_mss_MSS_CM3_0_hw_platform.a(core_cm3.o)
 .debug_abbrev  0x000008cc      0x111 C:\Users\mtstacho\Desktop\grideye\SoftConsole\grideye_mss_MSS_CM3_0\grideye_mss_MSS_CM3_0_hw_platform\Debug\libgrideye_mss_MSS_CM3_0_hw_platform.a(system_a2fxxxm3.o)

.debug_line     0x00000000     0x1abb
 *(.debug_line)
 .debug_line    0x00000000      0x470 ./main.o
 .debug_line    0x00000470      0x509 C:/Users/mtstacho/Desktop/grideye/SoftConsole/grideye_mss_MSS_CM3_0/grideye_mss_MSS_CM3_0_hw_platform/Debug/CMSIS/startup_gcc/newlib_stubs.o
 .debug_line    0x00000979      0x575 C:\Users\mtstacho\Desktop\grideye\SoftConsole\grideye_mss_MSS_CM3_0\grideye_mss_MSS_CM3_0_hw_platform\Debug\libgrideye_mss_MSS_CM3_0_hw_platform.a(mss_uart.o)
 .debug_line    0x00000eee      0x6f2 C:\Users\mtstacho\Desktop\grideye\SoftConsole\grideye_mss_MSS_CM3_0\grideye_mss_MSS_CM3_0_hw_platform\Debug\libgrideye_mss_MSS_CM3_0_hw_platform.a(mss_i2c.o)
 .debug_line    0x000015e0      0x260 C:\Users\mtstacho\Desktop\grideye\SoftConsole\grideye_mss_MSS_CM3_0\grideye_mss_MSS_CM3_0_hw_platform\Debug\libgrideye_mss_MSS_CM3_0_hw_platform.a(core_cm3.o)
 .debug_line    0x00001840      0x27b C:\Users\mtstacho\Desktop\grideye\SoftConsole\grideye_mss_MSS_CM3_0\grideye_mss_MSS_CM3_0_hw_platform\Debug\libgrideye_mss_MSS_CM3_0_hw_platform.a(system_a2fxxxm3.o)

.debug_frame    0x00000000     0x18b4
 *(.debug_frame)
 .debug_frame   0x00000000       0xb0 ./main.o
 .debug_frame   0x000000b0      0x220 C:/Users/mtstacho/Desktop/grideye/SoftConsole/grideye_mss_MSS_CM3_0/grideye_mss_MSS_CM3_0_hw_platform/Debug/CMSIS/startup_gcc/newlib_stubs.o
 .debug_frame   0x000002d0      0x2e4 C:\Users\mtstacho\Desktop\grideye\SoftConsole\grideye_mss_MSS_CM3_0\grideye_mss_MSS_CM3_0_hw_platform\Debug\libgrideye_mss_MSS_CM3_0_hw_platform.a(mss_uart.o)
 .debug_frame   0x000005b4      0x40c C:\Users\mtstacho\Desktop\grideye\SoftConsole\grideye_mss_MSS_CM3_0\grideye_mss_MSS_CM3_0_hw_platform\Debug\libgrideye_mss_MSS_CM3_0_hw_platform.a(mss_i2c.o)
 .debug_frame   0x000009c0      0x248 C:\Users\mtstacho\Desktop\grideye\SoftConsole\grideye_mss_MSS_CM3_0\grideye_mss_MSS_CM3_0_hw_platform\Debug\libgrideye_mss_MSS_CM3_0_hw_platform.a(core_cm3.o)
 .debug_frame   0x00000c08       0x64 C:\Users\mtstacho\Desktop\grideye\SoftConsole\grideye_mss_MSS_CM3_0\grideye_mss_MSS_CM3_0_hw_platform\Debug\libgrideye_mss_MSS_CM3_0_hw_platform.a(system_a2fxxxm3.o)
 .debug_frame   0x00000c6c       0x20 c:/microsemi/softconsole v3.3/sourcery-g++/bin/../lib/gcc/arm-none-eabi/4.4.1/../../../../arm-none-eabi/lib/thumb2\libc.a(lib_a-errno.o)
 .debug_frame   0x00000c8c       0x2c c:/microsemi/softconsole v3.3/sourcery-g++/bin/../lib/gcc/arm-none-eabi/4.4.1/../../../../arm-none-eabi/lib/thumb2\libc.a(lib_a-init.o)
 .debug_frame   0x00000cb8       0x28 c:/microsemi/softconsole v3.3/sourcery-g++/bin/../lib/gcc/arm-none-eabi/4.4.1/../../../../arm-none-eabi/lib/thumb2\libc.a(lib_a-memset.o)
 .debug_frame   0x00000ce0       0x5c c:/microsemi/softconsole v3.3/sourcery-g++/bin/../lib/gcc/arm-none-eabi/4.4.1/../../../../arm-none-eabi/lib/thumb2\libc.a(lib_a-printf.o)
 .debug_frame   0x00000d3c       0x40 c:/microsemi/softconsole v3.3/sourcery-g++/bin/../lib/gcc/arm-none-eabi/4.4.1/../../../../arm-none-eabi/lib/thumb2\libc.a(lib_a-puts.o)
 .debug_frame   0x00000d7c       0x20 c:/microsemi/softconsole v3.3/sourcery-g++/bin/../lib/gcc/arm-none-eabi/4.4.1/../../../../arm-none-eabi/lib/thumb2\libc.a(lib_a-strlen.o)
 .debug_frame   0x00000d9c       0x70 c:/microsemi/softconsole v3.3/sourcery-g++/bin/../lib/gcc/arm-none-eabi/4.4.1/../../../../arm-none-eabi/lib/thumb2\libc.a(lib_a-vfprintf.o)
 .debug_frame   0x00000e0c       0x2c c:/microsemi/softconsole v3.3/sourcery-g++/bin/../lib/gcc/arm-none-eabi/4.4.1/../../../../arm-none-eabi/lib/thumb2\libc.a(lib_a-wsetup.o)
 .debug_frame   0x00000e38       0x64 c:/microsemi/softconsole v3.3/sourcery-g++/bin/../lib/gcc/arm-none-eabi/4.4.1/../../../../arm-none-eabi/lib/thumb2\libc.a(lib_a-dtoa.o)
 .debug_frame   0x00000e9c       0x40 c:/microsemi/softconsole v3.3/sourcery-g++/bin/../lib/gcc/arm-none-eabi/4.4.1/../../../../arm-none-eabi/lib/thumb2\libc.a(lib_a-fflush.o)
 .debug_frame   0x00000edc      0x11c c:/microsemi/softconsole v3.3/sourcery-g++/bin/../lib/gcc/arm-none-eabi/4.4.1/../../../../arm-none-eabi/lib/thumb2\libc.a(lib_a-findfp.o)
 .debug_frame   0x00000ff8       0x50 c:/microsemi/softconsole v3.3/sourcery-g++/bin/../lib/gcc/arm-none-eabi/4.4.1/../../../../arm-none-eabi/lib/thumb2\libc.a(lib_a-freer.o)
 .debug_frame   0x00001048       0x3c c:/microsemi/softconsole v3.3/sourcery-g++/bin/../lib/gcc/arm-none-eabi/4.4.1/../../../../arm-none-eabi/lib/thumb2\libc.a(lib_a-fvwrite.o)
 .debug_frame   0x00001084       0x54 c:/microsemi/softconsole v3.3/sourcery-g++/bin/../lib/gcc/arm-none-eabi/4.4.1/../../../../arm-none-eabi/lib/thumb2\libc.a(lib_a-fwalk.o)
 .debug_frame   0x000010d8       0x6c c:/microsemi/softconsole v3.3/sourcery-g++/bin/../lib/gcc/arm-none-eabi/4.4.1/../../../../arm-none-eabi/lib/thumb2\libc.a(lib_a-locale.o)
 .debug_frame   0x00001144       0x34 c:/microsemi/softconsole v3.3/sourcery-g++/bin/../lib/gcc/arm-none-eabi/4.4.1/../../../../arm-none-eabi/lib/thumb2\libc.a(lib_a-makebuf.o)
 .debug_frame   0x00001178       0x30 c:/microsemi/softconsole v3.3/sourcery-g++/bin/../lib/gcc/arm-none-eabi/4.4.1/../../../../arm-none-eabi/lib/thumb2\libc.a(lib_a-malloc.o)
 .debug_frame   0x000011a8       0x3c c:/microsemi/softconsole v3.3/sourcery-g++/bin/../lib/gcc/arm-none-eabi/4.4.1/../../../../arm-none-eabi/lib/thumb2\libc.a(lib_a-mallocr.o)
 .debug_frame   0x000011e4       0x28 c:/microsemi/softconsole v3.3/sourcery-g++/bin/../lib/gcc/arm-none-eabi/4.4.1/../../../../arm-none-eabi/lib/thumb2\libc.a(lib_a-memchr.o)
 .debug_frame   0x0000120c       0x34 c:/microsemi/softconsole v3.3/sourcery-g++/bin/../lib/gcc/arm-none-eabi/4.4.1/../../../../arm-none-eabi/lib/thumb2\libc.a(lib_a-memcpy.o)
 .debug_frame   0x00001240       0x2c c:/microsemi/softconsole v3.3/sourcery-g++/bin/../lib/gcc/arm-none-eabi/4.4.1/../../../../arm-none-eabi/lib/thumb2\libc.a(lib_a-memmove.o)
 .debug_frame   0x0000126c       0x30 c:/microsemi/softconsole v3.3/sourcery-g++/bin/../lib/gcc/arm-none-eabi/4.4.1/../../../../arm-none-eabi/lib/thumb2\libc.a(lib_a-mlock.o)
 .debug_frame   0x0000129c      0x240 c:/microsemi/softconsole v3.3/sourcery-g++/bin/../lib/gcc/arm-none-eabi/4.4.1/../../../../arm-none-eabi/lib/thumb2\libc.a(lib_a-mprec.o)
 .debug_frame   0x000014dc       0x3c c:/microsemi/softconsole v3.3/sourcery-g++/bin/../lib/gcc/arm-none-eabi/4.4.1/../../../../arm-none-eabi/lib/thumb2\libc.a(lib_a-reallocr.o)
 .debug_frame   0x00001518       0x20 c:/microsemi/softconsole v3.3/sourcery-g++/bin/../lib/gcc/arm-none-eabi/4.4.1/../../../../arm-none-eabi/lib/thumb2\libc.a(lib_a-s_isinfd.o)
 .debug_frame   0x00001538       0x20 c:/microsemi/softconsole v3.3/sourcery-g++/bin/../lib/gcc/arm-none-eabi/4.4.1/../../../../arm-none-eabi/lib/thumb2\libc.a(lib_a-s_isnand.o)
 .debug_frame   0x00001558       0x2c c:/microsemi/softconsole v3.3/sourcery-g++/bin/../lib/gcc/arm-none-eabi/4.4.1/../../../../arm-none-eabi/lib/thumb2\libc.a(lib_a-sbrkr.o)
 .debug_frame   0x00001584       0x70 c:/microsemi/softconsole v3.3/sourcery-g++/bin/../lib/gcc/arm-none-eabi/4.4.1/../../../../arm-none-eabi/lib/thumb2\libc.a(lib_a-stdio.o)
 .debug_frame   0x000015f4       0x30 c:/microsemi/softconsole v3.3/sourcery-g++/bin/../lib/gcc/arm-none-eabi/4.4.1/../../../../arm-none-eabi/lib/thumb2\libc.a(lib_a-strcmp.o)
 .debug_frame   0x00001624       0x2c c:/microsemi/softconsole v3.3/sourcery-g++/bin/../lib/gcc/arm-none-eabi/4.4.1/../../../../arm-none-eabi/lib/thumb2\libc.a(lib_a-callocr.o)
 .debug_frame   0x00001650       0x2c c:/microsemi/softconsole v3.3/sourcery-g++/bin/../lib/gcc/arm-none-eabi/4.4.1/../../../../arm-none-eabi/lib/thumb2\libc.a(lib_a-closer.o)
 .debug_frame   0x0000167c       0x3c c:/microsemi/softconsole v3.3/sourcery-g++/bin/../lib/gcc/arm-none-eabi/4.4.1/../../../../arm-none-eabi/lib/thumb2\libc.a(lib_a-fclose.o)
 .debug_frame   0x000016b8       0x2c c:/microsemi/softconsole v3.3/sourcery-g++/bin/../lib/gcc/arm-none-eabi/4.4.1/../../../../arm-none-eabi/lib/thumb2\libc.a(lib_a-fstatr.o)
 .debug_frame   0x000016e4       0x2c c:/microsemi/softconsole v3.3/sourcery-g++/bin/../lib/gcc/arm-none-eabi/4.4.1/../../../../arm-none-eabi/lib/thumb2\libc.a(lib_a-isattyr.o)
 .debug_frame   0x00001710       0x2c c:/microsemi/softconsole v3.3/sourcery-g++/bin/../lib/gcc/arm-none-eabi/4.4.1/../../../../arm-none-eabi/lib/thumb2\libc.a(lib_a-lseekr.o)
 .debug_frame   0x0000173c       0x2c c:/microsemi/softconsole v3.3/sourcery-g++/bin/../lib/gcc/arm-none-eabi/4.4.1/../../../../arm-none-eabi/lib/thumb2\libc.a(lib_a-readr.o)
 .debug_frame   0x00001768       0x64 c:/microsemi/softconsole v3.3/sourcery-g++/bin/../lib/gcc/arm-none-eabi/4.4.1/../../../../arm-none-eabi/lib/thumb2\libc.a(lib_a-reent.o)
 .debug_frame   0x000017cc       0x20 c:/microsemi/softconsole v3.3/sourcery-g++/bin/../lib/gcc/arm-none-eabi/4.4.1/thumb2\libgcc.a(_udivsi3.o)
 .debug_frame   0x000017ec       0x50 c:/microsemi/softconsole v3.3/sourcery-g++/bin/../lib/gcc/arm-none-eabi/4.4.1/thumb2\libgcc.a(bpabi.o)
 .debug_frame   0x0000183c       0x3c c:/microsemi/softconsole v3.3/sourcery-g++/bin/../lib/gcc/arm-none-eabi/4.4.1/thumb2\libgcc.a(_divdi3.o)
 .debug_frame   0x00001878       0x3c c:/microsemi/softconsole v3.3/sourcery-g++/bin/../lib/gcc/arm-none-eabi/4.4.1/thumb2\libgcc.a(_udivdi3.o)

.debug_str      0x00000000     0x216f
 *(.debug_str)
 .debug_str     0x00000000     0x1103 ./main.o
                               0x11a9 (size before relaxing)
 .debug_str     0x00001103      0x492 C:/Users/mtstacho/Desktop/grideye/SoftConsole/grideye_mss_MSS_CM3_0/grideye_mss_MSS_CM3_0_hw_platform/Debug/CMSIS/startup_gcc/newlib_stubs.o
                               0x10ac (size before relaxing)
 .debug_str     0x00001595      0x60b C:\Users\mtstacho\Desktop\grideye\SoftConsole\grideye_mss_MSS_CM3_0\grideye_mss_MSS_CM3_0_hw_platform\Debug\libgrideye_mss_MSS_CM3_0_hw_platform.a(mss_uart.o)
                               0x14bd (size before relaxing)
 .debug_str     0x00001ba0      0x396 C:\Users\mtstacho\Desktop\grideye\SoftConsole\grideye_mss_MSS_CM3_0\grideye_mss_MSS_CM3_0_hw_platform\Debug\libgrideye_mss_MSS_CM3_0_hw_platform.a(mss_i2c.o)
                               0x175d (size before relaxing)
 .debug_str     0x00001f36      0x142 C:\Users\mtstacho\Desktop\grideye\SoftConsole\grideye_mss_MSS_CM3_0\grideye_mss_MSS_CM3_0_hw_platform\Debug\libgrideye_mss_MSS_CM3_0_hw_platform.a(core_cm3.o)
                                0x273 (size before relaxing)
 .debug_str     0x00002078       0xf7 C:\Users\mtstacho\Desktop\grideye\SoftConsole\grideye_mss_MSS_CM3_0\grideye_mss_MSS_CM3_0_hw_platform\Debug\libgrideye_mss_MSS_CM3_0_hw_platform.a(system_a2fxxxm3.o)
                                0x460 (size before relaxing)

.debug_loc      0x00000000     0x1598
 *(.debug_loc)
 .debug_loc     0x00000000      0x115 ./main.o
 .debug_loc     0x00000115      0x3c6 C:/Users/mtstacho/Desktop/grideye/SoftConsole/grideye_mss_MSS_CM3_0/grideye_mss_MSS_CM3_0_hw_platform/Debug/CMSIS/startup_gcc/newlib_stubs.o
 .debug_loc     0x000004db      0x510 C:\Users\mtstacho\Desktop\grideye\SoftConsole\grideye_mss_MSS_CM3_0\grideye_mss_MSS_CM3_0_hw_platform\Debug\libgrideye_mss_MSS_CM3_0_hw_platform.a(mss_uart.o)
 .debug_loc     0x000009eb      0x736 C:\Users\mtstacho\Desktop\grideye\SoftConsole\grideye_mss_MSS_CM3_0\grideye_mss_MSS_CM3_0_hw_platform\Debug\libgrideye_mss_MSS_CM3_0_hw_platform.a(mss_i2c.o)
 .debug_loc     0x00001121      0x3de C:\Users\mtstacho\Desktop\grideye\SoftConsole\grideye_mss_MSS_CM3_0\grideye_mss_MSS_CM3_0_hw_platform\Debug\libgrideye_mss_MSS_CM3_0_hw_platform.a(core_cm3.o)
 .debug_loc     0x000014ff       0x99 C:\Users\mtstacho\Desktop\grideye\SoftConsole\grideye_mss_MSS_CM3_0\grideye_mss_MSS_CM3_0_hw_platform\Debug\libgrideye_mss_MSS_CM3_0_hw_platform.a(system_a2fxxxm3.o)

.debug_macinfo  0x00000000    0x2703f
 *(.debug_macinfo)
 .debug_macinfo
                0x00000000     0x8e18 ./main.o
 .debug_macinfo
                0x00008e18     0x9965 C:/Users/mtstacho/Desktop/grideye/SoftConsole/grideye_mss_MSS_CM3_0/grideye_mss_MSS_CM3_0_hw_platform/Debug/CMSIS/startup_gcc/newlib_stubs.o
 .debug_macinfo
                0x0001277d     0x63e4 C:\Users\mtstacho\Desktop\grideye\SoftConsole\grideye_mss_MSS_CM3_0\grideye_mss_MSS_CM3_0_hw_platform\Debug\libgrideye_mss_MSS_CM3_0_hw_platform.a(mss_uart.o)
 .debug_macinfo
                0x00018b61     0x7519 C:\Users\mtstacho\Desktop\grideye\SoftConsole\grideye_mss_MSS_CM3_0\grideye_mss_MSS_CM3_0_hw_platform\Debug\libgrideye_mss_MSS_CM3_0_hw_platform.a(mss_i2c.o)
 .debug_macinfo
                0x0002007a     0x152c C:\Users\mtstacho\Desktop\grideye\SoftConsole\grideye_mss_MSS_CM3_0\grideye_mss_MSS_CM3_0_hw_platform\Debug\libgrideye_mss_MSS_CM3_0_hw_platform.a(core_cm3.o)
 .debug_macinfo
                0x000215a6     0x5a99 C:\Users\mtstacho\Desktop\grideye\SoftConsole\grideye_mss_MSS_CM3_0\grideye_mss_MSS_CM3_0_hw_platform\Debug\libgrideye_mss_MSS_CM3_0_hw_platform.a(system_a2fxxxm3.o)

.debug_weaknames
 *(.debug_weaknames)

.debug_funcnames
 *(.debug_funcnames)

.debug_typenames
 *(.debug_typenames)

.debug_varnames
 *(.debug_varnames)

.note.gnu.arm.ident
 *(.note.gnu.arm.ident)

.ARM.attributes
                0x00000000       0x25
 *(.ARM.attributes)
 .ARM.attributes
                0x00000000       0x19 c:/microsemi/softconsole v3.3/sourcery-g++/bin/../lib/gcc/arm-none-eabi/4.4.1/thumb2/crti.o
 .ARM.attributes
                0x00000019       0x29 c:/microsemi/softconsole v3.3/sourcery-g++/bin/../lib/gcc/arm-none-eabi/4.4.1/thumb2/crtbegin.o
 .ARM.attributes
                0x00000042       0x31 ./main.o
 .ARM.attributes
                0x00000073       0x21 C:/Users/mtstacho/Desktop/grideye/SoftConsole/grideye_mss_MSS_CM3_0/grideye_mss_MSS_CM3_0_hw_platform/Debug/CMSIS/startup_gcc/startup_a2fxxxm3.o
 .ARM.attributes
                0x00000094       0x31 C:/Users/mtstacho/Desktop/grideye/SoftConsole/grideye_mss_MSS_CM3_0/grideye_mss_MSS_CM3_0_hw_platform/Debug/CMSIS/startup_gcc/newlib_stubs.o
 .ARM.attributes
                0x000000c5       0x31 C:\Users\mtstacho\Desktop\grideye\SoftConsole\grideye_mss_MSS_CM3_0\grideye_mss_MSS_CM3_0_hw_platform\Debug\libgrideye_mss_MSS_CM3_0_hw_platform.a(mss_uart.o)
 .ARM.attributes
                0x000000f6       0x31 C:\Users\mtstacho\Desktop\grideye\SoftConsole\grideye_mss_MSS_CM3_0\grideye_mss_MSS_CM3_0_hw_platform\Debug\libgrideye_mss_MSS_CM3_0_hw_platform.a(mss_i2c.o)
 .ARM.attributes
                0x00000127       0x31 C:\Users\mtstacho\Desktop\grideye\SoftConsole\grideye_mss_MSS_CM3_0\grideye_mss_MSS_CM3_0_hw_platform\Debug\libgrideye_mss_MSS_CM3_0_hw_platform.a(core_cm3.o)
 .ARM.attributes
                0x00000158       0x31 C:\Users\mtstacho\Desktop\grideye\SoftConsole\grideye_mss_MSS_CM3_0\grideye_mss_MSS_CM3_0_hw_platform\Debug\libgrideye_mss_MSS_CM3_0_hw_platform.a(system_a2fxxxm3.o)
 .ARM.attributes
                0x00000189       0x1b c:/microsemi/softconsole v3.3/sourcery-g++/bin/../lib/gcc/arm-none-eabi/4.4.1/thumb2\libgcc.a(_arm_addsubsf3.o)
 .ARM.attributes
                0x000001a4       0x1b c:/microsemi/softconsole v3.3/sourcery-g++/bin/../lib/gcc/arm-none-eabi/4.4.1/thumb2\libgcc.a(_arm_muldivsf3.o)
 .ARM.attributes
                0x000001bf       0x1b c:/microsemi/softconsole v3.3/sourcery-g++/bin/../lib/gcc/arm-none-eabi/4.4.1/thumb2\libgcc.a(_arm_cmpsf2.o)
 .ARM.attributes
                0x000001da       0x29 c:/microsemi/softconsole v3.3/sourcery-g++/bin/../lib/gcc/arm-none-eabi/4.4.1/../../../../arm-none-eabi/lib/thumb2\libc.a(lib_a-errno.o)
 .ARM.attributes
                0x00000203       0x29 c:/microsemi/softconsole v3.3/sourcery-g++/bin/../lib/gcc/arm-none-eabi/4.4.1/../../../../arm-none-eabi/lib/thumb2\libc.a(lib_a-impure.o)
 .ARM.attributes
                0x0000022c       0x29 c:/microsemi/softconsole v3.3/sourcery-g++/bin/../lib/gcc/arm-none-eabi/4.4.1/../../../../arm-none-eabi/lib/thumb2\libc.a(lib_a-init.o)
 .ARM.attributes
                0x00000255       0x29 c:/microsemi/softconsole v3.3/sourcery-g++/bin/../lib/gcc/arm-none-eabi/4.4.1/../../../../arm-none-eabi/lib/thumb2\libc.a(lib_a-memset.o)
 .ARM.attributes
                0x0000027e       0x29 c:/microsemi/softconsole v3.3/sourcery-g++/bin/../lib/gcc/arm-none-eabi/4.4.1/../../../../arm-none-eabi/lib/thumb2\libc.a(lib_a-printf.o)
 .ARM.attributes
                0x000002a7       0x29 c:/microsemi/softconsole v3.3/sourcery-g++/bin/../lib/gcc/arm-none-eabi/4.4.1/../../../../arm-none-eabi/lib/thumb2\libc.a(lib_a-puts.o)
 .ARM.attributes
                0x000002d0       0x29 c:/microsemi/softconsole v3.3/sourcery-g++/bin/../lib/gcc/arm-none-eabi/4.4.1/../../../../arm-none-eabi/lib/thumb2\libc.a(lib_a-strlen.o)
 .ARM.attributes
                0x000002f9       0x29 c:/microsemi/softconsole v3.3/sourcery-g++/bin/../lib/gcc/arm-none-eabi/4.4.1/../../../../arm-none-eabi/lib/thumb2\libc.a(lib_a-vfprintf.o)
 .ARM.attributes
                0x00000322       0x29 c:/microsemi/softconsole v3.3/sourcery-g++/bin/../lib/gcc/arm-none-eabi/4.4.1/../../../../arm-none-eabi/lib/thumb2\libc.a(lib_a-wsetup.o)
 .ARM.attributes
                0x0000034b       0x29 c:/microsemi/softconsole v3.3/sourcery-g++/bin/../lib/gcc/arm-none-eabi/4.4.1/../../../../arm-none-eabi/lib/thumb2\libc.a(lib_a-dtoa.o)
 .ARM.attributes
                0x00000374       0x29 c:/microsemi/softconsole v3.3/sourcery-g++/bin/../lib/gcc/arm-none-eabi/4.4.1/../../../../arm-none-eabi/lib/thumb2\libc.a(lib_a-fflush.o)
 .ARM.attributes
                0x0000039d       0x29 c:/microsemi/softconsole v3.3/sourcery-g++/bin/../lib/gcc/arm-none-eabi/4.4.1/../../../../arm-none-eabi/lib/thumb2\libc.a(lib_a-findfp.o)
 .ARM.attributes
                0x000003c6       0x29 c:/microsemi/softconsole v3.3/sourcery-g++/bin/../lib/gcc/arm-none-eabi/4.4.1/../../../../arm-none-eabi/lib/thumb2\libc.a(lib_a-freer.o)
 .ARM.attributes
                0x000003ef       0x29 c:/microsemi/softconsole v3.3/sourcery-g++/bin/../lib/gcc/arm-none-eabi/4.4.1/../../../../arm-none-eabi/lib/thumb2\libc.a(lib_a-fvwrite.o)
 .ARM.attributes
                0x00000418       0x29 c:/microsemi/softconsole v3.3/sourcery-g++/bin/../lib/gcc/arm-none-eabi/4.4.1/../../../../arm-none-eabi/lib/thumb2\libc.a(lib_a-fwalk.o)
 .ARM.attributes
                0x00000441       0x29 c:/microsemi/softconsole v3.3/sourcery-g++/bin/../lib/gcc/arm-none-eabi/4.4.1/../../../../arm-none-eabi/lib/thumb2\libc.a(lib_a-locale.o)
 .ARM.attributes
                0x0000046a       0x29 c:/microsemi/softconsole v3.3/sourcery-g++/bin/../lib/gcc/arm-none-eabi/4.4.1/../../../../arm-none-eabi/lib/thumb2\libc.a(lib_a-makebuf.o)
 .ARM.attributes
                0x00000493       0x29 c:/microsemi/softconsole v3.3/sourcery-g++/bin/../lib/gcc/arm-none-eabi/4.4.1/../../../../arm-none-eabi/lib/thumb2\libc.a(lib_a-malloc.o)
 .ARM.attributes
                0x000004bc       0x29 c:/microsemi/softconsole v3.3/sourcery-g++/bin/../lib/gcc/arm-none-eabi/4.4.1/../../../../arm-none-eabi/lib/thumb2\libc.a(lib_a-mallocr.o)
 .ARM.attributes
                0x000004e5       0x29 c:/microsemi/softconsole v3.3/sourcery-g++/bin/../lib/gcc/arm-none-eabi/4.4.1/../../../../arm-none-eabi/lib/thumb2\libc.a(lib_a-memchr.o)
 .ARM.attributes
                0x0000050e       0x29 c:/microsemi/softconsole v3.3/sourcery-g++/bin/../lib/gcc/arm-none-eabi/4.4.1/../../../../arm-none-eabi/lib/thumb2\libc.a(lib_a-memcpy.o)
 .ARM.attributes
                0x00000537       0x29 c:/microsemi/softconsole v3.3/sourcery-g++/bin/../lib/gcc/arm-none-eabi/4.4.1/../../../../arm-none-eabi/lib/thumb2\libc.a(lib_a-memmove.o)
 .ARM.attributes
                0x00000560       0x29 c:/microsemi/softconsole v3.3/sourcery-g++/bin/../lib/gcc/arm-none-eabi/4.4.1/../../../../arm-none-eabi/lib/thumb2\libc.a(lib_a-mlock.o)
 .ARM.attributes
                0x00000589       0x29 c:/microsemi/softconsole v3.3/sourcery-g++/bin/../lib/gcc/arm-none-eabi/4.4.1/../../../../arm-none-eabi/lib/thumb2\libc.a(lib_a-mprec.o)
 .ARM.attributes
                0x000005b2       0x29 c:/microsemi/softconsole v3.3/sourcery-g++/bin/../lib/gcc/arm-none-eabi/4.4.1/../../../../arm-none-eabi/lib/thumb2\libc.a(lib_a-reallocr.o)
 .ARM.attributes
                0x000005db       0x29 c:/microsemi/softconsole v3.3/sourcery-g++/bin/../lib/gcc/arm-none-eabi/4.4.1/../../../../arm-none-eabi/lib/thumb2\libc.a(lib_a-s_isinfd.o)
 .ARM.attributes
                0x00000604       0x29 c:/microsemi/softconsole v3.3/sourcery-g++/bin/../lib/gcc/arm-none-eabi/4.4.1/../../../../arm-none-eabi/lib/thumb2\libc.a(lib_a-s_isnand.o)
 .ARM.attributes
                0x0000062d       0x29 c:/microsemi/softconsole v3.3/sourcery-g++/bin/../lib/gcc/arm-none-eabi/4.4.1/../../../../arm-none-eabi/lib/thumb2\libc.a(lib_a-sbrkr.o)
 .ARM.attributes
                0x00000656       0x29 c:/microsemi/softconsole v3.3/sourcery-g++/bin/../lib/gcc/arm-none-eabi/4.4.1/../../../../arm-none-eabi/lib/thumb2\libc.a(lib_a-stdio.o)
 .ARM.attributes
                0x0000067f       0x29 c:/microsemi/softconsole v3.3/sourcery-g++/bin/../lib/gcc/arm-none-eabi/4.4.1/../../../../arm-none-eabi/lib/thumb2\libc.a(lib_a-strcmp.o)
 .ARM.attributes
                0x000006a8       0x29 c:/microsemi/softconsole v3.3/sourcery-g++/bin/../lib/gcc/arm-none-eabi/4.4.1/../../../../arm-none-eabi/lib/thumb2\libc.a(lib_a-callocr.o)
 .ARM.attributes
                0x000006d1       0x29 c:/microsemi/softconsole v3.3/sourcery-g++/bin/../lib/gcc/arm-none-eabi/4.4.1/../../../../arm-none-eabi/lib/thumb2\libc.a(lib_a-closer.o)
 .ARM.attributes
                0x000006fa       0x29 c:/microsemi/softconsole v3.3/sourcery-g++/bin/../lib/gcc/arm-none-eabi/4.4.1/../../../../arm-none-eabi/lib/thumb2\libc.a(lib_a-fclose.o)
 .ARM.attributes
                0x00000723       0x29 c:/microsemi/softconsole v3.3/sourcery-g++/bin/../lib/gcc/arm-none-eabi/4.4.1/../../../../arm-none-eabi/lib/thumb2\libc.a(lib_a-fstatr.o)
 .ARM.attributes
                0x0000074c       0x29 c:/microsemi/softconsole v3.3/sourcery-g++/bin/../lib/gcc/arm-none-eabi/4.4.1/../../../../arm-none-eabi/lib/thumb2\libc.a(lib_a-isattyr.o)
 .ARM.attributes
                0x00000775       0x29 c:/microsemi/softconsole v3.3/sourcery-g++/bin/../lib/gcc/arm-none-eabi/4.4.1/../../../../arm-none-eabi/lib/thumb2\libc.a(lib_a-lseekr.o)
 .ARM.attributes
                0x0000079e       0x29 c:/microsemi/softconsole v3.3/sourcery-g++/bin/../lib/gcc/arm-none-eabi/4.4.1/../../../../arm-none-eabi/lib/thumb2\libc.a(lib_a-readr.o)
 .ARM.attributes
                0x000007c7       0x29 c:/microsemi/softconsole v3.3/sourcery-g++/bin/../lib/gcc/arm-none-eabi/4.4.1/../../../../arm-none-eabi/lib/thumb2\libc.a(lib_a-reent.o)
 .ARM.attributes
                0x000007f0       0x1b c:/microsemi/softconsole v3.3/sourcery-g++/bin/../lib/gcc/arm-none-eabi/4.4.1/thumb2\libgcc.a(_udivsi3.o)
 .ARM.attributes
                0x0000080b       0x1b c:/microsemi/softconsole v3.3/sourcery-g++/bin/../lib/gcc/arm-none-eabi/4.4.1/thumb2\libgcc.a(_dvmd_tls.o)
 .ARM.attributes
                0x00000826       0x1b c:/microsemi/softconsole v3.3/sourcery-g++/bin/../lib/gcc/arm-none-eabi/4.4.1/thumb2\libgcc.a(_arm_addsubdf3.o)
 .ARM.attributes
                0x00000841       0x1b c:/microsemi/softconsole v3.3/sourcery-g++/bin/../lib/gcc/arm-none-eabi/4.4.1/thumb2\libgcc.a(_arm_muldivdf3.o)
 .ARM.attributes
                0x0000085c       0x1b c:/microsemi/softconsole v3.3/sourcery-g++/bin/../lib/gcc/arm-none-eabi/4.4.1/thumb2\libgcc.a(_arm_cmpdf2.o)
 .ARM.attributes
                0x00000877       0x1b c:/microsemi/softconsole v3.3/sourcery-g++/bin/../lib/gcc/arm-none-eabi/4.4.1/thumb2\libgcc.a(_arm_fixdfsi.o)
 .ARM.attributes
                0x00000892       0x1b c:/microsemi/softconsole v3.3/sourcery-g++/bin/../lib/gcc/arm-none-eabi/4.4.1/thumb2\libgcc.a(_aeabi_uldivmod.o)
 .ARM.attributes
                0x000008ad       0x29 c:/microsemi/softconsole v3.3/sourcery-g++/bin/../lib/gcc/arm-none-eabi/4.4.1/thumb2\libgcc.a(bpabi.o)
 .ARM.attributes
                0x000008d6       0x29 c:/microsemi/softconsole v3.3/sourcery-g++/bin/../lib/gcc/arm-none-eabi/4.4.1/thumb2\libgcc.a(_divdi3.o)
 .ARM.attributes
                0x000008ff       0x29 c:/microsemi/softconsole v3.3/sourcery-g++/bin/../lib/gcc/arm-none-eabi/4.4.1/thumb2\libgcc.a(_udivdi3.o)
 .ARM.attributes
                0x00000928       0x29 c:/microsemi/softconsole v3.3/sourcery-g++/bin/../lib/gcc/arm-none-eabi/4.4.1/thumb2/crtend.o
 .ARM.attributes
                0x00000951       0x19 c:/microsemi/softconsole v3.3/sourcery-g++/bin/../lib/gcc/arm-none-eabi/4.4.1/thumb2/crtn.o

/DISCARD/
 *(.note.GNU-stack)
 *(.isr_vector)
OUTPUT(grideye_mss_MSS_CM3_0_app elf32-littlearm)

.debug_ranges   0x00000000      0x3c8
 .debug_ranges  0x00000000       0x38 ./main.o
 .debug_ranges  0x00000038       0xa0 C:/Users/mtstacho/Desktop/grideye/SoftConsole/grideye_mss_MSS_CM3_0/grideye_mss_MSS_CM3_0_hw_platform/Debug/CMSIS/startup_gcc/newlib_stubs.o
 .debug_ranges  0x000000d8       0xd0 C:\Users\mtstacho\Desktop\grideye\SoftConsole\grideye_mss_MSS_CM3_0\grideye_mss_MSS_CM3_0_hw_platform\Debug\libgrideye_mss_MSS_CM3_0_hw_platform.a(mss_uart.o)
 .debug_ranges  0x000001a8      0x138 C:\Users\mtstacho\Desktop\grideye\SoftConsole\grideye_mss_MSS_CM3_0\grideye_mss_MSS_CM3_0_hw_platform\Debug\libgrideye_mss_MSS_CM3_0_hw_platform.a(mss_i2c.o)
 .debug_ranges  0x000002e0       0xc0 C:\Users\mtstacho\Desktop\grideye\SoftConsole\grideye_mss_MSS_CM3_0\grideye_mss_MSS_CM3_0_hw_platform\Debug\libgrideye_mss_MSS_CM3_0_hw_platform.a(core_cm3.o)
 .debug_ranges  0x000003a0       0x28 C:\Users\mtstacho\Desktop\grideye\SoftConsole\grideye_mss_MSS_CM3_0\grideye_mss_MSS_CM3_0_hw_platform\Debug\libgrideye_mss_MSS_CM3_0_hw_platform.a(system_a2fxxxm3.o)
